<?xml version="1.0" encoding="UTF-8"?>
<mapping version="1.2">
   <components>
      <component kind="scs" location="{caAdapter_Home}\components\hl7Transformation\test\data\Transformation\Functions\addition\150003.scs" type="source"/>
      <component kind="h3s" location="{caAdapter_Home}\components\hl7Transformation\test\data\Transformation\Functions\addition\150003.h3s" type="target"/>
      <component group="math" kind="core" name="Addition" type="function" id="10"/>
   </components>
   <links>
      <link>
         <source>
            <linkpointer kind="scs" xmlPath="ORGS.ORGAD.Zip_Code"/>
         </source>
         <target>
            <linkpointer kind="function" xmlPath="function.10.inputs.0"/>
         </target>
      </link>
      <link>
         <source>
            <linkpointer kind="scs" xmlPath="ORGS.PERSAD.Zip_Code"/>
         </source>
         <target>
            <linkpointer kind="function" xmlPath="function.10.inputs.1"/>
         </target>
      </link>
      <link>
         <source>
            <linkpointer kind="function" xmlPath="function.10.outputs.0"/>
         </source>
         <target>
            <linkpointer kind="h3s" xmlPath="Organization.id00.extension"/>
         </target>
      </link>
   </links>
   <views>
      <view component-id="source.scs.0" height="0" width="0" x="0" y="0"/>
      <view component-id="target.h3s.0" height="0" width="0" x="0" y="0"/>
      <view component-id="function.10" height="67" width="79" x="120" y="78"/>
   </views>
</mapping>