<?xml version="1.0" encoding="UTF-8"?>
<mapping version="1.2">
   <components>
      <component kind="scs" location="{caAdapter_Home}\components\hl7Transformation\test\data\Transformation\Functions\string\150003.scs" type="source"/>
      <component kind="h3s" location="{caAdapter_Home}\components\hl7Transformation\test\data\Transformation\Functions\string\150003.h3s" type="target"/>
      <component group="string" kind="core" name="Replace" type="function" id="18"/>
      <component group="string" kind="core" name="Length" type="function" id="16"/>
      <component group="constant" kind="core" name="constant" type="function" id="14">
         <data type="Integer" value="5"/>
      </component>
      <component group="string" kind="core" name="Split" type="function" id="17"/>
      <component group="constant" kind="core" name="constant" type="function" id="19">
         <data type="Integer" value="1"/>
      </component>
      <component group="string" kind="core" name="Substring" type="function" id="15"/>
      <component group="constant" kind="core" name="constant" type="function" id="20">
         <data type="Integer" value="2"/>
      </component>
      <component group="string" kind="core" name="Lower" type="function" id="29"/>
      <component group="string" kind="core" name="Initcap" type="function" id="28"/>
      <component group="string" kind="core" name="Upper" type="function" id="30"/>
   </components>
   <links>
      <link>
         <source>
            <linkpointer kind="scs" xmlPath="ORGS.ORGID.Root"/>
         </source>
         <target>
            <linkpointer kind="function" xmlPath="function.17.inputs.0"/>
         </target>
      </link>
      <link>
         <source>
            <linkpointer kind="function" xmlPath="function.20.outputs.0"/>
         </source>
         <target>
            <linkpointer kind="function" xmlPath="function.17.inputs.1"/>
         </target>
      </link>
      <link>
         <source>
            <linkpointer kind="function" xmlPath="function.17.outputs.0"/>
         </source>
         <target>
            <linkpointer kind="h3s" xmlPath="Organization.id00.assigningAuthorityName"/>
         </target>
      </link>
      <link>
         <source>
            <linkpointer kind="function" xmlPath="function.17.outputs.1"/>
         </source>
         <target>
            <linkpointer kind="h3s" xmlPath="Organization.id00.extension"/>
         </target>
      </link>
      <link>
         <source>
            <linkpointer kind="scs" xmlPath="ORGS.ORGID.Root"/>
         </source>
         <target>
            <linkpointer kind="function" xmlPath="function.16.inputs.0"/>
         </target>
      </link>
      <link>
         <source>
            <linkpointer kind="function" xmlPath="function.16.outputs.0"/>
         </source>
         <target>
            <linkpointer kind="h3s" xmlPath="Organization.id00.displayable"/>
         </target>
      </link>
      <link>
         <source>
            <linkpointer kind="scs" xmlPath="ORGS.ORGID.Root"/>
         </source>
         <target>
            <linkpointer kind="function" xmlPath="function.15.inputs.0"/>
         </target>
      </link>
      <link>
         <source>
            <linkpointer kind="function" xmlPath="function.19.outputs.0"/>
         </source>
         <target>
            <linkpointer kind="function" xmlPath="function.15.inputs.1"/>
         </target>
      </link>
      <link>
         <source>
            <linkpointer kind="function" xmlPath="function.14.outputs.0"/>
         </source>
         <target>
            <linkpointer kind="function" xmlPath="function.15.inputs.2"/>
         </target>
      </link>
      <link>
         <source>
            <linkpointer kind="function" xmlPath="function.15.outputs.0"/>
         </source>
         <target>
            <linkpointer kind="h3s" xmlPath="Organization.id00.root"/>
         </target>
      </link>
      <link>
         <source>
            <linkpointer kind="scs" xmlPath="ORGS.ORGNM.Name"/>
         </source>
         <target>
            <linkpointer kind="function" xmlPath="function.18.inputs.0"/>
         </target>
      </link>
      <link>
         <source>
            <linkpointer kind="scs" xmlPath="ORGS.ORGNM.Name"/>
         </source>
         <target>
            <linkpointer kind="function" xmlPath="function.18.inputs.1"/>
         </target>
      </link>
      <link>
         <source>
            <linkpointer kind="scs" xmlPath="ORGS.ORGNM.Name"/>
         </source>
         <target>
            <linkpointer kind="function" xmlPath="function.18.inputs.2"/>
         </target>
      </link>
      <link>
         <source>
            <linkpointer kind="function" xmlPath="function.18.outputs.0"/>
         </source>
         <target>
            <linkpointer kind="h3s" xmlPath="Organization.code.codeSystem"/>
         </target>
      </link>
      <link>
         <source>
            <linkpointer kind="scs" xmlPath="ORGS.PERSAD.City"/>
         </source>
         <target>
            <linkpointer kind="function" xmlPath="function.30.inputs.0"/>
         </target>
      </link>
      <link>
         <source>
            <linkpointer kind="function" xmlPath="function.30.outputs.0"/>
         </source>
         <target>
            <linkpointer kind="h3s" xmlPath="Organization.contactParty00.id00.assigningAuthorityName"/>
         </target>
      </link>
      <link>
         <source>
            <linkpointer kind="scs" xmlPath="ORGS.PERSAD.City"/>
         </source>
         <target>
            <linkpointer kind="function" xmlPath="function.29.inputs.0"/>
         </target>
      </link>
      <link>
         <source>
            <linkpointer kind="function" xmlPath="function.29.outputs.0"/>
         </source>
         <target>
            <linkpointer kind="h3s" xmlPath="Organization.contactParty00.id00.extension"/>
         </target>
      </link>
      <link>
         <source>
            <linkpointer kind="scs" xmlPath="ORGS.PERSAD.City"/>
         </source>
         <target>
            <linkpointer kind="function" xmlPath="function.28.inputs.0"/>
         </target>
      </link>
      <link>
         <source>
            <linkpointer kind="function" xmlPath="function.28.outputs.0"/>
         </source>
         <target>
            <linkpointer kind="h3s" xmlPath="Organization.contactParty00.id00.displayable"/>
         </target>
      </link>
   </links>
   <views>
      <view component-id="source.scs.0" height="0" width="0" x="0" y="0"/>
      <view component-id="target.h3s.0" height="0" width="0" x="0" y="0"/>
      <view component-id="function.18" height="91" width="97" x="192" y="252"/>
      <view component-id="function.16" height="49" width="85" x="186" y="72"/>
      <view component-id="function.14" height="43" width="109" x="6" y="192"/>
      <view component-id="function.17" height="67" width="97" x="180" y="0"/>
      <view component-id="function.19" height="43" width="109" x="12" y="138"/>
      <view component-id="function.15" height="91" width="97" x="198" y="132"/>
      <view component-id="function.20" height="43" width="109" x="12" y="0"/>
      <view component-id="function.29" height="49" width="85" x="60" y="348"/>
      <view component-id="function.28" height="49" width="85" x="132" y="420"/>
      <view component-id="function.30" height="49" width="85" x="198" y="354"/>
   </views>
</mapping>