<?xml version="1.0" encoding="UTF-8"?>
<mapping version="1.2">
   <components>
      <component kind="scs" location="{caAdapter_Home}\workingspace\v2v3Mapping\ADT_A03.scs" type="source"/>
      <component kind="h3s" location="{caAdapter_Home}\workingspace\v2v3Mapping\PRPA_MT402003.h3s" type="target"/>
      <component group="constant" kind="core" name="constant" type="function" id="0">
         <data type="String" value="completed"/>
      </component>
      <component group="constant" kind="core" name="constant" type="function" id="1">
         <data type="String" value="2.16.840.1.113883.11.13953"/>
      </component>
      <component group="constant" kind="core" name="constant" type="function" id="2">
         <data type="String" value="ActCode"/>
      </component>
      <component group="constant" kind="core" name="constant" type="function" id="3">
         <data type="String" value="IMP"/>
      </component>
      <component group="constant" kind="core" name="constant" type="function" id="6">
         <data type="String" value="2.16.840.1.113883.11.16228"/>
      </component>
      <component group="constant" kind="core" name="constant" type="function" id="7">
         <data type="String" value="2.16.840.1.113883.11.19457"/>
      </component>
      <component group="constant" kind="core" name="constant" type="function" id="9">
         <data type="String" value="ObservationDiagnosisTypes"/>
      </component>
      <component group="constant" kind="core" name="constant" type="function" id="5">
         <data type="String" value="2.16.840.1.113883.12.112"/>
      </component>
      <component group="constant" kind="core" name="constant" type="function" id="12">
         <data type="String" value="false"/>
      </component>
      <component group="vocabulary" kind="core" name="translateValue" type="function" id="11">
         <data type="VOM_File_Local" value="{caAdapter_Home}\workingspace\v2v3Mapping\A03_TO_402003.vom?@AdmissionType"/>
      </component>
      <component group="constant" kind="core" name="constant" type="function" id="13">
         <data type="String" value="Discharge disposition"/>
      </component>
      <component group="constant" kind="core" name="constant" type="function" id="4">
         <data type="String" value="x_EncounterAdmissionUrgency"/>
      </component>
      <component group="vocabulary" kind="core" name="translateValue" type="function" id="10">
         <data type="VOM_File_Local" value="{caAdapter_Home}\workingspace\v2v3Mapping\A03_TO_402003.vom?@DiagnosisType"/>
      </component>
      <component group="constant" kind="core" name="constant" type="function" id="8">
         <data type="String" value="completed"/>
      </component>
      <component group="constant" kind="core" name="constant" type="function" id="14">
         <data type="String" value="2.16.840.1.113883.13.1546"/>
      </component>
      <component group="constant" kind="core" name="constant" type="function" id="15">
         <data type="String" value="123-321"/>
      </component>
      <component group="constant" kind="core" name="constant" type="function" id="22">
         <data type="String" value="2.16.840.1.113883.13.1637"/>
      </component>
      <component group="vocabulary" kind="core" name="translateValue" type="function" id="16">
         <data type="VOM_File_Local" value="{caAdapter_Home}\workingspace\v2v3Mapping\A03_TO_402003.vom?@DiseaseCodingSystemCodeName"/>
      </component>
      <component group="vocabulary" kind="core" name="translateValue" type="function" id="24">
         <data type="VOM_File_Local" value="{caAdapter_Home}\workingspace\v2v3Mapping\A03_TO_402003.vom?@DiseaseCodingSystemOID"/>
      </component>
      <component group="vocabulary" kind="core" name="translateValue" type="function" id="18">
         <data type="VOM_File_Local" value="{caAdapter_Home}\workingspace\v2v3Mapping\A03_TO_402003.vom?@DiseaseCodingSystemCodeName"/>
      </component>
      <component group="constant" kind="core" name="constant" type="function" id="23">
         <data type="String" value="2.16.840.1.113883.13.1546"/>
      </component>
      <component group="constant" kind="core" name="constant" type="function" id="25">
         <data type="String" value="DISDX"/>
      </component>
      <component group="constant" kind="core" name="constant" type="function" id="19">
         <data type="String" value="2.16.840.1.113883.13.1654"/>
      </component>
      <component group="constant" kind="core" name="constant" type="function" id="21">
         <data type="String" value="completed"/>
      </component>
      <component group="constant" kind="core" name="constant" type="function" id="17">
         <data type="String" value="2.16.840.1.113883.11.16228"/>
      </component>
      <component group="vocabulary" kind="core" name="translateValue" type="function" id="20">
         <data type="VOM_File_Local" value="{caAdapter_Home}\workingspace\v2v3Mapping\A03_TO_402003.vom?@DiseaseCodingSystemOID"/>
      </component>
   </components>
   <links>
      <link>
         <source>
            <linkpointer kind="scs" xmlPath="ADT_A03.PID.PID3_CX_PATIENT_IDENTIFIER_LIST.C1_ST_ID"/>
         </source>
         <target>
            <linkpointer kind="h3s" xmlPath="EncounterEvent.id00.extension"/>
         </target>
      </link>
      <link>
         <source>
            <linkpointer kind="scs" xmlPath="ADT_A03.PID.PID3_CX_PATIENT_IDENTIFIER_LIST.C4_ZHD1_assigning_authority_S2_ST_universal_ID"/>
         </source>
         <target>
            <linkpointer kind="h3s" xmlPath="EncounterEvent.id00.root"/>
         </target>
      </link>
      <link>
         <source>
            <linkpointer kind="scs" xmlPath="ADT_A03.PID.PID3_CX_PATIENT_IDENTIFIER_LIST.C4_ZHD1_assigning_authority_S1_IS_namespace_ID"/>
         </source>
         <target>
            <linkpointer kind="h3s" xmlPath="EncounterEvent.id00.assigningAuthorityName"/>
         </target>
      </link>
      <link>
         <source>
            <linkpointer kind="function" xmlPath="function.2.outputs.0"/>
         </source>
         <target>
            <linkpointer kind="h3s" xmlPath="EncounterEvent.code.codeSystemName"/>
         </target>
      </link>
      <link>
         <source>
            <linkpointer kind="function" xmlPath="function.1.outputs.0"/>
         </source>
         <target>
            <linkpointer kind="h3s" xmlPath="EncounterEvent.code.codeSystem"/>
         </target>
      </link>
      <link>
         <source>
            <linkpointer kind="function" xmlPath="function.3.outputs.0"/>
         </source>
         <target>
            <linkpointer kind="h3s" xmlPath="EncounterEvent.code.code"/>
         </target>
      </link>
      <link>
         <source>
            <linkpointer kind="function" xmlPath="function.0.outputs.0"/>
         </source>
         <target>
            <linkpointer kind="h3s" xmlPath="EncounterEvent.statusCode.code"/>
         </target>
      </link>
      <link>
         <source>
            <linkpointer kind="scs" xmlPath="ADT_A03.PV1.PV145_TS_DISCHARGE_DATE_TIME.Discharge_Date_Time"/>
         </source>
         <target>
            <linkpointer kind="h3s" xmlPath="EncounterEvent.effectiveTime.value"/>
         </target>
      </link>
      <link>
         <source>
            <linkpointer kind="scs" xmlPath="ADT_A03.PV1.PV144_TS_ADMIT_DATE_TIME.Admit_Date_Time"/>
         </source>
         <target>
            <linkpointer kind="h3s" xmlPath="EncounterEvent.activityTime.value"/>
         </target>
      </link>
      <link>
         <source>
            <linkpointer kind="function" xmlPath="function.11.outputs.0"/>
         </source>
         <target>
            <linkpointer kind="h3s" xmlPath="EncounterEvent.priorityCode00.code"/>
         </target>
      </link>
      <link>
         <source>
            <linkpointer kind="scs" xmlPath="ADT_A03.PV1.PV14_IS_ADMISSION_TYPE.Admission_Type"/>
         </source>
         <target>
            <linkpointer kind="function" xmlPath="function.11.inputs.0"/>
         </target>
      </link>
      <link>
         <source>
            <linkpointer kind="function" xmlPath="function.7.outputs.0"/>
         </source>
         <target>
            <linkpointer kind="h3s" xmlPath="EncounterEvent.priorityCode00.codeSystem"/>
         </target>
      </link>
      <link>
         <source>
            <linkpointer kind="function" xmlPath="function.4.outputs.0"/>
         </source>
         <target>
            <linkpointer kind="h3s" xmlPath="EncounterEvent.priorityCode00.codeSystemName"/>
         </target>
      </link>
      <link>
         <source>
            <linkpointer kind="scs" xmlPath="ADT_A03.PV1.PV136_IS_DISCHARGE_DISPOSITION.Discharge_Disposition"/>
         </source>
         <target>
            <linkpointer kind="h3s" xmlPath="EncounterEvent.dischargeDispositionCode.code"/>
         </target>
      </link>
      <link>
         <source>
            <linkpointer kind="function" xmlPath="function.5.outputs.0"/>
         </source>
         <target>
            <linkpointer kind="h3s" xmlPath="EncounterEvent.dischargeDispositionCode.codeSystem"/>
         </target>
      </link>
      <link>
         <source>
            <linkpointer kind="function" xmlPath="function.13.outputs.0"/>
         </source>
         <target>
            <linkpointer kind="h3s" xmlPath="EncounterEvent.dischargeDispositionCode.codeSystemName"/>
         </target>
      </link>
      <link>
         <source>
            <linkpointer kind="scs" xmlPath="ADT_A03.PID.PID3_CX_PATIENT_IDENTIFIER_LIST.C1_ST_ID"/>
         </source>
         <target>
            <linkpointer kind="h3s" xmlPath="EncounterEvent.subject.patient00.id00.extension"/>
         </target>
      </link>
      <link>
         <source>
            <linkpointer kind="scs" xmlPath="ADT_A03.PID.PID3_CX_PATIENT_IDENTIFIER_LIST.C4_ZHD1_assigning_authority_S2_ST_universal_ID"/>
         </source>
         <target>
            <linkpointer kind="h3s" xmlPath="EncounterEvent.subject.patient00.id00.root"/>
         </target>
      </link>
      <link>
         <source>
            <linkpointer kind="scs" xmlPath="ADT_A03.PID.PID3_CX_PATIENT_IDENTIFIER_LIST.C4_ZHD1_assigning_authority_S1_IS_namespace_ID"/>
         </source>
         <target>
            <linkpointer kind="h3s" xmlPath="EncounterEvent.subject.patient00.id00.assigningAuthorityName"/>
         </target>
      </link>
      <link>
         <source>
            <linkpointer kind="scs" xmlPath="ADT_A03.PID.PID11_XAD_PATIENT_ADDRESS.C3_ST_city"/>
         </source>
         <target>
            <linkpointer kind="h3s" xmlPath="EncounterEvent.subject.patient00.addr00.city.inlineText"/>
         </target>
      </link>
      <link>
         <source>
            <linkpointer kind="scs" xmlPath="ADT_A03.PID.PID11_XAD_PATIENT_ADDRESS.C4_ST_state_or_province"/>
         </source>
         <target>
            <linkpointer kind="h3s" xmlPath="EncounterEvent.subject.patient00.addr00.state.inlineText"/>
         </target>
      </link>
      <link>
         <source>
            <linkpointer kind="scs" xmlPath="ADT_A03.PID.PID11_XAD_PATIENT_ADDRESS.C5_ST_zip_or_postal_code"/>
         </source>
         <target>
            <linkpointer kind="h3s" xmlPath="EncounterEvent.subject.patient00.addr00.postalCode.inlineText"/>
         </target>
      </link>
      <link>
         <source>
            <linkpointer kind="scs" xmlPath="ADT_A03.PID.PID11_XAD_PATIENT_ADDRESS.C6_ID_country"/>
         </source>
         <target>
            <linkpointer kind="h3s" xmlPath="EncounterEvent.subject.patient00.addr00.country.inlineText"/>
         </target>
      </link>
      <link>
         <source>
            <linkpointer kind="scs" xmlPath="ADT_A03.PID.PID11_XAD_PATIENT_ADDRESS.C1_SAD_street_address_S1_ST_street_or_mailing_address"/>
         </source>
         <target>
            <linkpointer kind="h3s" xmlPath="EncounterEvent.subject.patient00.addr00.streetAddressLine.inlineText"/>
         </target>
      </link>
      <link>
         <source>
            <linkpointer kind="scs" xmlPath="ADT_A03.PID.PID5_XPN_PATIENT_NAME.C1_FN_family_name_S1_ST_surname"/>
         </source>
         <target>
            <linkpointer kind="h3s" xmlPath="EncounterEvent.subject.patient00.patientPerson.name00.family.inlineText"/>
         </target>
      </link>
      <link>
         <source>
            <linkpointer kind="scs" xmlPath="ADT_A03.PID.PID5_XPN_PATIENT_NAME.C2_ST_given_name"/>
         </source>
         <target>
            <linkpointer kind="h3s" xmlPath="EncounterEvent.subject.patient00.patientPerson.name00.given.inlineText"/>
         </target>
      </link>
      <link>
         <source>
            <linkpointer kind="scs" xmlPath="ADT_A03.PID.PID5_XPN_PATIENT_NAME.C4_ST_suffix_eg"/>
         </source>
         <target>
            <linkpointer kind="h3s" xmlPath="EncounterEvent.subject.patient00.patientPerson.name00.suffix.inlineText"/>
         </target>
      </link>
      <link>
         <source>
            <linkpointer kind="scs" xmlPath="ADT_A03.PID.PID5_XPN_PATIENT_NAME.C5_ST_prefix_eg"/>
         </source>
         <target>
            <linkpointer kind="h3s" xmlPath="EncounterEvent.subject.patient00.patientPerson.name00.prefix.inlineText"/>
         </target>
      </link>
      <link>
         <source>
            <linkpointer kind="scs" xmlPath="ADT_A03.PID.PID7_TS_DATE_TIME_OF_BIRTH.Date_Time_Of_Birth"/>
         </source>
         <target>
            <linkpointer kind="h3s" xmlPath="EncounterEvent.subject.patient00.patientPerson.birthTime.value"/>
         </target>
      </link>
      <link>
         <source>
            <linkpointer kind="scs" xmlPath="ADT_A03.DG1.DG115_ID_DIAGNOSIS_PRIORITY.Diagnosis_Priority"/>
         </source>
         <target>
            <linkpointer kind="h3s" xmlPath="EncounterEvent.pertinentInformation100.priorityNumber.value"/>
         </target>
      </link>
      <link>
         <source>
            <linkpointer kind="function" xmlPath="function.10.outputs.0"/>
         </source>
         <target>
            <linkpointer kind="h3s" xmlPath="EncounterEvent.pertinentInformation100.observationDx.code.code"/>
         </target>
      </link>
      <link>
         <source>
            <linkpointer kind="scs" xmlPath="ADT_A03.DG1.DG16_IS_DIAGNOSIS_TYPE.Diagnosis_Type"/>
         </source>
         <target>
            <linkpointer kind="function" xmlPath="function.10.inputs.0"/>
         </target>
      </link>
      <link>
         <source>
            <linkpointer kind="function" xmlPath="function.6.outputs.0"/>
         </source>
         <target>
            <linkpointer kind="h3s" xmlPath="EncounterEvent.pertinentInformation100.observationDx.code.codeSystem"/>
         </target>
      </link>
      <link>
         <source>
            <linkpointer kind="function" xmlPath="function.9.outputs.0"/>
         </source>
         <target>
            <linkpointer kind="h3s" xmlPath="EncounterEvent.pertinentInformation100.observationDx.code.codeSystemName"/>
         </target>
      </link>
      <link>
         <source>
            <linkpointer kind="function" xmlPath="function.12.outputs.0"/>
         </source>
         <target>
            <linkpointer kind="h3s" xmlPath="EncounterEvent.pertinentInformation100.observationDx.negationInd"/>
         </target>
      </link>
      <link>
         <source>
            <linkpointer kind="function" xmlPath="function.8.outputs.0"/>
         </source>
         <target>
            <linkpointer kind="h3s" xmlPath="EncounterEvent.pertinentInformation100.observationDx.statusCode.code"/>
         </target>
      </link>
      <link>
         <source>
            <linkpointer kind="scs" xmlPath="ADT_A03.DG1.DG15_TS_DIAGNOSIS_DATE_TIME.Diagnosis_Date_Time"/>
         </source>
         <target>
            <linkpointer kind="h3s" xmlPath="EncounterEvent.pertinentInformation100.observationDx.effectiveTime.value"/>
         </target>
      </link>
      <link>
         <source>
            <linkpointer kind="scs" xmlPath="ADT_A03.DG1.DG13_CE_DIAGNOSIS_CODE_DG1.C1_ST_identifier"/>
         </source>
         <target>
            <linkpointer kind="h3s" xmlPath="EncounterEvent.pertinentInformation100.observationDx.value.code"/>
         </target>
      </link>
      <link>
         <source>
            <linkpointer kind="scs" xmlPath="ADT_A03.DG1.DG13_CE_DIAGNOSIS_CODE_DG1.C2_ST_text"/>
         </source>
         <target>
            <linkpointer kind="h3s" xmlPath="EncounterEvent.pertinentInformation100.observationDx.value.displayName"/>
         </target>
      </link>
      <link>
         <source>
            <linkpointer kind="function" xmlPath="function.24.outputs.0"/>
         </source>
         <target>
            <linkpointer kind="h3s" xmlPath="EncounterEvent.pertinentInformation100.observationDx.value.codeSystem"/>
         </target>
      </link>
      <link>
         <source>
            <linkpointer kind="scs" xmlPath="ADT_A03.DG1.DG13_CE_DIAGNOSIS_CODE_DG1.C3_IS_name_of_coding_system"/>
         </source>
         <target>
            <linkpointer kind="function" xmlPath="function.24.inputs.0"/>
         </target>
      </link>
      <link>
         <source>
            <linkpointer kind="function" xmlPath="function.16.outputs.0"/>
         </source>
         <target>
            <linkpointer kind="h3s" xmlPath="EncounterEvent.pertinentInformation100.observationDx.value.codeSystemName"/>
         </target>
      </link>
      <link>
         <source>
            <linkpointer kind="scs" xmlPath="ADT_A03.DG1.DG13_CE_DIAGNOSIS_CODE_DG1.C3_IS_name_of_coding_system"/>
         </source>
         <target>
            <linkpointer kind="function" xmlPath="function.16.inputs.0"/>
         </target>
      </link>
      <link>
         <source>
            <linkpointer kind="function" xmlPath="function.19.outputs.0"/>
         </source>
         <target>
            <linkpointer kind="h3s" xmlPath="EncounterEvent.pertinentInformation100.observationDx.author00.assignedEntity.id00.root"/>
         </target>
      </link>
      <link>
         <source>
            <linkpointer kind="scs" xmlPath="ADT_A03.DG1.DG116_XCN_DIAGNOSING_CLINICIAN.C1_ST_ID_number"/>
         </source>
         <target>
            <linkpointer kind="h3s" xmlPath="EncounterEvent.pertinentInformation100.observationDx.author00.assignedEntity.id00.extension"/>
         </target>
      </link>
      <link>
         <source>
            <linkpointer kind="scs" xmlPath="ADT_A03.PR1.PR11_SI_SET_ID_PR1.Set_ID_PR1"/>
         </source>
         <target>
            <linkpointer kind="h3s" xmlPath="EncounterEvent.pertinentInformation101.priorityNumber.value"/>
         </target>
      </link>
      <link>
         <source>
            <linkpointer kind="function" xmlPath="function.25.outputs.0"/>
         </source>
         <target>
            <linkpointer kind="h3s" xmlPath="EncounterEvent.pertinentInformation101.observationDx.code.code"/>
         </target>
      </link>
      <link>
         <source>
            <linkpointer kind="function" xmlPath="function.17.outputs.0"/>
         </source>
         <target>
            <linkpointer kind="h3s" xmlPath="EncounterEvent.pertinentInformation101.observationDx.code.codeSystem"/>
         </target>
      </link>
      <link>
         <source>
            <linkpointer kind="function" xmlPath="function.21.outputs.0"/>
         </source>
         <target>
            <linkpointer kind="h3s" xmlPath="EncounterEvent.pertinentInformation101.observationDx.statusCode.code"/>
         </target>
      </link>
      <link>
         <source>
            <linkpointer kind="scs" xmlPath="ADT_A03.PR1.PR15_TS_PROCEDURE_DATE_TIME.Procedure_Date_Time"/>
         </source>
         <target>
            <linkpointer kind="h3s" xmlPath="EncounterEvent.pertinentInformation101.observationDx.effectiveTime.value"/>
         </target>
      </link>
      <link>
         <source>
            <linkpointer kind="scs" xmlPath="ADT_A03.PR1.PR13_CE_PROCEDURE_CODE.C1_ST_identifier"/>
         </source>
         <target>
            <linkpointer kind="h3s" xmlPath="EncounterEvent.pertinentInformation101.observationDx.value.code"/>
         </target>
      </link>
      <link>
         <source>
            <linkpointer kind="function" xmlPath="function.20.outputs.0"/>
         </source>
         <target>
            <linkpointer kind="h3s" xmlPath="EncounterEvent.pertinentInformation101.observationDx.value.codeSystem"/>
         </target>
      </link>
      <link>
         <source>
            <linkpointer kind="scs" xmlPath="ADT_A03.PR1.PR13_CE_PROCEDURE_CODE.C3_IS_name_of_coding_system"/>
         </source>
         <target>
            <linkpointer kind="function" xmlPath="function.20.inputs.0"/>
         </target>
      </link>
      <link>
         <source>
            <linkpointer kind="function" xmlPath="function.18.outputs.0"/>
         </source>
         <target>
            <linkpointer kind="h3s" xmlPath="EncounterEvent.pertinentInformation101.observationDx.value.codeSystemName"/>
         </target>
      </link>
      <link>
         <source>
            <linkpointer kind="scs" xmlPath="ADT_A03.PR1.PR13_CE_PROCEDURE_CODE.C3_IS_name_of_coding_system"/>
         </source>
         <target>
            <linkpointer kind="function" xmlPath="function.18.inputs.0"/>
         </target>
      </link>
      <link>
         <source>
            <linkpointer kind="function" xmlPath="function.22.outputs.0"/>
         </source>
         <target>
            <linkpointer kind="h3s" xmlPath="EncounterEvent.pertinentInformation101.observationDx.author00.assignedEntity.id00.root"/>
         </target>
      </link>
      <link>
         <source>
            <linkpointer kind="scs" xmlPath="ADT_A03.PR1.PR112_XCN_PROCEDURE_PRACTITIONER.C1_ST_ID_number"/>
         </source>
         <target>
            <linkpointer kind="h3s" xmlPath="EncounterEvent.pertinentInformation101.observationDx.author00.assignedEntity.id00.extension"/>
         </target>
      </link>
      <link>
         <source>
            <linkpointer kind="scs" xmlPath="ADT_A03.PV1.PV144_TS_ADMIT_DATE_TIME.Admit_Date_Time"/>
         </source>
         <target>
            <linkpointer kind="h3s" xmlPath="EncounterEvent.attender00.time.value"/>
         </target>
      </link>
      <link>
         <source>
            <linkpointer kind="function" xmlPath="function.23.outputs.0"/>
         </source>
         <target>
            <linkpointer kind="h3s" xmlPath="EncounterEvent.attender00.id00.root"/>
         </target>
      </link>
      <link>
         <source>
            <linkpointer kind="function" xmlPath="function.15.outputs.0"/>
         </source>
         <target>
            <linkpointer kind="h3s" xmlPath="EncounterEvent.attender00.id00.extension"/>
         </target>
      </link>
      <link>
         <source>
            <linkpointer kind="function" xmlPath="function.14.outputs.0"/>
         </source>
         <target>
            <linkpointer kind="h3s" xmlPath="EncounterEvent.attender00.assignedPerson00.id00.root"/>
         </target>
      </link>
      <link>
         <source>
            <linkpointer kind="scs" xmlPath="ADT_A03.PV1.PV17_XCN_ATTENDING_DOCTOR.C1_ST_ID_number"/>
         </source>
         <target>
            <linkpointer kind="h3s" xmlPath="EncounterEvent.attender00.assignedPerson00.id00.extension"/>
         </target>
      </link>
      <link>
         <source>
            <linkpointer kind="scs" xmlPath="ADT_A03.PV1.PV17_XCN_ATTENDING_DOCTOR.C2_FN_family_name_S1_ST_surname"/>
         </source>
         <target>
            <linkpointer kind="h3s" xmlPath="EncounterEvent.attender00.assignedPerson00.assignedPerson.name00.family.inlineText"/>
         </target>
      </link>
      <link>
         <source>
            <linkpointer kind="scs" xmlPath="ADT_A03.PV1.PV17_XCN_ATTENDING_DOCTOR.C3_ST_given_name"/>
         </source>
         <target>
            <linkpointer kind="h3s" xmlPath="EncounterEvent.attender00.assignedPerson00.assignedPerson.name00.given.inlineText"/>
         </target>
      </link>
      <link>
         <source>
            <linkpointer kind="scs" xmlPath="ADT_A03.PV1.PV17_XCN_ATTENDING_DOCTOR.C5_ST_suffix_eg"/>
         </source>
         <target>
            <linkpointer kind="h3s" xmlPath="EncounterEvent.attender00.assignedPerson00.assignedPerson.name00.suffix.inlineText"/>
         </target>
      </link>
      <link>
         <source>
            <linkpointer kind="scs" xmlPath="ADT_A03.PV1.PV17_XCN_ATTENDING_DOCTOR.C6_ST_prefix_eg"/>
         </source>
         <target>
            <linkpointer kind="h3s" xmlPath="EncounterEvent.attender00.assignedPerson00.assignedPerson.name00.prefix.inlineText"/>
         </target>
      </link>
   </links>
   <views>
      <view component-id="source.scs.0" height="0" width="0" x="0" y="0"/>
      <view component-id="target.h3s.0" height="0" width="0" x="0" y="0"/>
      <view component-id="function.0" height="43" width="109" x="198" y="168"/>
      <view component-id="function.1" height="43" width="109" x="198" y="66"/>
      <view component-id="function.2" height="43" width="109" x="198" y="18"/>
      <view component-id="function.3" height="43" width="109" x="204" y="120"/>
      <view component-id="function.6" height="43" width="109" x="66" y="162"/>
      <view component-id="function.7" height="43" width="109" x="204" y="288"/>
      <view component-id="function.9" height="43" width="109" x="66" y="216"/>
      <view component-id="function.5" height="43" width="109" x="60" y="12"/>
      <view component-id="function.12" height="43" width="109" x="66" y="264"/>
      <view component-id="function.11" height="43" width="109" x="198" y="234"/>
      <view component-id="function.13" height="43" width="109" x="60" y="60"/>
      <view component-id="function.4" height="43" width="109" x="204" y="336"/>
      <view component-id="function.10" height="43" width="109" x="66" y="114"/>
      <view component-id="function.8" height="43" width="109" x="66" y="312"/>
      <view component-id="function.14" height="43" width="109" x="204" y="642"/>
      <view component-id="function.15" height="43" width="109" x="72" y="606"/>
      <view component-id="function.22" height="43" width="109" x="72" y="558"/>
      <view component-id="function.16" height="43" width="109" x="204" y="396"/>
      <view component-id="function.24" height="43" width="109" x="72" y="360"/>
      <view component-id="function.18" height="43" width="109" x="204" y="546"/>
      <view component-id="function.23" height="43" width="109" x="198" y="594"/>
      <view component-id="function.25" height="43" width="109" x="204" y="450"/>
      <view component-id="function.19" height="43" width="109" x="72" y="414"/>
      <view component-id="function.21" height="43" width="109" x="204" y="498"/>
      <view component-id="function.17" height="43" width="109" x="78" y="462"/>
      <view component-id="function.20" height="43" width="109" x="72" y="510"/>
   </views>
</mapping>