<?xml version="1.0" encoding="UTF-8"?>
<mapping version="1.2">
   <components>
      <component kind="scs" location="150003.scs" type="source"/>
      <component kind="h3s" location="150003.h3s" type="target"/>
      <component group="string" kind="core" name="Concatenate" type="function" id="1"/>
      <component group="constant" kind="core" name="constant" type="function" id="2">
         <data type="String" value="1"/>
      </component>
      <component group="constant" kind="core" name="constant" type="function" id="3">
         <data type="String" value="1"/>
      </component>
   </components>
   <links>
      <link>
         <source>
         	<linkpointer kind="scs" xmlPath="ORGS.ORG_CODE"/>
         </source>
         <target>
         	<linkpointer kind="h3s" xmlPath="Organization.code.code"/>
         </target>
      </link>
      <link>
         <source>
         	<linkpointer kind="scs" xmlPath="ORGS.ORGID.Root"/>
         </source>
         <target>
         	<linkpointer kind="h3s" xmlPath="Organization.id00.root"/>
         </target>
      </link>
      <link>
         <source>
         	<linkpointer kind="scs" xmlPath="ORGS.ORGID.Extension"/>
         </source>
         <target>
         	<linkpointer kind="h3s" xmlPath="Organization.id00.extension"/>
         </target>
      </link>
      <link>
         <source>
         	<linkpointer kind="scs" xmlPath="ORGS.ORGNM.Name"/>
         </source>
         <target>
         	<linkpointer kind="h3s" xmlPath="Organization.name00.inlineText"/>
         </target>
      </link>
      <link>
         <source>
         	<linkpointer kind="scs" xmlPath="ORGS.PERSID.Root"/>
         </source>
         <target>
         	<linkpointer kind="h3s" xmlPath="Organization.contactParty00.id00.root"/>
         </target>
      </link>
      <link>
         <source>
         	<linkpointer kind="scs" xmlPath="ORGS.PERSID.Extension"/>
         </source>
         <target>
         	<linkpointer kind="h3s" xmlPath="Organization.contactParty00.id00.extension"/>
         </target>
      </link>
      <link>
         <source>
         	<linkpointer kind="scs" xmlPath="ORGS.PERSAD.Street_1"/>
         </source>
         <target>
         	<linkpointer kind="function" xmlPath="function.1.inputs.0"/>
         </target>
      </link>
      <link>
         <source>
         	<linkpointer kind="scs" xmlPath="ORGS.PERSAD.Street_2"/>
         </source>
         <target>
         	<linkpointer kind="function" xmlPath="function.1.inputs.1"/>
         </target>
      </link>
      <link>
         <source>
         	<linkpointer kind="function" xmlPath="function.1.outputs.0"/>
         </source>
         <target>
         	<linkpointer kind="h3s" xmlPath="Organization.contactParty00.addr00.streetAddressLine.inlineText"/>
         </target>
      </link>
      <link>
         <source>
         	<linkpointer kind="scs" xmlPath="ORGS.PERSAD.Zip_Code"/>
         </source>
         <target>
         	<linkpointer kind="h3s" xmlPath="Organization.contactParty00.addr00.postalCode.inlineText"/>
         </target>
      </link>
      <link>
         <source>
         	<linkpointer kind="scs" xmlPath="ORGS.PERSAD.State"/>
         </source>
         <target>
         	<linkpointer kind="h3s" xmlPath="Organization.contactParty00.addr00.state.inlineText"/>
         </target>
      </link>
      <link>
         <source>
         	<linkpointer kind="scs" xmlPath="ORGS.PERSAD.City"/>
         </source>
         <target>
         	<linkpointer kind="h3s" xmlPath="Organization.contactParty00.addr00.city.inlineText"/>
         </target>
      </link>
      <link>
         <source>
         	<linkpointer kind="scs" xmlPath="ORGS.PERSNM.Last_Name"/>
         </source>
         <target>
         	<linkpointer kind="h3s" xmlPath="Organization.contactParty00.contactPerson.name00.family.inlineText"/>
         	
         </target>
      </link>
      <link>
         <source>
         	<linkpointer kind="scs" xmlPath="ORGS.PERSNM.First_Name"/>
         </source>
         <target>
	         <linkpointer kind="h3s" xmlPath="Organization.contactParty00.contactPerson.name00.given.inlineText"/>
	     </target>
      </link>
      <link>
         <source>
         	<linkpointer kind="function" xmlPath="function.3.outputs.0"/>
         </source>
         <target>
         	<linkpointer kind="h3s" xmlPath="Organization.contactParty00.addr00.use"/>
         </target>
      </link>
   </links>
   <views>
	<view component-id="source.scs.0" height="0" width="0" x="0" y="0"/>
	<view component-id="target.h3s.0" height="0" width="0" x="0" y="0"/>
      	<view component-id="function.1" height="67" width="91" x="96" y="342"/>
      	<view component-id="function.2" height="67" width="91" x="96" y="142"/>
      	<view component-id="function.3" height="67" width="91" x="96" y="242"/>
   </views>
</mapping>