<?xml version="1.0" encoding="UTF-8" standalone="yes"?>
<mapping xmlns:ns2="http://cmts.cbiit.nci.nih.gov/core">
    <components>
        <component location="..\hl7v2\hl7v2xsd\2.4\ADT_A03.xsd" kind="xml" type="source" id="0">
            <rootElement isSimple="true" isRecursive="false" isEnabled="false" isChosen="false" isChoice="false" type="ADT_A03.CONTENT" nameSpace="urn:hl7-org:v2xml" name="ADT_A03" idSpec="X-path" id="/ADT_A03">
                <ativated>true</ativated>
            </rootElement>
        </component>
        <component location="CDA_TestCase01.xsd" kind="xml" type="target" id="1">
            <rootElement isSimple="true" isRecursive="false" isEnabled="false" isChosen="false" isChoice="false" type="POCD_MT000040.ClinicalDocument" nameSpace="urn:hl7-org:v3" name="ClinicalDocument" idSpec="X-path" id="/ClinicalDocument">
                <ativated>true</ativated>
            </rootElement>
        </component>
        <component type="function" id="1280246945938">
            <function method="retrieveValue" class="gov.nih.nci.cbiit.cmts.function.ConstantFunction" group="constant" name="constant">
                <data input="false" type="String" value="A123" name="constant"/>
            </function>
        </component>
        <component type="function" id="1280247783048">
            <function method="retrieveValue" class="gov.nih.nci.cbiit.cmts.function.ConstantFunction" group="constant" name="constant">
                <data input="false" type="String" value="Discharge Sumary" name="constant"/>
            </function>
        </component>
        <component type="function" id="1280248348975">
            <function method="retrieveValue" class="gov.nih.nci.cbiit.cmts.function.ConstantFunction" group="constant" name="constant">
                <data input="false" type="String" value="L" name="constant"/>
            </function>
        </component>
        <component type="function" id="1280249073601">
            <function method="retrieveValue" class="gov.nih.nci.cbiit.cmts.function.ConstantFunction" group="constant" name="constant">
                <data input="false" type="String" value="H" name="constant"/>
            </function>
        </component>
        <component type="function" id="1287069172904">
            <function method="retrieveValue" class="gov.nih.nci.cbiit.cmts.function.ConstantFunction" group="constant" name="constant">
                <data input="false" type="String" value="CDA Record" name="constant"/>
            </function>
        </component>
        <component type="function" id="1287069638329">
            <function method="retrieveValue" class="gov.nih.nci.cbiit.cmts.function.ConstantFunction" group="constant" name="constant">
                <data input="false" type="String" value="2.56.34.2345.5434.444" name="constant"/>
            </function>
        </component>
        <component type="function" id="1287071959473">
            <function method="retrieveValue" class="gov.nih.nci.cbiit.cmts.function.ConstantFunction" group="constant" name="constant">
                <data input="false" type="String" value="2.56.34.2345.5434.555" name="constant"/>
            </function>
        </component>
        <component type="function" id="1287072120907">
            <function method="retrieveValue" class="gov.nih.nci.cbiit.cmts.function.ConstantFunction" group="constant" name="constant">
                <data input="false" type="String" value="completed" name="constant"/>
            </function>
        </component>
        <component type="function" id="1287073762630">
            <function method="retrieveValue" class="gov.nih.nci.cbiit.cmts.function.ConstantFunction" group="constant" name="constant">
                <data input="false" type="String" value="Observation results" name="constant"/>
            </function>
        </component>
        <component type="function" id="1287073824316">
            <function method="retrieveValue" class="gov.nih.nci.cbiit.cmts.function.ConstantFunction" group="constant" name="constant">
                <data input="false" type="String" value="OBSR" name="constant"/>
            </function>
        </component>
        <component type="function" id="1287073894408">
            <function method="retrieveValue" class="gov.nih.nci.cbiit.cmts.function.ConstantFunction" group="constant" name="constant">
                <data input="false" type="String" value="PRCS" name="constant"/>
            </function>
        </component>
        <component type="function" id="1287073942891">
            <function method="retrieveValue" class="gov.nih.nci.cbiit.cmts.function.ConstantFunction" group="constant" name="constant">
                <data input="false" type="String" value="COMP" name="constant"/>
            </function>
        </component>
        <component type="function" id="1287779779220">
            <function method="retrieveValue" class="gov.nih.nci.cbiit.cmts.function.ConstantFunction" group="constant" name="constant">
                <data input="false" type="String" value="ACCM" name="constant"/>
            </function>
        </component>
        <component type="function" id="1287779833779">
            <function method="retrieveValue" class="gov.nih.nci.cbiit.cmts.function.ConstantFunction" group="constant" name="constant">
                <data input="false" type="String" value="APT" name="constant"/>
            </function>
        </component>
        <component type="function" id="1287783816145">
            <function method="retrieveValue" class="gov.nih.nci.cbiit.cmts.function.ConstantFunction" group="constant" name="constant">
                <data input="false" type="String" value="ALRT" name="constant"/>
            </function>
        </component>
        <component type="function" id="1287783867717">
            <function method="retrieveValue" class="gov.nih.nci.cbiit.cmts.function.ConstantFunction" group="constant" name="constant">
                <data input="false" type="String" value="DEF" name="constant"/>
            </function>
        </component>
        <component type="function" id="1316813919783">
            <function method="retrieveValue" class="gov.nih.nci.cbiit.cmts.function.ConstantFunction" group="constant" name="constant">
                <data input="false" type="String" value="tel:" name="constant"/>
            </function>
        </component>
        <component type="function" id="1316813941345">
            <function method="concatenate" class="gov.nih.nci.cbiit.cmts.function.StringFunction" group="string" name="concatenate">
                <data input="true" type="string" value="" name="string1"/>
                <data input="true" type="string" value="" name="string2"/>
                <data input="false" type="string" name="result"/>
            </function>
        </component>
    </components>
    <links>
        <link>
            <source id="/ClinicalDocument/typeId/@extension" componentid="1"/>
            <target id="constant" componentid="1280246945938"/>
        </link>
        <link>
            <source id="/ADT_A03/MSH/MSH.10" componentid="0"/>
            <target id="/ClinicalDocument/id/@extension" componentid="1"/>
        </link>
        <link>
            <source id="/ADT_A03/MSH/MSH.11/PT.1" componentid="0"/>
            <target id="/ClinicalDocument/code/@code" componentid="1"/>
        </link>
        <link>
            <source id="/ADT_A03/MSH/MSH.7/TS.1" componentid="0"/>
            <target id="/ClinicalDocument/effectiveTime/@value" componentid="1"/>
        </link>
        <link>
            <source id="/ADT_A03/MSH/MSH.11/PT.2" componentid="0"/>
            <target id="/ClinicalDocument/confidentialityCode/@code" componentid="1"/>
        </link>
        <link>
            <source id="/ADT_A03/MSH/MSH.19/CE.2" componentid="0"/>
            <target id="/ClinicalDocument/languageCode/@code" componentid="1"/>
        </link>
        <link>
            <source id="/ClinicalDocument/title" componentid="1"/>
            <target id="constant" componentid="1280247783048"/>
        </link>
        <link>
            <source id="/ADT_A03/PID" componentid="0"/>
            <target id="/ClinicalDocument/recordTarget/patientRole/patient" componentid="1"/>
        </link>
        <link>
            <source id="/ADT_A03/PID/PID.1" componentid="0"/>
            <target id="/ClinicalDocument/recordTarget/patientRole/patient/typeId/@extension" componentid="1"/>
        </link>
        <link>
            <source id="/ADT_A03/PID/PID.3/CX.1" componentid="0"/>
            <target id="/ClinicalDocument/recordTarget/patientRole/patient/id/@extension" componentid="1"/>
        </link>
        <link>
            <source id="/ClinicalDocument/recordTarget/patientRole/patient/name/@use" componentid="1"/>
            <target id="constant" componentid="1280248348975"/>
        </link>
        <link>
            <source id="/ADT_A03/PID/PID.5/XPN.1/FN.1" componentid="0"/>
            <target id="/ClinicalDocument/recordTarget/patientRole/patient/name/&lt;choice&gt;/family" componentid="1"/>
        </link>
        <link>
            <source id="/ADT_A03/PID/PID.7/TS.1" componentid="0"/>
            <target id="/ClinicalDocument/recordTarget/patientRole/patient/birthTime/@value" componentid="1"/>
        </link>
        <link>
            <source id="/ADT_A03/PID/PID.8" componentid="0"/>
            <target id="/ClinicalDocument/recordTarget/patientRole/patient/administrativeGenderCode/@code" componentid="1"/>
        </link>
        <link>
            <source id="/ADT_A03/PID/PID.16/CE.1" componentid="0"/>
            <target id="/ClinicalDocument/recordTarget/patientRole/patient/maritalStatusCode/@code" componentid="1"/>
        </link>
        <link>
            <source id="/ADT_A03/PID/PID.16/CE.2" componentid="0"/>
            <target id="/ClinicalDocument/recordTarget/patientRole/patient/maritalStatusCode/@displayName" componentid="1"/>
        </link>
        <link>
            <source id="/ADT_A03/PID/PID.16/CE.3" componentid="0"/>
            <target id="/ClinicalDocument/recordTarget/patientRole/patient/maritalStatusCode/@codeSystem" componentid="1"/>
        </link>
        <link>
            <source id="/ADT_A03/PID/PID.17/CE.1" componentid="0"/>
            <target id="/ClinicalDocument/recordTarget/patientRole/patient/religiousAffiliationCode/@code" componentid="1"/>
        </link>
        <link>
            <source id="/ADT_A03/PID/PID.17/CE.2" componentid="0"/>
            <target id="/ClinicalDocument/recordTarget/patientRole/patient/religiousAffiliationCode/@displayName" componentid="1"/>
        </link>
        <link>
            <source id="/ADT_A03/PID/PID.17/CE.3" componentid="0"/>
            <target id="/ClinicalDocument/recordTarget/patientRole/patient/religiousAffiliationCode/@codeSystem" componentid="1"/>
        </link>
        <link>
            <source id="/ADT_A03/PID/PID.19" componentid="0"/>
            <target id="/ClinicalDocument/recordTarget/patientRole/id/@extension" componentid="1"/>
        </link>
        <link>
            <source id="/ADT_A03/PID/PID.19/@LongName" componentid="0"/>
            <target id="/ClinicalDocument/recordTarget/patientRole/id/@assigningAuthorityName" componentid="1"/>
        </link>
        <link>
            <source id="/ClinicalDocument/recordTarget/patientRole/telecom/@use" componentid="1"/>
            <target id="constant" componentid="1280249073601"/>
        </link>
        <link>
            <source id="/ADT_A03/PID/PID.11/XAD.1/SAD.1" componentid="0"/>
            <target id="/ClinicalDocument/recordTarget/patientRole/addr/&lt;choice&gt;/state" componentid="1"/>
        </link>
        <link>
            <source id="/ADT_A03/PV1/PV1.1" componentid="0"/>
            <target id="/ClinicalDocument/componentOf/encompassingEncounter/id/@extension" componentid="1"/>
        </link>
        <link>
            <source id="/ADT_A03/PV1/PV1.2" componentid="0"/>
            <target id="/ClinicalDocument/componentOf/encompassingEncounter/code/@code" componentid="1"/>
        </link>
        <link>
            <source id="/ADT_A03/PV1/PV1.44/TS.1" componentid="0"/>
            <target id="/ClinicalDocument/componentOf/encompassingEncounter/effectiveTime/@value" componentid="1"/>
        </link>
        <link>
            <source id="/ADT_A03/PV1/PV1.36" componentid="0"/>
            <target id="/ClinicalDocument/componentOf/encompassingEncounter/dischargeDispositionCode/@code" componentid="1"/>
        </link>
        <link>
            <source id="/ADT_A03/PV1" componentid="0"/>
            <target id="/ClinicalDocument/componentOf/encompassingEncounter" componentid="1"/>
        </link>
        <link>
            <source id="/ADT_A03/PV1/PV1.7/XCN.1" componentid="0"/>
            <target id="/ClinicalDocument/componentOf/encompassingEncounter/responsibleParty/assignedEntity/id/@extension" componentid="1"/>
        </link>
        <link>
            <source id="/ADT_A03/PV1/PV1.7/XCN.2/FN.1" componentid="0"/>
            <target id="/ClinicalDocument/componentOf/encompassingEncounter/responsibleParty/assignedEntity/assignedPerson/name/&lt;choice&gt;/family" componentid="1"/>
        </link>
        <link>
            <source id="/ADT_A03/PV1/PV1.7/XCN.14/HD.2" componentid="0"/>
            <target id="/ClinicalDocument/componentOf/encompassingEncounter/responsibleParty/assignedEntity/id/@assigningAuthorityName" componentid="1"/>
        </link>
        <link>
            <source id="/ADT_A03/PV1/PV1.10" componentid="0"/>
            <target id="/ClinicalDocument/componentOf/encompassingEncounter/responsibleParty/assignedEntity/code/@code" componentid="1"/>
        </link>
        <link>
            <source id="/ADT_A03/PV1/PV1.3/PL.1" componentid="0"/>
            <target id="/ClinicalDocument/componentOf/encompassingEncounter/location/healthCareFacility/id[1]/@extension" componentid="1"/>
        </link>
        <link>
            <source id="/ADT_A03/PV1/PV1.3/PL.2" componentid="0"/>
            <target id="/ClinicalDocument/componentOf/encompassingEncounter/location/healthCareFacility/id[1]/@extension" componentid="1"/>
        </link>
        <link>
            <source id="/ADT_A03/PV1/PV1.3/PL.3" componentid="0"/>
            <target id="/ClinicalDocument/componentOf/encompassingEncounter/location/healthCareFacility/id/@extension" componentid="1"/>
        </link>
        <link>
            <source id="/ADT_A03/ADT_A03.PROCEDURE/PR1/PR1.3/CE.1" componentid="0"/>
            <target id="/ClinicalDocument/component/&lt;choice&gt;/structuredBody/component/section/entry/&lt;choice&gt;/procedure/code/@code" componentid="1"/>
        </link>
        <link>
            <source id="/ADT_A03/ADT_A03.PROCEDURE/PR1/PR1.3/CE.3" componentid="0"/>
            <target id="/ClinicalDocument/component/&lt;choice&gt;/structuredBody/component/section/entry/&lt;choice&gt;/procedure/code/@codeSystem" componentid="1"/>
        </link>
        <link>
            <source id="/ADT_A03/ADT_A03.PROCEDURE/PR1/PR1.3/CE.2" componentid="0"/>
            <target id="/ClinicalDocument/component/&lt;choice&gt;/structuredBody/component/section/entry/&lt;choice&gt;/procedure/code/@displayName" componentid="1"/>
        </link>
        <link>
            <source id="/ClinicalDocument/component/&lt;choice&gt;/structuredBody/component/section/title" componentid="1"/>
            <target id="constant" componentid="1287069172904"/>
        </link>
        <link>
            <source id="/ADT_A03/ADT_A03.PROCEDURE/PR1/PR1.1" componentid="0"/>
            <target id="/ClinicalDocument/component/&lt;choice&gt;/structuredBody/component/section/entry/&lt;choice&gt;/procedure/id/@extension" componentid="1"/>
        </link>
        <link>
            <source id="/ClinicalDocument/component/&lt;choice&gt;/structuredBody/component/section/entry/&lt;choice&gt;/procedure/id/@root" componentid="1"/>
            <target id="constant" componentid="1287069638329"/>
        </link>
        <link>
            <source id="/ADT_A03/ADT_A03.PROCEDURE/PR1/PR1.5/TS.1" componentid="0"/>
            <target id="/ClinicalDocument/component/&lt;choice&gt;/structuredBody/component/section/entry/&lt;choice&gt;/procedure/effectiveTime/@value" componentid="1"/>
        </link>
        <link>
            <source id="/ADT_A03/OBX/OBX.5" componentid="0"/>
            <target id="/ClinicalDocument/component/&lt;choice&gt;/structuredBody/component[1]/section/entry/&lt;choice&gt;/observation/text" componentid="1"/>
        </link>
        <link>
            <source id="/ADT_A03/OBX/OBX.1" componentid="0"/>
            <target id="/ClinicalDocument/component/&lt;choice&gt;/structuredBody/component[1]/section/entry/&lt;choice&gt;/observation/id/@extension" componentid="1"/>
        </link>
        <link>
            <source id="/ClinicalDocument/component/&lt;choice&gt;/structuredBody/component[1]/section/entry/&lt;choice&gt;/observation/id/@root" componentid="1"/>
            <target id="constant" componentid="1287071959473"/>
        </link>
        <link>
            <source id="/ADT_A03/OBX/OBX.4" componentid="0"/>
            <target id="/ClinicalDocument/component/&lt;choice&gt;/structuredBody/component[1]/section/entry/&lt;choice&gt;/observation/derivationExpr" componentid="1"/>
        </link>
        <link>
            <source id="/ADT_A03/OBX/OBX.3/CE.1" componentid="0"/>
            <target id="/ClinicalDocument/component/&lt;choice&gt;/structuredBody/component[1]/section/entry/&lt;choice&gt;/observation/code/@code" componentid="1"/>
        </link>
        <link>
            <source id="/ADT_A03/OBX/OBX.3/CE.2" componentid="0"/>
            <target id="/ClinicalDocument/component/&lt;choice&gt;/structuredBody/component[1]/section/entry/&lt;choice&gt;/observation/code/@displayName" componentid="1"/>
        </link>
        <link>
            <source id="/ClinicalDocument/component/&lt;choice&gt;/structuredBody/component[1]/section/entry/&lt;choice&gt;/observation/statusCode/@code" componentid="1"/>
            <target id="constant" componentid="1287072120907"/>
        </link>
        <link>
            <source id="/ADT_A03/OBX/OBX.14/TS.1" componentid="0"/>
            <target id="/ClinicalDocument/component/&lt;choice&gt;/structuredBody/component[1]/section/entry/&lt;choice&gt;/observation/effectiveTime/@value" componentid="1"/>
        </link>
        <link>
            <source id="/ClinicalDocument/component/&lt;choice&gt;/structuredBody/component[1]/section/title" componentid="1"/>
            <target id="constant" componentid="1287073762630"/>
        </link>
        <link>
            <source id="/ClinicalDocument/component/&lt;choice&gt;/structuredBody/component[1]/typeId/@extension" componentid="1"/>
            <target id="constant" componentid="1287073824316"/>
        </link>
        <link>
            <source id="/ClinicalDocument/component/&lt;choice&gt;/structuredBody/component/typeId/@extension" componentid="1"/>
            <target id="constant" componentid="1287073894408"/>
        </link>
        <link>
            <source id="/ClinicalDocument/component/typeId/@extension" componentid="1"/>
            <target id="constant" componentid="1287073942891"/>
        </link>
        <link>
            <source id="/ADT_A03/MSH/MSH.7/TS.1" componentid="0"/>
            <target id="/ClinicalDocument/author/time/@value" componentid="1"/>
        </link>
        <link>
            <source id="/ADT_A03/MSH/MSH.4/HD.1" componentid="0"/>
            <target id="/ClinicalDocument/author/assignedAuthor/id/@extension" componentid="1"/>
        </link>
        <link>
            <source id="/ADT_A03/MSH/MSH.4/HD.2" componentid="0"/>
            <target id="/ClinicalDocument/author/assignedAuthor/id/@assigningAuthorityName" componentid="1"/>
        </link>
        <link>
            <source id="/ADT_A03/OBX" componentid="0"/>
            <target id="/ClinicalDocument/component/&lt;choice&gt;/structuredBody/component[1]/section/entry" componentid="1"/>
        </link>
        <link>
            <source id="/ADT_A03/ADT_A03.PROCEDURE/PR1" componentid="0"/>
            <target id="/ClinicalDocument/component/&lt;choice&gt;/structuredBody/component/section/entry" componentid="1"/>
        </link>
        <link>
            <source id="/ClinicalDocument/component/&lt;choice&gt;/structuredBody/component/section/entry/&lt;choice&gt;/procedure/@classCode" componentid="1"/>
            <target id="constant" componentid="1287779779220"/>
        </link>
        <link>
            <source id="/ClinicalDocument/component/&lt;choice&gt;/structuredBody/component/section/entry/&lt;choice&gt;/procedure/@moodCode" componentid="1"/>
            <target id="constant" componentid="1287779833779"/>
        </link>
        <link>
            <source id="/ADT_A03/PID/PID.5/XPN.2" componentid="0"/>
            <target id="/ClinicalDocument/recordTarget/patientRole/patient/name/&lt;choice&gt;[1]/given" componentid="1"/>
        </link>
        <link>
            <source id="/ClinicalDocument/component/&lt;choice&gt;/structuredBody/component[1]/section/entry/&lt;choice&gt;/observation/@classCode" componentid="1"/>
            <target id="constant" componentid="1287783816145"/>
        </link>
        <link>
            <source id="/ClinicalDocument/component/&lt;choice&gt;/structuredBody/component[1]/section/entry/&lt;choice&gt;/observation/@moodCode" componentid="1"/>
            <target id="constant" componentid="1287783867717"/>
        </link>
        <link>
            <source id="constant" componentid="1316813919783"/>
            <target id="string1" componentid="1316813941345"/>
        </link>
        <link>
            <source id="/ADT_A03/PID/PID.13/XTN.1" componentid="0"/>
            <target id="string2" componentid="1316813941345"/>
        </link>
        <link>
            <source id="/ClinicalDocument/recordTarget/patientRole/telecom/@value" componentid="1"/>
            <target id="result" componentid="1316813941345"/>
        </link>
    </links>
    <tags>
        <tag value="true" key="/ClinicalDocument/component/&lt;choice&gt;/structuredBody" kind="choice" componentType="target"/>
        <tag value="1" key="/ClinicalDocument/component/&lt;choice&gt;/structuredBody/component" kind="clone" componentType="target"/>
        <tag value="true" key="/ClinicalDocument/component/&lt;choice&gt;/structuredBody/component/section/entry/&lt;choice&gt;/procedure" kind="choice" componentType="target"/>
        <tag value="true" key="/ClinicalDocument/component/&lt;choice&gt;/structuredBody/component[1]/section/entry/&lt;choice&gt;/observation" kind="choice" componentType="target"/>
        <tag value="1" key="/ClinicalDocument/componentOf/encompassingEncounter/location/healthCareFacility/id" kind="clone" componentType="target"/>
        <tag value="1" key="/ClinicalDocument/componentOf/encompassingEncounter/location/healthCareFacility/id" kind="clone" componentType="target"/>
        <tag value="true" key="/ClinicalDocument/componentOf/encompassingEncounter/responsibleParty/assignedEntity/assignedPerson/name/&lt;choice&gt;/family" kind="choice" componentType="target"/>
        <tag value="true" key="/ClinicalDocument/recordTarget/patientRole/addr/&lt;choice&gt;/state" kind="choice" componentType="target"/>
        <tag value="1" key="/ClinicalDocument/recordTarget/patientRole/patient/name/&lt;choice&gt;" kind="clone" componentType="target"/>
        <tag value="true" key="/ClinicalDocument/recordTarget/patientRole/patient/name/&lt;choice&gt;/family" kind="choice" componentType="target"/>
        <tag value="true" key="/ClinicalDocument/recordTarget/patientRole/patient/name/&lt;choice&gt;[1]/given" kind="choice" componentType="target"/>
    </tags>
    <views>
        <view width="100" hight="50" y="68" x="100" componentid="1280246945938"/>
        <view width="100" hight="50" y="119" x="92" componentid="1280247783048"/>
        <view width="100" hight="50" y="186" x="168" componentid="1280248348975"/>
        <view width="100" hight="50" y="284" x="186" componentid="1280249073601"/>
        <view width="100" hight="50" y="490" x="203" componentid="1287069172904"/>
        <view width="100" hight="50" y="444" x="145" componentid="1287069638329"/>
        <view width="100" hight="50" y="369" x="84" componentid="1287071959473"/>
        <view width="100" hight="50" y="573" x="153" componentid="1287072120907"/>
        <view width="100" hight="50" y="641" x="82" componentid="1287073762630"/>
        <view width="100" hight="50" y="380" x="250" componentid="1287073824316"/>
        <view width="100" hight="50" y="42" x="214" componentid="1287073894408"/>
        <view width="100" hight="50" y="227" x="89" componentid="1287073942891"/>
        <view width="100" hight="50" y="514" x="90" componentid="1287779779220"/>
        <view width="100" hight="50" y="578" x="84" componentid="1287779833779"/>
        <view width="100" hight="50" y="464" x="66" componentid="1287783816145"/>
        <view width="100" hight="50" y="328" x="47" componentid="1287783867717"/>
        <view width="100" hight="50" y="188" x="55" componentid="1316813919783"/>
        <view width="140" hight="68" y="28" x="70" componentid="1316813941345"/>
    </views>
</mapping>
