<?xml version="1.0" encoding="UTF-8"?>
<mapping version="1.2">
<components>
<component kind="scs" location="COCT_MT010000_Simple.scs" type="source"/>
<component kind="h3s" location="COCT_MT010000_Simple.h3s" type="target"/>
<component group="constant" kind="core" name="constant" type="function" id="14">
<data type="String" value="Adams"/>
</component>
<component group="constant" kind="core" name="constant" type="function" id="15">
<data type="String" value="Smith"/>
</component>
</components>
<links>
<link>
<source>
<linkpointer kind="scs" xmlPath="ENCOUNTER_HEAD.id00_assigningAuthorityName"/>
</source>
<target>
<linkpointer kind="h3s" xmlPath="Encounter.id00.assigningAuthorityName"/>
</target>
</link>
<link>
<source>
<linkpointer kind="scs" xmlPath="ENCOUNTER_HEAD.id00_extension"/>
</source>
<target>
<linkpointer kind="h3s" xmlPath="Encounter.id00.extension"/>
</target>
</link>
<link>
<source>
<linkpointer kind="scs" xmlPath="ENCOUNTER_HEAD.id00_root"/>
</source>
<target>
<linkpointer kind="h3s" xmlPath="Encounter.id00.root"/>
</target>
</link>
<link>
<source>
<linkpointer kind="scs" xmlPath="ENCOUNTER_HEAD.code_codeSystem"/>
</source>
<target>
<linkpointer kind="h3s" xmlPath="Encounter.code.codeSystem"/>
</target>
</link>
<link>
<source>
<linkpointer kind="scs" xmlPath="ENCOUNTER_HEAD.code_codeSystemName"/>
</source>
<target>
<linkpointer kind="h3s" xmlPath="Encounter.code.codeSystemName"/>
</target>
</link>
<link>
<source>
<linkpointer kind="scs" xmlPath="ENCOUNTER_HEAD.code_displayName"/>
</source>
<target>
<linkpointer kind="h3s" xmlPath="Encounter.code.displayName"/>
</target>
</link>
<link>
<source>
<linkpointer kind="scs" xmlPath="ENCOUNTER_HEAD.code_code"/>
</source>
<target>
<linkpointer kind="h3s" xmlPath="Encounter.code.code"/>
</target>
</link>
<link>
<source>
<linkpointer kind="scs" xmlPath="ENCOUNTER_HEAD.statusCode_code"/>
</source>
<target>
<linkpointer kind="h3s" xmlPath="Encounter.statusCode.code"/>
</target>
</link>
<link>
<source>
<linkpointer kind="scs" xmlPath="ENCOUNTER_HEAD.effectiveTime_value"/>
</source>
<target>
<linkpointer kind="h3s" xmlPath="Encounter.effectiveTime.value"/>
</target>
</link>
<link>
<source>
<linkpointer kind="scs" xmlPath="ENCOUNTER_HEAD.activityTime_value"/>
</source>
<target>
<linkpointer kind="h3s" xmlPath="Encounter.activityTime.value"/>
</target>
</link>
<link>
<source>
<linkpointer kind="scs" xmlPath="ENCOUNTER_HEAD.priorityCode00_codeSystem"/>
</source>
<target>
<linkpointer kind="h3s" xmlPath="Encounter.priorityCode00.codeSystem"/>
</target>
</link>
<link>
<source>
<linkpointer kind="scs" xmlPath="ENCOUNTER_HEAD.priorityCode00_codeSystemName"/>
</source>
<target>
<linkpointer kind="h3s" xmlPath="Encounter.priorityCode00.codeSystemName"/>
</target>
</link>
<link>
<source>
<linkpointer kind="scs" xmlPath="ENCOUNTER_HEAD.priorityCode00_displayName"/>
</source>
<target>
<linkpointer kind="h3s" xmlPath="Encounter.priorityCode00.displayName"/>
</target>
</link>
<link>
<source>
<linkpointer kind="scs" xmlPath="ENCOUNTER_HEAD.priorityCode00_code"/>
</source>
<target>
<linkpointer kind="h3s" xmlPath="Encounter.priorityCode00.code"/>
</target>
</link>
<link>
<source>
<linkpointer kind="scs" xmlPath="ENCOUNTER_HEAD.confidentialityCode00_codeSystem"/>
</source>
<target>
<linkpointer kind="h3s" xmlPath="Encounter.confidentialityCode00.codeSystem"/>
</target>
</link>
<link>
<source>
<linkpointer kind="scs" xmlPath="ENCOUNTER_HEAD.confidentialityCode00_codeSystemName"/>
</source>
<target>
<linkpointer kind="h3s" xmlPath="Encounter.confidentialityCode00.codeSystemName"/>
</target>
</link>
<link>
<source>
<linkpointer kind="scs" xmlPath="ENCOUNTER_HEAD.confidentialityCode00_displayName"/>
</source>
<target>
<linkpointer kind="h3s" xmlPath="Encounter.confidentialityCode00.displayName"/>
</target>
</link>
<link>
<source>
<linkpointer kind="scs" xmlPath="ENCOUNTER_HEAD.confidentialityCode00_code"/>
</source>
<target>
<linkpointer kind="h3s" xmlPath="Encounter.confidentialityCode00.code"/>
</target>
</link>
<link>
<source>
<linkpointer kind="scs" xmlPath="ENCOUNTER_HEAD.reasonCode00_codeSystem"/>
</source>
<target>
<linkpointer kind="h3s" xmlPath="Encounter.reasonCode00.codeSystem"/>
</target>
</link>
<link>
<source>
<linkpointer kind="scs" xmlPath="ENCOUNTER_HEAD.reasonCode00_codeSystemName"/>
</source>
<target>
<linkpointer kind="h3s" xmlPath="Encounter.reasonCode00.codeSystemName"/>
</target>
</link>
<link>
<source>
<linkpointer kind="scs" xmlPath="ENCOUNTER_HEAD.reasonCode00_displayName"/>
</source>
<target>
<linkpointer kind="h3s" xmlPath="Encounter.reasonCode00.displayName"/>
</target>
</link>
<link>
<source>
<linkpointer kind="scs" xmlPath="ENCOUNTER_HEAD.reasonCode00_code"/>
</source>
<target>
<linkpointer kind="h3s" xmlPath="Encounter.reasonCode00.code"/>
</target>
</link>
<link>
<source>
<linkpointer kind="scs" xmlPath="ENCOUNTER_HEAD.admissionReferralSourceCode_codeSystem"/>
</source>
<target>
<linkpointer kind="h3s" xmlPath="Encounter.admissionReferralSourceCode.codeSystem"/>
</target>
</link>
<link>
<source>
<linkpointer kind="scs" xmlPath="ENCOUNTER_HEAD.admissionReferralSourceCode_codeSystemName"/>
</source>
<target>
<linkpointer kind="h3s" xmlPath="Encounter.admissionReferralSourceCode.codeSystemName"/>
</target>
</link>
<link>
<source>
<linkpointer kind="scs" xmlPath="ENCOUNTER_HEAD.admissionReferralSourceCode_displayName"/>
</source>
<target>
<linkpointer kind="h3s" xmlPath="Encounter.admissionReferralSourceCode.displayName"/>
</target>
</link>
<link>
<source>
<linkpointer kind="scs" xmlPath="ENCOUNTER_HEAD.admissionReferralSourceCode_code"/>
</source>
<target>
<linkpointer kind="h3s" xmlPath="Encounter.admissionReferralSourceCode.code"/>
</target>
</link>
<link>
<source>
<linkpointer kind="scs" xmlPath="ENCOUNTER_HEAD.lengthOfStayQuantity_unit"/>
</source>
<target>
<linkpointer kind="h3s" xmlPath="Encounter.lengthOfStayQuantity.unit"/>
</target>
</link>
<link>
<source>
<linkpointer kind="scs" xmlPath="ENCOUNTER_HEAD.lengthOfStayQuantity_value"/>
</source>
<target>
<linkpointer kind="h3s" xmlPath="Encounter.lengthOfStayQuantity.value"/>
</target>
</link>
<link>
<source>
<linkpointer kind="scs" xmlPath="ENCOUNTER_HEAD.dischargeDispositionCode_codeSystem"/>
</source>
<target>
<linkpointer kind="h3s" xmlPath="Encounter.dischargeDispositionCode.codeSystem"/>
</target>
</link>
<link>
<source>
<linkpointer kind="scs" xmlPath="ENCOUNTER_HEAD.dischargeDispositionCode_codeSystemName"/>
</source>
<target>
<linkpointer kind="h3s" xmlPath="Encounter.dischargeDispositionCode.codeSystemName"/>
</target>
</link>
<link>
<source>
<linkpointer kind="scs" xmlPath="ENCOUNTER_HEAD.dischargeDispositionCode_displayName"/>
</source>
<target>
<linkpointer kind="h3s" xmlPath="Encounter.dischargeDispositionCode.displayName"/>
</target>
</link>
<link>
<source>
<linkpointer kind="scs" xmlPath="ENCOUNTER_HEAD.dischargeDispositionCode_code"/>
</source>
<target>
<linkpointer kind="h3s" xmlPath="Encounter.dischargeDispositionCode.code"/>
</target>
</link>
<link>
<source>
<linkpointer kind="scs" xmlPath="ENCOUNTER_HEAD.preAdmitTestInd_value"/>
</source>
<target>
<linkpointer kind="h3s" xmlPath="Encounter.preAdmitTestInd.value"/>
</target>
</link>
<link>
<source>
<linkpointer kind="scs" xmlPath="ENCOUNTER_HEAD.specialCourtesiesCode00_codeSystem"/>
</source>
<target>
<linkpointer kind="h3s" xmlPath="Encounter.specialCourtesiesCode00.codeSystem"/>
</target>
</link>
<link>
<source>
<linkpointer kind="scs" xmlPath="ENCOUNTER_HEAD.specialCourtesiesCode00_codeSystemName"/>
</source>
<target>
<linkpointer kind="h3s" xmlPath="Encounter.specialCourtesiesCode00.codeSystemName"/>
</target>
</link>
<link>
<source>
<linkpointer kind="scs" xmlPath="ENCOUNTER_HEAD.specialCourtesiesCode00_displayName"/>
</source>
<target>
<linkpointer kind="h3s" xmlPath="Encounter.specialCourtesiesCode00.displayName"/>
</target>
</link>
<link>
<source>
<linkpointer kind="scs" xmlPath="ENCOUNTER_HEAD.specialCourtesiesCode00_code"/>
</source>
<target>
<linkpointer kind="h3s" xmlPath="Encounter.specialCourtesiesCode00.code"/>
</target>
</link>
<link>
<source>
<linkpointer kind="scs" xmlPath="ENCOUNTER_HEAD.specialArrangementCode00_codeSystem"/>
</source>
<target>
<linkpointer kind="h3s" xmlPath="Encounter.specialArrangementCode00.codeSystem"/>
</target>
</link>
<link>
<source>
<linkpointer kind="scs" xmlPath="ENCOUNTER_HEAD.specialArrangementCode00_codeSystemName"/>
</source>
<target>
<linkpointer kind="h3s" xmlPath="Encounter.specialArrangementCode00.codeSystemName"/>
</target>
</link>
<link>
<source>
<linkpointer kind="scs" xmlPath="ENCOUNTER_HEAD.specialArrangementCode00_displayName"/>
</source>
<target>
<linkpointer kind="h3s" xmlPath="Encounter.specialArrangementCode00.displayName"/>
</target>
</link>
<link>
<source>
<linkpointer kind="scs" xmlPath="ENCOUNTER_HEAD.specialArrangementCode00_code"/>
</source>
<target>
<linkpointer kind="h3s" xmlPath="Encounter.specialArrangementCode00.code"/>
</target>
</link>
<link>
<source>
<linkpointer kind="scs" xmlPath="ENCOUNTER_HEAD.SUBJECT_1.PATIENT_11.PATIENTPERSON_111.id00_assigningAuthorityName"/>
</source>
<target>
<linkpointer kind="h3s" xmlPath="Encounter.subject.patient01.patientNonPersonLivingSubject.id00.assigningAuthorityName"/>
</target>
</link>
<link>
<source>
<linkpointer kind="scs" xmlPath="ENCOUNTER_HEAD.SUBJECT_1.PATIENT_11.PATIENTPERSON_111.id00_extension"/>
</source>
<target>
<linkpointer kind="h3s" xmlPath="Encounter.subject.patient01.patientNonPersonLivingSubject.id00.extension"/>
</target>
</link>
<link>
<source>
<linkpointer kind="scs" xmlPath="ENCOUNTER_HEAD.SUBJECT_1.PATIENT_11.PATIENTPERSON_111.id00_root"/>
</source>
<target>
<linkpointer kind="h3s" xmlPath="Encounter.subject.patient01.patientNonPersonLivingSubject.id00.root"/>
</target>
</link>
<link>
<source>
<linkpointer kind="scs" xmlPath="ENCOUNTER_HEAD.SUBJECT_1.PATIENT_11.PATIENTPERSON_111.name00_suffix"/>
</source>
<target>
<linkpointer kind="h3s" xmlPath="Encounter.subject.patient01.patientNonPersonLivingSubject.name00.suffix.inlineText"/>
</target>
</link>
<link>
<source>
<linkpointer kind="scs" xmlPath="ENCOUNTER_HEAD.SUBJECT_1.PATIENT_11.PATIENTPERSON_111.name00_use"/>
</source>
<target>
<linkpointer kind="h3s" xmlPath="Encounter.subject.patient01.patientNonPersonLivingSubject.name00.use"/>
</target>
</link>
<link>
<source>
<linkpointer kind="scs" xmlPath="ENCOUNTER_HEAD.SUBJECT_1.PATIENT_11.PATIENTPERSON_111.name00_inlineText"/>
</source>
<target>
<linkpointer kind="h3s" xmlPath="Encounter.subject.patient01.patientNonPersonLivingSubject.name00.inlineText"/>
</target>
</link>
<link>
<source>
<linkpointer kind="scs" xmlPath="ENCOUNTER_HEAD.SUBJECT_1.PATIENT_11.PATIENTPERSON_111.statusCode_code"/>
</source>
<target>
<linkpointer kind="h3s" xmlPath="Encounter.subject.patient01.patientNonPersonLivingSubject.statusCode.code"/>
</target>
</link>
<link>
<source>
<linkpointer kind="scs" xmlPath="ENCOUNTER_HEAD.SUBJECT_1.PATIENT_11.PATIENTPERSON_111.desc_inlineText"/>
</source>
<target>
<linkpointer kind="h3s" xmlPath="Encounter.subject.patient01.patientNonPersonLivingSubject.desc.inlineText"/>
</target>
</link>
</links>
<views>
<view component-id="source.scs.0" height="0" width="0" x="0" y="0"/>
<view component-id="target.h3s.0" height="0" width="0" x="0" y="0"/>
<view component-id="function.14" height="49" width="109" x="156" y="558"/>
<view component-id="function.15" height="49" width="109" x="162" y="450"/>
</views>
</mapping>
