<?xml version="1.0" encoding="UTF-8"?>
<mapping version="1.2">
   <components>
      <component kind="scs" location="{caAdapter_Home}\components\hl7Transformation\test\data\Transformation\Functions\vocabulay\150003.scs" type="source"/>
      <component kind="h3s" location="{caAdapter_Home}\components\hl7Transformation\test\data\Transformation\Functions\vocabulay\150003.h3s" type="target"/>
      <component group="vocabulary" kind="core" name="translateValue" type="function" id="43">
         <data type="VOM_File_Local" value="{caAdapter_Home}\components\hl7Transformation\test\data\Transformation\Functions\vocabulay\example.vom"/>
      </component>
   </components>
   <links>
      <link>
         <source>
            <linkpointer kind="scs" xmlPath="ORGS.PERSAD.City"/>
         </source>
         <target>
            <linkpointer kind="function" xmlPath="function.43.inputs.0"/>
         </target>
      </link>
      <link>
         <source>
            <linkpointer kind="function" xmlPath="function.43.outputs.0"/>
         </source>
         <target>
            <linkpointer kind="h3s" xmlPath="Organization.id00.extension"/>
         </target>
      </link>
   </links>
   <views>
      <view component-id="source.scs.0" height="0" width="0" x="0" y="0"/>
      <view component-id="target.h3s.0" height="0" width="0" x="0" y="0"/>
      <view component-id="function.43" height="43" width="109" x="96" y="120"/>
   </views>
</mapping>