<?xml version="1.0" encoding="UTF-8"?>
<map xmlns:xsi="http://www.w3.org/2001/XMLSchema-instance" messageId="PORR_MT040001" source="C:\Projects\hl7sdk\map\himss\040001Data.csv" type="csv" xsi:type="map">
   <clone clonename="AdverseEventInvestigation" source=".\map\himss\040001Default.csv" type="csv">
      <attribute name="classCode"/>
      <attribute name="moodCode"/>
      <attribute name="id">
         <datatypeField col="1" default="true" name="root"/>
         <datatypeField col="2" default="true" name="extension"/>
      </attribute>
      <attribute name="code">
         <datatypeField col="3" default="true" name="code"/>
         <datatypeField col="4" default="true" name="codeSystem"/>
         <datatypeField col="5" default="true" name="codeSystemName"/>
         <datatypeField col="6" default="true" name="codeSystemVersion"/>
         <datatypeField col="7" default="true" name="displayName"/>
      </attribute>
      <attribute name="text"/>
      <attribute name="statusCode">
         <datatypeField col="8" default="true" name="code"/>
         <datatypeField col="9" default="true" name="codeSystem"/>
      </attribute>
   </clone>
   <clone clonename="AdverseEventInvestigation.pertinentInformation14" source=".\map\himss\040001Default.csv" type="csv">
      <attribute name="typeCode"/>
      <attribute name="contextControlCode">
         <datatypeField col="10" default="true" name="code"/>
      </attribute>
      <attribute name="contextConductionInd">
         <datatypeField col="11" default="true" name="value"/>
      </attribute>
   </clone>
   <clone clonename="AdverseEventInvestigation.pertinentInformation14.pertinentCaseSeriousness" source=".\map\himss\040001Default.csv" type="csv">
      <attribute name="classCode"/>
      <attribute name="moodCode"/>
      <attribute name="code">
         <datatypeField col="12" default="true" name="code"/>
         <datatypeField col="13" default="true" name="codeSystem"/>
         <datatypeField col="14" default="true" name="codeSystemName"/>
         <datatypeField col="15" default="true" name="codeSystemVersion"/>
         <datatypeField col="16" default="true" name="displayName"/>
      </attribute>
      <attribute name="value">
         <datatypeField col="12" name="code" source="C:\Projects\hl7sdk\map\himss\040001Data.csv"/>
         <datatypeField col="17" default="true" name="codeSystem"/>
         <datatypeField col="18" default="true" name="codeSystemName"/>
         <datatypeField col="19" default="true" name="codeSystemVersion"/>
      </attribute>
   </clone>
   <clone clonename="AdverseEventInvestigation.pertainsTo" source=".\map\himss\040001Default.csv" type="csv">
      <attribute name="typeCode"/>
      <attribute name="contextControlCode">
         <datatypeField col="20" default="true" name="code"/>
      </attribute>
      <attribute name="contextConductionInd">
         <datatypeField col="21" default="true" name="value"/>
      </attribute>
      <attribute name="priorityNumber">
         <datatypeField col="22" default="true" name="value"/>
      </attribute>
   </clone>
   <clone clonename="AdverseEventInvestigation.pertainsTo.subjectSubstanceAdministrationEvent" source=".\map\himss\040001Default.csv" type="csv">
      <attribute name="classCode"/>
      <attribute name="moodCode"/>
      <attribute name="code">
         <datatypeField col="23" default="true" name="code"/>
         <datatypeField col="24" default="true" name="codeSystem"/>
         <datatypeField col="25" default="true" name="codeSystemName"/>
         <datatypeField col="26" default="true" name="codeSystemVersion"/>
         <datatypeField col="27" default="true" name="displayName"/>
      </attribute>
      <attribute name="text"/>
      <attribute name="effectiveTime">
         <attribute name="low" source="C:\Projects\hl7sdk\map\himss\040001Data.csv">
            <datatypeField col="18" name="value" source="C:\Projects\hl7sdk\map\himss\040001Data.csv"/>
         </attribute>
         <datatypeField col="28" default="true" name="lowClosed" source=".\map\himss\040001Default.csv"/>
      </attribute>
      <attribute name="routeCode">
         <datatypeField col="22" name="code" source="C:\Projects\hl7sdk\map\himss\040001Data.csv"/>
         <datatypeField col="29" default="true" name="codeSystem"/>
      </attribute>
      <attribute name="doseQuantity">
         <datatypeField col="20" name="value" source="C:\Projects\hl7sdk\map\himss\040001Data.csv"/>
         <datatypeField col="21" name="unit" source="C:\Projects\hl7sdk\map\himss\040001Data.csv"/>
      </attribute>
   </clone>
   <clone clonename="AdverseEventInvestigation.pertainsTo.subjectSubstanceAdministrationEvent.directTarget" source=".\map\himss\040001Default.csv" type="csv">
      <attribute name="typeCode"/>
      <attribute name="contextControlCode">
         <datatypeField col="30" default="true" name="code"/>
      </attribute>
   </clone>
   <clone clonename="AdverseEventInvestigation.pertainsTo.subjectSubstanceAdministrationEvent.directTarget.manufacturedProduct" source=".\map\himss\040001Default.csv" type="csv">
      <attribute name="classCode"/>
      <attribute name="code">
         <datatypeField col="17" name="code" source="C:\Projects\hl7sdk\map\himss\040001Data.csv"/>
         <datatypeField col="31" default="true" name="codeSystem"/>
      </attribute>
   </clone>
   <clone clonename="AdverseEventInvestigation.pertainsTo.subjectSubstanceAdministrationEvent.directTarget.manufacturedProduct.manufacturedDrugInstance" source=".\map\himss\040001Default.csv" type="csv">
      <attribute name="classCode"/>
      <attribute name="determinerCode"/>
      <attribute name="code">
         <datatypeField col="32" default="true" name="code"/>
         <datatypeField col="33" default="true" name="codeSystem"/>
         <datatypeField col="34" default="true" name="codeSystemName"/>
         <datatypeField col="35" default="true" name="codeSystemVersion"/>
         <datatypeField col="36" default="true" name="displayName"/>
      </attribute>
      <attribute name="name">
         <datatypeField col="16" name="inlineText" source="C:\Projects\hl7sdk\map\himss\040001Data.csv"/>
         <datatypeField col="37" default="true" name="use"/>
      </attribute>
      <attribute name="name">
         <datatypeField col="38" default="true" name="inlineText"/>
         <datatypeField col="39" default="true" name="use"/>
      </attribute>
      <attribute name="lotNumberText">
         <datatypeField col="23" name="inlineText" source="C:\Projects\hl7sdk\map\himss\040001Data.csv"/>
      </attribute>
      <attribute name="expirationTime">
         <attribute name="high">
            <datatypeField col="40" default="true" name="value"/>
         </attribute>
         <datatypeField col="41" default="true" name="highClosed"/>
      </attribute>
      <attribute name="capacityQuantity"/>
   </clone>
   <clone clonename="AdverseEventInvestigation.pertainsTo.subjectSubstanceAdministrationEvent.directTarget.manufacturedProduct.manufacturerManufacturingSite" source=".\map\himss\040001Default.csv" type="csv">
      <attribute name="classCode"/>
      <attribute name="determinerCode"/>
      <attribute name="code">
         <datatypeField col="42" default="true" name="code"/>
         <datatypeField col="43" default="true" name="codeSystem"/>
         <datatypeField col="44" default="true" name="codeSystemName"/>
         <datatypeField col="45" default="true" name="codeSystemVersion"/>
         <datatypeField col="46" default="true" name="displayName"/>
      </attribute>
      <attribute name="name">
         <datatypeField col="47" default="true" name="inlineText"/>
         <datatypeField col="48" default="true" name="use"/>
      </attribute>
      <attribute name="addr"/>
   </clone>
   <clone clonename="AdverseEventInvestigation.pertainsTo.subjectSubstanceAdministrationEvent.pertinentInformation1" source=".\map\himss\040001Default.csv" type="csv">
      <attribute name="typeCode"/>
      <attribute name="contextControlCode">
         <datatypeField col="49" default="true" name="code"/>
      </attribute>
      <attribute name="contextConductionInd">
         <datatypeField col="50" default="true" name="value"/>
      </attribute>
      <attribute name="pauseQuantity"/>
   </clone>
   <clone clonename="AdverseEventInvestigation.pertainsTo.subjectSubstanceAdministrationEvent.pertinentInformation1.pertinentObservationDx" source=".\map\himss\040001Default.csv" type="csv">
      <attribute name="classCode"/>
      <attribute name="moodCode"/>
      <attribute name="id">
         <datatypeField col="51" default="true" name="root"/>
         <datatypeField col="52" default="true" name="extension"/>
      </attribute>
      <attribute name="code">
         <datatypeField col="53" default="true" name="code"/>
         <datatypeField col="54" default="true" name="codeSystem"/>
         <datatypeField col="55" default="true" name="displayName"/>
      </attribute>
      <attribute name="negationInd">
         <datatypeField col="56" default="true" name="value"/>
      </attribute>
      <attribute name="statusCode">
         <datatypeField col="57" default="true" name="code"/>
         <datatypeField col="58" default="true" name="codeSystem"/>
      </attribute>
      <attribute name="effectiveTime"/>
      <attribute name="value">
         <datatypeField col="59" default="true" name="code"/>
         <datatypeField col="60" default="true" name="codeSystem"/>
         <datatypeField col="61" default="true" name="displayName"/>
      </attribute>
      <attribute name="targetSiteCode"/>
   </clone>
   <clone clonename="AdverseEventInvestigation.pertainsTo.subjectSubstanceAdministrationEvent.pertinentInformation1.pertinentObservationDx.author" source=".\map\himss\040001Default.csv" type="csv">
      <attribute name="typeCode"/>
      <attribute name="contextControlCode">
         <datatypeField col="62" default="true" name="code"/>
      </attribute>
   </clone>
   <clone clonename="AdverseEventInvestigation.pertainsTo.subjectSubstanceAdministrationEvent.pertinentInformation1.pertinentObservationDx.author.assignedEntity" source=".\map\himss\040001Default.csv" type="csv">
      <attribute name="classCode"/>
      <attribute name="id">
         <datatypeField col="63" default="true" name="root"/>
         <datatypeField col="64" default="true" name="extension"/>
      </attribute>
      <attribute name="id">
         <datatypeField col="65" default="true" name="root"/>
         <datatypeField col="66" default="true" name="extension"/>
      </attribute>
      <attribute name="code">
         <datatypeField col="67" default="true" name="code"/>
         <datatypeField col="68" default="true" name="codeSystem"/>
         <datatypeField col="69" default="true" name="displayName"/>
      </attribute>
   </clone>
   <clone clonename="AdverseEventInvestigation.pertainsTo.subjectSubstanceAdministrationEvent.pertinentInformation2" source=".\map\himss\040001Default.csv" type="csv">
      <attribute name="typeCode"/>
      <attribute name="contextControlCode">
         <datatypeField col="70" default="true" name="code"/>
      </attribute>
      <attribute name="contextConductionInd">
         <datatypeField col="71" default="true" name="value"/>
      </attribute>
   </clone>
   <clone clonename="AdverseEventInvestigation.pertainsTo.subjectSubstanceAdministrationEvent.pertinentInformation2.pertinentActionTaken" source=".\map\himss\040001Default.csv" type="csv">
      <attribute name="classCode"/>
      <attribute name="moodCode"/>
      <attribute name="code">
         <datatypeField col="72" default="true" name="code"/>
         <datatypeField col="73" default="true" name="codeSystem"/>
         <datatypeField col="74" default="true" name="displayName"/>
      </attribute>
      <attribute name="value">
         <datatypeField col="15" name="code" source="C:\Projects\hl7sdk\map\himss\040001Data.csv"/>
         <datatypeField col="75" default="true" name="codeSystem"/>
      </attribute>
   </clone>
   <clone clonename="AdverseEventInvestigation.trigger" source=".\map\himss\040001Default.csv" type="csv">
      <attribute name="typeCode"/>
      <attribute name="contextControlCode">
         <datatypeField col="76" default="true" name="code"/>
      </attribute>
      <attribute name="contextConductionInd">
         <datatypeField col="77" default="true" name="value"/>
      </attribute>
      <attribute name="priorityNumber"/>
   </clone>
   <clone clonename="AdverseEventInvestigation.trigger.reaction" source=".\map\himss\040001Default.csv" type="csv">
      <attribute name="classCode"/>
      <attribute name="moodCode"/>
      <attribute name="code">
         <datatypeField col="78" default="true" name="code"/>
         <datatypeField col="79" default="true" name="codeSystem"/>
      </attribute>
      <attribute name="text">
         <datatypeField col="8" name="inlineText" source="C:\Projects\hl7sdk\map\himss\040001Data.csv"/>
      </attribute>
      <attribute name="effectiveTime">
         <attribute name="low" source="C:\Projects\hl7sdk\map\himss\040001Data.csv">
            <datatypeField col="10" name="value" source="C:\Projects\hl7sdk\map\himss\040001Data.csv"/>
         </attribute>
         <datatypeField col="80" default="true" name="lowClosed" source=".\map\himss\040001Default.csv"/>
      </attribute>
      <attribute name="value">
         <datatypeField col="81" default="true" name="code"/>
         <datatypeField col="82" default="true" name="codeSystem"/>
         <datatypeField col="83" default="true" name="codeSystemName"/>
         <datatypeField col="84" default="true" name="codeSystemVersion"/>
         <datatypeField col="7" name="displayName" source="C:\Projects\hl7sdk\map\himss\040001Data.csv"/>
      </attribute>
   </clone>
   <clone clonename="AdverseEventInvestigation.trigger.reaction.subject" source=".\map\himss\040001Default.csv" type="csv">
      <attribute name="typeCode"/>
      <attribute name="contextControlCode">
         <datatypeField col="85" default="true" name="code"/>
      </attribute>
   </clone>
   <clone clonename="AdverseEventInvestigation.trigger.reaction.subject.patientRole" source=".\map\himss\040001Default.csv" type="csv">
      <attribute name="classCode"/>
   </clone>
   <clone clonename="AdverseEventInvestigation.trigger.reaction.subject.patientRole.patientPerson" source=".\map\himss\040001Default.csv" type="csv">
      <attribute name="classCode"/>
      <attribute name="determinerCode"/>
      <attribute name="name"/>
      <attribute name="telecom">
         <datatypeField col="86" default="true" name="value"/>
         <datatypeField col="87" default="true" name="use"/>
      </attribute>
      <attribute name="administrativeGenderCode">
         <datatypeField col="4" name="code" source="C:\Projects\hl7sdk\map\himss\040001Data.csv"/>
         <datatypeField col="88" default="true" name="codeSystem"/>
      </attribute>
      <attribute name="birthTime">
         <datatypeField col="3" name="value" source="C:\Projects\hl7sdk\map\himss\040001Data.csv"/>
      </attribute>
      <attribute name="addr"/>
      <attribute name="raceCode">
         <datatypeField col="6" name="code" source="C:\Projects\hl7sdk\map\himss\040001Data.csv"/>
         <datatypeField col="89" default="true" name="codeSystem"/>
      </attribute>
      <attribute name="ethnicGroupCode">
         <datatypeField col="5" name="code" source="C:\Projects\hl7sdk\map\himss\040001Data.csv"/>
         <datatypeField col="90" default="true" name="codeSystem"/>
      </attribute>
   </clone>
   <clone clonename="AdverseEventInvestigation.trigger.reaction.subject.patientRole.patientPerson.identification" source=".\map\himss\040001Default.csv" type="csv">
      <attribute name="classCode"/>
      <attribute name="id">
         <datatypeField col="91" default="true" name="root"/>
         <datatypeField col="2" name="extension" source="C:\Projects\hl7sdk\map\himss\040001Data.csv"/>
      </attribute>
      <attribute name="code"/>
   </clone>
   <clone clonename="AdverseEventInvestigation.trigger.reaction.subject.patientRole.patientPerson.subjectOf" source=".\map\himss\040001Default.csv" type="csv">
      <attribute name="classCode"/>
      <attribute name="id"/>
   </clone>
   <clone clonename="AdverseEventInvestigation.trigger.reaction.subject.patientRole.patientPerson.subjectOf.recordTargetOf" source=".\map\himss\040001Default.csv" type="csv">
      <attribute name="typeCode"/>
      <attribute name="contextControlCode">
         <datatypeField col="92" default="true" name="code"/>
      </attribute>
   </clone>
   <clone clonename="AdverseEventInvestigation.trigger.reaction.subject.patientRole.patientPerson.subjectOf.recordTargetOf.subjectAssignment" source=".\map\himss\040001Default.csv" type="csv">
      <attribute name="classCode"/>
      <attribute name="moodCode"/>
   </clone>
   <clone clonename="AdverseEventInvestigation.trigger.reaction.subject.patientRole.patientPerson.subjectOf.recordTargetOf.subjectAssignment.componentOf" source=".\map\himss\040001Default.csv" type="csv">
      <attribute name="typeCode"/>
      <attribute name="contextControlCode">
         <datatypeField col="93" default="true" name="code"/>
      </attribute>
      <attribute name="contextConductionInd">
         <datatypeField col="94" default="true" name="value"/>
      </attribute>
   </clone>
   <clone clonename="AdverseEventInvestigation.trigger.reaction.subject.patientRole.patientPerson.subjectOf.recordTargetOf.subjectAssignment.componentOf.clinicalTrial" source=".\map\himss\040001Default.csv" type="csv">
      <attribute name="classCode"/>
      <attribute name="moodCode"/>
      <attribute name="id">
         <datatypeField col="95" default="true" name="root"/>
         <datatypeField col="1" name="extension" source="C:\Projects\hl7sdk\map\himss\040001Data.csv"/>
      </attribute>
      <attribute name="title">
         <datatypeField col="96" default="true" name="inlineText"/>
      </attribute>
      <attribute name="code"/>
   </clone>
   <clone clonename="AdverseEventInvestigation.trigger.reaction.pertinentInformation12" source=".\map\himss\040001Default.csv" type="csv">
      <attribute name="typeCode"/>
      <attribute name="contextControlCode">
         <datatypeField col="97" default="true" name="code"/>
      </attribute>
      <attribute name="contextConductionInd">
         <datatypeField col="98" default="true" name="value"/>
      </attribute>
   </clone>
   <clone clonename="AdverseEventInvestigation.trigger.reaction.pertinentInformation12.pertinentReactionRelatedness" source=".\map\himss\040001Default.csv" type="csv">
      <attribute name="classCode"/>
      <attribute name="moodCode"/>
      <attribute name="code">
         <datatypeField col="13" name="code" source="C:\Projects\hl7sdk\map\himss\040001Data.csv"/>
         <datatypeField col="99" default="true" name="codeSystem"/>
      </attribute>
      <attribute name="text"/>
      <attribute name="value" subClass="ST">
         <datatypeField col="101" default="true" name="inlineText"/>
      </attribute>
      <attribute name="methodCode"/>
   </clone>
   <clone clonename="AdverseEventInvestigation.trigger.reaction.pertinentInformation12.pertinentReactionRelatedness.pertainsTo" source=".\map\himss\040001Default.csv" type="csv">
      <attribute name="typeCode"/>
      <attribute name="contextControlCode">
         <datatypeField col="102" default="true" name="code"/>
      </attribute>
      <attribute name="contextConductionInd">
         <datatypeField col="103" default="true" name="value"/>
      </attribute>
   </clone>
   <clone clonename="AdverseEventInvestigation.trigger.reaction.pertinentInformation12.pertinentReactionRelatedness.pertainsTo.subjectSubstanceAdministrationEvent" source=".\map\himss\040001Default.csv" type="csv">
      <attribute name="classCode"/>
      <attribute name="moodCode"/>
      <attribute name="code">
         <datatypeField col="104" default="true" name="code"/>
         <datatypeField col="105" default="true" name="codeSystem"/>
         <datatypeField col="106" default="true" name="codeSystemName"/>
         <datatypeField col="107" default="true" name="codeSystemVersion"/>
         <datatypeField col="108" default="true" name="displayName"/>
      </attribute>
      <attribute name="text"/>
      <attribute name="effectiveTime">
         <attribute name="low" source="C:\Projects\hl7sdk\map\himss\040001Data.csv">
            <datatypeField col="18" name="value" source="C:\Projects\hl7sdk\map\himss\040001Data.csv"/>
         </attribute>
         <datatypeField col="109" default="true" name="lowClosed" source=".\map\himss\040001Default.csv"/>
      </attribute>
      <attribute name="routeCode">
         <datatypeField col="22" name="code" source="C:\Projects\hl7sdk\map\himss\040001Data.csv"/>
         <datatypeField col="110" default="true" name="codeSystem"/>
      </attribute>
      <attribute name="doseQuantity">
         <datatypeField col="20" name="value" source="C:\Projects\hl7sdk\map\himss\040001Data.csv"/>
         <datatypeField col="21" name="unit" source="C:\Projects\hl7sdk\map\himss\040001Data.csv"/>
      </attribute>
   </clone>
   <clone clonename="AdverseEventInvestigation.trigger.reaction.pertinentInformation12.pertinentReactionRelatedness.pertainsTo.subjectSubstanceAdministrationEvent.directTarget" source=".\map\himss\040001Default.csv" type="csv">
      <attribute name="typeCode"/>
      <attribute name="contextControlCode">
         <datatypeField col="111" default="true" name="code"/>
      </attribute>
   </clone>
   <clone clonename="AdverseEventInvestigation.trigger.reaction.pertinentInformation12.pertinentReactionRelatedness.pertainsTo.subjectSubstanceAdministrationEvent.directTarget.manufacturedProduct" source=".\map\himss\040001Default.csv" type="csv">
      <attribute name="classCode"/>
      <attribute name="code">
         <datatypeField col="17" name="code" source="C:\Projects\hl7sdk\map\himss\040001Data.csv"/>
         <datatypeField col="112" default="true" name="codeSystem"/>
      </attribute>
   </clone>
   <clone clonename="AdverseEventInvestigation.trigger.reaction.pertinentInformation12.pertinentReactionRelatedness.pertainsTo.subjectSubstanceAdministrationEvent.directTarget.manufacturedProduct.manufacturedDrugInstance" source=".\map\himss\040001Default.csv" type="csv">
      <attribute name="classCode"/>
      <attribute name="determinerCode"/>
      <attribute name="code">
         <datatypeField col="113" default="true" name="code"/>
         <datatypeField col="114" default="true" name="codeSystem"/>
         <datatypeField col="115" default="true" name="codeSystemName"/>
         <datatypeField col="116" default="true" name="codeSystemVersion"/>
         <datatypeField col="117" default="true" name="displayName"/>
      </attribute>
      <attribute name="name">
         <datatypeField col="16" name="inlineText" source="C:\Projects\hl7sdk\map\himss\040001Data.csv"/>
         <datatypeField col="118" default="true" name="use"/>
      </attribute>
      <attribute name="lotNumberText">
         <datatypeField col="23" name="inlineText" source="C:\Projects\hl7sdk\map\himss\040001Data.csv"/>
      </attribute>
      <attribute name="expirationTime">
         <attribute name="high">
            <datatypeField col="119" default="true" name="value"/>
         </attribute>
         <datatypeField col="120" default="true" name="highClosed"/>
      </attribute>
      <attribute name="capacityQuantity"/>
   </clone>
   <clone clonename="AdverseEventInvestigation.trigger.reaction.pertinentInformation12.pertinentReactionRelatedness.pertainsTo.subjectSubstanceAdministrationEvent.directTarget.manufacturedProduct.manufacturerManufacturingSite" source=".\map\himss\040001Default.csv" type="csv">
      <attribute name="classCode"/>
      <attribute name="determinerCode"/>
      <attribute name="code">
         <datatypeField col="121" default="true" name="code"/>
         <datatypeField col="122" default="true" name="codeSystem"/>
         <datatypeField col="123" default="true" name="codeSystemName"/>
         <datatypeField col="124" default="true" name="codeSystemVersion"/>
         <datatypeField col="125" default="true" name="displayName"/>
      </attribute>
      <attribute name="name">
         <datatypeField col="126" default="true" name="inlineText"/>
         <datatypeField col="127" default="true" name="use"/>
      </attribute>
      <attribute name="addr"/>
   </clone>
   <clone clonename="AdverseEventInvestigation.trigger.reaction.pertinentInformation12.pertinentReactionRelatedness.pertainsTo.subjectSubstanceAdministrationEvent.pertinentInformation1" source=".\map\himss\040001Default.csv" type="csv">
      <attribute name="typeCode"/>
      <attribute name="contextControlCode">
         <datatypeField col="128" default="true" name="code"/>
      </attribute>
      <attribute name="contextConductionInd">
         <datatypeField col="129" default="true" name="value"/>
      </attribute>
      <attribute name="pauseQuantity"/>
   </clone>
   <clone clonename="AdverseEventInvestigation.trigger.reaction.pertinentInformation12.pertinentReactionRelatedness.pertainsTo.subjectSubstanceAdministrationEvent.pertinentInformation1.pertinentObservationDx" source=".\map\himss\040001Default.csv" type="csv">
      <attribute name="classCode"/>
      <attribute name="moodCode"/>
      <attribute name="id">
         <datatypeField col="130" default="true" name="root"/>
         <datatypeField col="131" default="true" name="extension"/>
      </attribute>
      <attribute name="code">
         <datatypeField col="132" default="true" name="code"/>
         <datatypeField col="133" default="true" name="codeSystem"/>
         <datatypeField col="134" default="true" name="displayName"/>
      </attribute>
      <attribute name="negationInd">
         <datatypeField col="135" default="true" name="value"/>
      </attribute>
      <attribute name="statusCode">
         <datatypeField col="136" default="true" name="code"/>
         <datatypeField col="137" default="true" name="codeSystem"/>
      </attribute>
      <attribute name="effectiveTime"/>
      <attribute name="value">
         <datatypeField col="138" default="true" name="code"/>
         <datatypeField col="139" default="true" name="codeSystem"/>
         <datatypeField col="140" default="true" name="displayName"/>
      </attribute>
      <attribute name="targetSiteCode"/>
   </clone>
   <clone clonename="AdverseEventInvestigation.trigger.reaction.pertinentInformation12.pertinentReactionRelatedness.pertainsTo.subjectSubstanceAdministrationEvent.pertinentInformation1.pertinentObservationDx.author" source=".\map\himss\040001Default.csv" type="csv">
      <attribute name="typeCode"/>
      <attribute name="contextControlCode">
         <datatypeField col="141" default="true" name="code"/>
      </attribute>
   </clone>
   <clone clonename="AdverseEventInvestigation.trigger.reaction.pertinentInformation12.pertinentReactionRelatedness.pertainsTo.subjectSubstanceAdministrationEvent.pertinentInformation1.pertinentObservationDx.author.assignedEntity" source=".\map\himss\040001Default.csv" type="csv">
      <attribute name="classCode"/>
      <attribute name="id">
         <datatypeField col="142" default="true" name="root"/>
         <datatypeField col="143" default="true" name="extension"/>
      </attribute>
      <attribute name="code">
         <datatypeField col="144" default="true" name="code"/>
         <datatypeField col="145" default="true" name="codeSystem"/>
         <datatypeField col="146" default="true" name="displayName"/>
      </attribute>
   </clone>
   <clone clonename="AdverseEventInvestigation.trigger.reaction.pertinentInformation12.pertinentReactionRelatedness.pertainsTo.subjectSubstanceAdministrationEvent.pertinentInformation2" source=".\map\himss\040001Default.csv" type="csv">
      <attribute name="typeCode"/>
      <attribute name="contextControlCode">
         <datatypeField col="147" default="true" name="code"/>
      </attribute>
      <attribute name="contextConductionInd">
         <datatypeField col="148" default="true" name="value"/>
      </attribute>
   </clone>
   <clone clonename="AdverseEventInvestigation.trigger.reaction.pertinentInformation12.pertinentReactionRelatedness.pertainsTo.subjectSubstanceAdministrationEvent.pertinentInformation2.pertinentActionTaken" source=".\map\himss\040001Default.csv" type="csv">
      <attribute name="classCode"/>
      <attribute name="moodCode"/>
      <attribute name="code">
         <datatypeField col="149" default="true" name="code"/>
         <datatypeField col="150" default="true" name="codeSystem"/>
         <datatypeField col="151" default="true" name="displayName"/>
      </attribute>
      <attribute name="value">
         <datatypeField col="15" name="code" source="C:\Projects\hl7sdk\map\himss\040001Data.csv"/>
         <datatypeField col="152" default="true" name="codeSystem"/>
      </attribute>
   </clone>
   <clone clonename="AdverseEventInvestigation.trigger.reaction.pertinentInformation18" source=".\map\himss\040001Default.csv" type="csv">
      <attribute name="typeCode"/>
      <attribute name="contextControlCode">
         <datatypeField col="153" default="true" name="code"/>
      </attribute>
      <attribute name="contextConductionInd">
         <datatypeField col="154" default="true" name="value"/>
      </attribute>
   </clone>
   <clone clonename="AdverseEventInvestigation.trigger.reaction.pertinentInformation18.pertinentSeverity" source=".\map\himss\040001Default.csv" type="csv">
      <attribute name="classCode"/>
      <attribute name="moodCode"/>
      <attribute name="code">
         <datatypeField col="155" default="true" name="code"/>
         <datatypeField col="156" default="true" name="codeSystem"/>
      </attribute>
      <attribute name="value">
         <datatypeField col="9" name="code" source="C:\Projects\hl7sdk\map\himss\040001Data.csv"/>
         <datatypeField col="157" default="true" name="codeSystem"/>
         <datatypeField col="158" default="true" name="codeSystemName"/>
         <datatypeField col="159" default="true" name="codeSystemVersion"/>
      </attribute>
   </clone>
   <clone clonename="AdverseEventInvestigation.trigger.reaction.pertinentInformation6" source=".\map\himss\040001Default.csv" type="csv">
      <attribute name="typeCode"/>
      <attribute name="contextControlCode">
         <datatypeField col="160" default="true" name="code"/>
      </attribute>
      <attribute name="contextConductionInd">
         <datatypeField col="161" default="true" name="value"/>
      </attribute>
   </clone>
   <clone clonename="AdverseEventInvestigation.trigger.reaction.pertinentInformation6.pertinentPrimarySourceReport" source=".\map\himss\040001Default.csv" type="csv">
      <attribute name="classCode"/>
      <attribute name="moodCode"/>
      <attribute name="id">
         <datatypeField col="162" default="true" name="root"/>
         <datatypeField col="163" default="true" name="extension"/>
      </attribute>
      <attribute name="code">
         <datatypeField col="164" default="true" name="code"/>
         <datatypeField col="165" default="true" name="codeSystem"/>
      </attribute>
      <attribute name="title">
         <datatypeField col="166" default="true" name="inlineText"/>
      </attribute>
      <attribute name="statusCode"/>
      <attribute name="effectiveTime">
         <attribute name="low" source="C:\Projects\hl7sdk\map\himss\040001Data.csv">
            <datatypeField col="10" name="value" source="C:\Projects\hl7sdk\map\himss\040001Data.csv"/>
         </attribute>
         <datatypeField col="167" default="true" name="lowClosed" source=".\map\himss\040001Default.csv"/>
      </attribute>
   </clone>
   <clone clonename="AdverseEventInvestigation.trigger.reaction.pertinentInformation6.pertinentPrimarySourceReport.author" source=".\map\himss\040001Default.csv" type="csv">
      <attribute name="typeCode"/>
      <attribute name="contextControlCode">
         <datatypeField col="168" default="true" name="code"/>
      </attribute>
   </clone>
   <clone clonename="AdverseEventInvestigation.trigger.reaction.pertinentInformation6.pertinentPrimarySourceReport.author.assignedEntity" source=".\map\himss\040001Default.csv" type="csv">
      <attribute name="classCode"/>
      <attribute name="id">
         <datatypeField col="169" default="true" name="root"/>
         <datatypeField col="170" default="true" name="extension"/>
      </attribute>
      <attribute name="code">
         <datatypeField col="171" default="true" name="code"/>
         <datatypeField col="172" default="true" name="codeSystem"/>
         <datatypeField col="173" default="true" name="displayName"/>
      </attribute>
      <attribute name="addr">
         <datatypeField col="174" default="true" name="inlineText"/>
         <datatypeField col="175" default="true" name="use"/>
      </attribute>
   </clone>
   <clone clonename="AdverseEventInvestigation.trigger.reaction.pertinentInformation6.pertinentPrimarySourceReport.author.assignedEntity.assignedPerson" source=".\map\himss\040001Default.csv" type="csv">
      <attribute name="classCode"/>
      <attribute name="determinerCode"/>
      <attribute name="name">
         <datatypeField col="176" default="true" name="inlineText"/>
         <datatypeField col="177" default="true" name="use"/>
      </attribute>
   </clone>
   <clone clonename="AdverseEventInvestigation.trigger.reaction.pertinentInformation6.pertinentPrimarySourceReport.author.assignedEntity.representedOrganization" source=".\map\himss\040001Default.csv" type="csv">
      <attribute name="classCode"/>
      <attribute name="determinerCode"/>
      <attribute name="id">
         <datatypeField col="178" default="true" name="root"/>
         <datatypeField col="179" default="true" name="extension"/>
      </attribute>
      <attribute name="code">
         <datatypeField col="180" default="true" name="code"/>
         <datatypeField col="181" default="true" name="codeSystem"/>
      </attribute>
      <attribute name="name">
         <datatypeField col="182" default="true" name="inlineText"/>
         <datatypeField col="183" default="true" name="use"/>
      </attribute>
   </clone>
</map>