<?xml version="1.0" encoding="UTF-8"?>
<map xmlns:xsi="http://www.w3.org/2001/XMLSchema-instance" messageId="COCT_MT090102" source="C:\projects\hl7sdk\map\himss\090102Data.csv" type="csv" xsi:type="map">
   <clone clonename="AssignedPerson" source=".\map\himss\090102Default.csv" type="csv">
      <attribute name="classCode"/>
      <attribute name="id">
         <datatypeField col="1" default="true" name="root"/>
         <datatypeField col="2" default="true" name="extension"/>
      </attribute>
      <attribute name="id">
         <datatypeField col="3" default="true" name="root"/>
         <datatypeField col="4" default="true" name="extension"/>
      </attribute>
      <attribute name="code">
         <datatypeField col="5" default="true" name="code"/>
         <datatypeField col="6" default="true" name="codeSystem"/>
         <datatypeField col="1" name="codeSystemName" source="C:\projects\hl7sdk\map\himss\090102Data.csv"/>
         <datatypeField col="2" name="codeSystemVersion" source="C:\projects\hl7sdk\map\himss\090102Data.csv"/>
         <datatypeField col="7" default="true" name="displayName"/>
      </attribute>
      <attribute name="addr">
         <datatypeField col="8" default="true" name="use"/>
         <attribute name="streetAddressLine">
            <datatypeField col="9" default="true" name="inlineText"/>
         </attribute>
         <attribute name="city">
            <datatypeField col="10" default="true" name="inlineText"/>
         </attribute>
         <attribute name="state">
            <datatypeField col="11" default="true" name="inlineText"/>
         </attribute>
         <attribute name="postalCode">
            <datatypeField col="12" default="true" name="inlineText"/>
         </attribute>
      </attribute>
   </clone>
   <clone clonename="AssignedPerson.assignedPerson" source=".\map\himss\090102Default.csv" type="csv">
      <attribute name="classCode"/>
      <attribute name="determinerCode"/>
      <attribute name="name">
         <datatypeField col="13" default="true" name="use"/>
         <attribute name="prefix">
            <datatypeField col="14" default="true" name="inlineText"/>
         </attribute>
         <attribute name="family">
            <datatypeField col="15" default="true" name="inlineText"/>
         </attribute>
      </attribute>
      <attribute name="name">
         <datatypeField col="16" default="true" name="use"/>
         <attribute name="prefix">
            <datatypeField col="17" default="true" name="inlineText"/>
         </attribute>
         <attribute name="family">
            <datatypeField col="18" default="true" name="inlineText"/>
         </attribute>
      </attribute>
   </clone>
   <clone clonename="AssignedPerson.representedOrganization" source=".\map\himss\090102Default.csv" type="csv">
      <attribute name="classCode"/>
      <attribute name="determinerCode"/>
      <attribute name="id">
         <datatypeField col="19" default="true" name="root"/>
         <datatypeField col="20" default="true" name="extension"/>
      </attribute>
      <attribute name="code">
         <datatypeField col="21" default="true" name="code"/>
         <datatypeField col="22" default="true" name="codeSystem"/>
      </attribute>
      <attribute name="name">
         <datatypeField col="23" default="true" name="inlineText"/>
         <datatypeField col="24" default="true" name="use"/>
      </attribute>
   </clone>
</map>