<?xml version="1.0" encoding="UTF-8" standalone="yes"?>
<mapping xmlns:ns2="http://cmts.cbiit.nci.nih.gov/core">
    <components>
        <component id="0" type="source" kind="xml" location="..\hl7v2\hl7v2xsd\2.4\ADT_A03.xsd">
            <rootElement isChoice="false" isChosen="false" isEnabled="false" isRecursive="false" isSimple="true" id="/ADT_A03" idSpec="X-path" name="ADT_A03" nameSpace="urn:hl7-org:v2xml" type="ADT_A03.CONTENT">
                <ativated>true</ativated>
            </rootElement>
        </component>
        <component id="1" type="target" kind="xml" location="CDA_TestCase01.xsd">
            <rootElement isChoice="false" isChosen="false" isEnabled="false" isRecursive="false" isSimple="true" id="/ClinicalDocument" idSpec="X-path" name="ClinicalDocument" nameSpace="urn:hl7-org:v3" type="POCD_MT000040.ClinicalDocument">
                <ativated>true</ativated>
            </rootElement>
        </component>
        <component id="1280246945938" type="function">
            <function name="constant" group="constant" class="gov.nih.nci.cbiit.cmts.function.ConstantFunction" method="retrieveValue">
                <data name="constant" value="A123" type="String" input="false"/>
            </function>
        </component>
        <component id="1280247783048" type="function">
            <function name="constant" group="constant" class="gov.nih.nci.cbiit.cmts.function.ConstantFunction" method="retrieveValue">
                <data name="constant" value="Discharge Sumary" type="String" input="false"/>
            </function>
        </component>
        <component id="1280248348975" type="function">
            <function name="constant" group="constant" class="gov.nih.nci.cbiit.cmts.function.ConstantFunction" method="retrieveValue">
                <data name="constant" value="L" type="String" input="false"/>
            </function>
        </component>
        <component id="1280249073601" type="function">
            <function name="constant" group="constant" class="gov.nih.nci.cbiit.cmts.function.ConstantFunction" method="retrieveValue">
                <data name="constant" value="H" type="String" input="false"/>
            </function>
        </component>
        <component id="1287069172904" type="function">
            <function name="constant" group="constant" class="gov.nih.nci.cbiit.cmts.function.ConstantFunction" method="retrieveValue">
                <data name="constant" value="CDA Record" type="String" input="false"/>
            </function>
        </component>
        <component id="1287069638329" type="function">
            <function name="constant" group="constant" class="gov.nih.nci.cbiit.cmts.function.ConstantFunction" method="retrieveValue">
                <data name="constant" value="2.56.34.2345.5434.444" type="String" input="false"/>
            </function>
        </component>
        <component id="1287071959473" type="function">
            <function name="constant" group="constant" class="gov.nih.nci.cbiit.cmts.function.ConstantFunction" method="retrieveValue">
                <data name="constant" value="2.56.34.2345.5434.555" type="String" input="false"/>
            </function>
        </component>
        <component id="1287072120907" type="function">
            <function name="constant" group="constant" class="gov.nih.nci.cbiit.cmts.function.ConstantFunction" method="retrieveValue">
                <data name="constant" value="completed" type="String" input="false"/>
            </function>
        </component>
        <component id="1287073762630" type="function">
            <function name="constant" group="constant" class="gov.nih.nci.cbiit.cmts.function.ConstantFunction" method="retrieveValue">
                <data name="constant" value="Observation results" type="String" input="false"/>
            </function>
        </component>
        <component id="1287073824316" type="function">
            <function name="constant" group="constant" class="gov.nih.nci.cbiit.cmts.function.ConstantFunction" method="retrieveValue">
                <data name="constant" value="OBSR" type="String" input="false"/>
            </function>
        </component>
        <component id="1287073894408" type="function">
            <function name="constant" group="constant" class="gov.nih.nci.cbiit.cmts.function.ConstantFunction" method="retrieveValue">
                <data name="constant" value="PRCS" type="String" input="false"/>
            </function>
        </component>
        <component id="1287073942891" type="function">
            <function name="constant" group="constant" class="gov.nih.nci.cbiit.cmts.function.ConstantFunction" method="retrieveValue">
                <data name="constant" value="COMP" type="String" input="false"/>
            </function>
        </component>
        <component id="1287779779220" type="function">
            <function name="constant" group="constant" class="gov.nih.nci.cbiit.cmts.function.ConstantFunction" method="retrieveValue">
                <data name="constant" value="ACCM" type="String" input="false"/>
            </function>
        </component>
        <component id="1287779833779" type="function">
            <function name="constant" group="constant" class="gov.nih.nci.cbiit.cmts.function.ConstantFunction" method="retrieveValue">
                <data name="constant" value="APT" type="String" input="false"/>
            </function>
        </component>
        <component id="1287783816145" type="function">
            <function name="constant" group="constant" class="gov.nih.nci.cbiit.cmts.function.ConstantFunction" method="retrieveValue">
                <data name="constant" value="ALRT" type="String" input="false"/>
            </function>
        </component>
        <component id="1287783867717" type="function">
            <function name="constant" group="constant" class="gov.nih.nci.cbiit.cmts.function.ConstantFunction" method="retrieveValue">
                <data name="constant" value="DEF" type="String" input="false"/>
            </function>
        </component>
        <component id="1316813919783" type="function">
            <function name="constant" group="constant" class="gov.nih.nci.cbiit.cmts.function.ConstantFunction" method="retrieveValue">
                <data name="constant" value="tel:" type="String" input="false"/>
            </function>
        </component>
        <component id="1316813941345" type="function">
            <function name="concatenate" group="string" class="gov.nih.nci.cbiit.cmts.function.StringFunction" method="concatenate">
                <data name="string1" value="" type="string" input="true"/>
                <data name="string2" value="" type="string" input="true"/>
                <data name="result" type="string" input="false"/>
            </function>
        </component>
        <component id="1322269528581" type="function">
            <function name="constant" group="constant" class="gov.nih.nci.cbiit.cmts.function.ConstantFunction" method="retrieveValue">
                <data name="constant" value="9988" type="Integer" input="false"/>
            </function>
        </component>
    </components>
    <links>
        <link>
            <source componentid="1" id="/ClinicalDocument/typeId/@extension"/>
            <target componentid="1280246945938" id="constant"/>
        </link>
        <link>
            <source componentid="0" id="/ADT_A03/MSH/MSH.10"/>
            <target componentid="1" id="/ClinicalDocument/id/@extension"/>
        </link>
        <link>
            <source componentid="0" id="/ADT_A03/MSH/MSH.11/PT.1"/>
            <target componentid="1" id="/ClinicalDocument/code/@code"/>
        </link>
        <link>
            <source componentid="0" id="/ADT_A03/MSH/MSH.7/TS.1"/>
            <target componentid="1" id="/ClinicalDocument/effectiveTime/@value"/>
        </link>
        <link>
            <source componentid="0" id="/ADT_A03/MSH/MSH.11/PT.2"/>
            <target componentid="1" id="/ClinicalDocument/confidentialityCode/@code"/>
        </link>
        <link>
            <source componentid="0" id="/ADT_A03/MSH/MSH.19/CE.2"/>
            <target componentid="1" id="/ClinicalDocument/languageCode/@code"/>
        </link>
        <link>
            <source componentid="1" id="/ClinicalDocument/title"/>
            <target componentid="1280247783048" id="constant"/>
        </link>
        <link>
            <source componentid="0" id="/ADT_A03/PID"/>
            <target componentid="1" id="/ClinicalDocument/recordTarget/patientRole/patient"/>
        </link>
        <link>
            <source componentid="0" id="/ADT_A03/PID/PID.1"/>
            <target componentid="1" id="/ClinicalDocument/recordTarget/patientRole/patient/typeId/@extension"/>
        </link>
        <link>
            <source componentid="0" id="/ADT_A03/PID/PID.3/CX.1"/>
            <target componentid="1" id="/ClinicalDocument/recordTarget/patientRole/patient/id/@extension"/>
        </link>
        <link>
            <source componentid="1" id="/ClinicalDocument/recordTarget/patientRole/patient/name/@use"/>
            <target componentid="1280248348975" id="constant"/>
        </link>
        <link>
            <source componentid="0" id="/ADT_A03/PID/PID.5/XPN.1/FN.1"/>
            <target componentid="1" id="/ClinicalDocument/recordTarget/patientRole/patient/name/&lt;choice&gt;/family"/>
        </link>
        <link>
            <source componentid="0" id="/ADT_A03/PID/PID.7/TS.1"/>
            <target componentid="1" id="/ClinicalDocument/recordTarget/patientRole/patient/birthTime/@value"/>
        </link>
        <link>
            <source componentid="0" id="/ADT_A03/PID/PID.8"/>
            <target componentid="1" id="/ClinicalDocument/recordTarget/patientRole/patient/administrativeGenderCode/@code"/>
        </link>
        <link>
            <source componentid="0" id="/ADT_A03/PID/PID.16/CE.1"/>
            <target componentid="1" id="/ClinicalDocument/recordTarget/patientRole/patient/maritalStatusCode/@code"/>
        </link>
        <link>
            <source componentid="0" id="/ADT_A03/PID/PID.16/CE.2"/>
            <target componentid="1" id="/ClinicalDocument/recordTarget/patientRole/patient/maritalStatusCode/@displayName"/>
        </link>
        <link>
            <source componentid="0" id="/ADT_A03/PID/PID.16/CE.3"/>
            <target componentid="1" id="/ClinicalDocument/recordTarget/patientRole/patient/maritalStatusCode/@codeSystem"/>
        </link>
        <link>
            <source componentid="0" id="/ADT_A03/PID/PID.17/CE.1"/>
            <target componentid="1" id="/ClinicalDocument/recordTarget/patientRole/patient/religiousAffiliationCode/@code"/>
        </link>
        <link>
            <source componentid="0" id="/ADT_A03/PID/PID.17/CE.2"/>
            <target componentid="1" id="/ClinicalDocument/recordTarget/patientRole/patient/religiousAffiliationCode/@displayName"/>
        </link>
        <link>
            <source componentid="0" id="/ADT_A03/PID/PID.17/CE.3"/>
            <target componentid="1" id="/ClinicalDocument/recordTarget/patientRole/patient/religiousAffiliationCode/@codeSystem"/>
        </link>
        <link>
            <source componentid="0" id="/ADT_A03/PID/PID.19"/>
            <target componentid="1" id="/ClinicalDocument/recordTarget/patientRole/id/@extension"/>
        </link>
        <link>
            <source componentid="0" id="/ADT_A03/PID/PID.19/@LongName"/>
            <target componentid="1" id="/ClinicalDocument/recordTarget/patientRole/id/@assigningAuthorityName"/>
        </link>
        <link>
            <source componentid="1" id="/ClinicalDocument/recordTarget/patientRole/telecom/@use"/>
            <target componentid="1280249073601" id="constant"/>
        </link>
        <link>
            <source componentid="0" id="/ADT_A03/PID/PID.11/XAD.1/SAD.1"/>
            <target componentid="1" id="/ClinicalDocument/recordTarget/patientRole/addr/&lt;choice&gt;/state"/>
        </link>
        <link>
            <source componentid="0" id="/ADT_A03/PV1/PV1.1"/>
            <target componentid="1" id="/ClinicalDocument/componentOf/encompassingEncounter/id/@extension"/>
        </link>
        <link>
            <source componentid="0" id="/ADT_A03/PV1/PV1.2"/>
            <target componentid="1" id="/ClinicalDocument/componentOf/encompassingEncounter/code/@code"/>
        </link>
        <link>
            <source componentid="0" id="/ADT_A03/PV1/PV1.44/TS.1"/>
            <target componentid="1" id="/ClinicalDocument/componentOf/encompassingEncounter/effectiveTime/@value"/>
        </link>
        <link>
            <source componentid="0" id="/ADT_A03/PV1/PV1.36"/>
            <target componentid="1" id="/ClinicalDocument/componentOf/encompassingEncounter/dischargeDispositionCode/@code"/>
        </link>
        <link>
            <source componentid="0" id="/ADT_A03/PV1"/>
            <target componentid="1" id="/ClinicalDocument/componentOf/encompassingEncounter"/>
        </link>
        <link>
            <source componentid="0" id="/ADT_A03/PV1/PV1.7/XCN.1"/>
            <target componentid="1" id="/ClinicalDocument/componentOf/encompassingEncounter/responsibleParty/assignedEntity/id/@extension"/>
        </link>
        <link>
            <source componentid="0" id="/ADT_A03/PV1/PV1.7/XCN.2/FN.1"/>
            <target componentid="1" id="/ClinicalDocument/componentOf/encompassingEncounter/responsibleParty/assignedEntity/assignedPerson/name/&lt;choice&gt;/family"/>
        </link>
        <link>
            <source componentid="0" id="/ADT_A03/PV1/PV1.7/XCN.14/HD.2"/>
            <target componentid="1" id="/ClinicalDocument/componentOf/encompassingEncounter/responsibleParty/assignedEntity/id/@assigningAuthorityName"/>
        </link>
        <link>
            <source componentid="0" id="/ADT_A03/PV1/PV1.10"/>
            <target componentid="1" id="/ClinicalDocument/componentOf/encompassingEncounter/responsibleParty/assignedEntity/code/@code"/>
        </link>
        <link>
            <source componentid="0" id="/ADT_A03/PV1/PV1.3/PL.1"/>
            <target componentid="1" id="/ClinicalDocument/componentOf/encompassingEncounter/location/healthCareFacility/id[1]/@extension"/>
        </link>
        <link>
            <source componentid="0" id="/ADT_A03/PV1/PV1.3/PL.2"/>
            <target componentid="1" id="/ClinicalDocument/componentOf/encompassingEncounter/location/healthCareFacility/id[1]/@extension"/>
        </link>
        <link>
            <source componentid="0" id="/ADT_A03/PV1/PV1.3/PL.3"/>
            <target componentid="1" id="/ClinicalDocument/componentOf/encompassingEncounter/location/healthCareFacility/id/@extension"/>
        </link>
        <link>
            <source componentid="0" id="/ADT_A03/ADT_A03.PROCEDURE/PR1/PR1.3/CE.1"/>
            <target componentid="1" id="/ClinicalDocument/component/&lt;choice&gt;/structuredBody/component/section/entry/&lt;choice&gt;/procedure/code/@code"/>
        </link>
        <link>
            <source componentid="0" id="/ADT_A03/ADT_A03.PROCEDURE/PR1/PR1.3/CE.3"/>
            <target componentid="1" id="/ClinicalDocument/component/&lt;choice&gt;/structuredBody/component/section/entry/&lt;choice&gt;/procedure/code/@codeSystem"/>
        </link>
        <link>
            <source componentid="0" id="/ADT_A03/ADT_A03.PROCEDURE/PR1/PR1.3/CE.2"/>
            <target componentid="1" id="/ClinicalDocument/component/&lt;choice&gt;/structuredBody/component/section/entry/&lt;choice&gt;/procedure/code/@displayName"/>
        </link>
        <link>
            <source componentid="1" id="/ClinicalDocument/component/&lt;choice&gt;/structuredBody/component/section/title"/>
            <target componentid="1287069172904" id="constant"/>
        </link>
        <link>
            <source componentid="0" id="/ADT_A03/ADT_A03.PROCEDURE/PR1/PR1.1"/>
            <target componentid="1" id="/ClinicalDocument/component/&lt;choice&gt;/structuredBody/component/section/entry/&lt;choice&gt;/procedure/id/@extension"/>
        </link>
        <link>
            <source componentid="1" id="/ClinicalDocument/component/&lt;choice&gt;/structuredBody/component/section/entry/&lt;choice&gt;/procedure/id/@root"/>
            <target componentid="1287069638329" id="constant"/>
        </link>
        <link>
            <source componentid="0" id="/ADT_A03/ADT_A03.PROCEDURE/PR1/PR1.5/TS.1"/>
            <target componentid="1" id="/ClinicalDocument/component/&lt;choice&gt;/structuredBody/component/section/entry/&lt;choice&gt;/procedure/effectiveTime/@value"/>
        </link>
        <link>
            <source componentid="0" id="/ADT_A03/OBX/OBX.5"/>
            <target componentid="1" id="/ClinicalDocument/component/&lt;choice&gt;/structuredBody/component[1]/section/entry/&lt;choice&gt;/observation/text"/>
        </link>
        <link>
            <source componentid="0" id="/ADT_A03/OBX/OBX.1"/>
            <target componentid="1" id="/ClinicalDocument/component/&lt;choice&gt;/structuredBody/component[1]/section/entry/&lt;choice&gt;/observation/id/@extension"/>
        </link>
        <link>
            <source componentid="1" id="/ClinicalDocument/component/&lt;choice&gt;/structuredBody/component[1]/section/entry/&lt;choice&gt;/observation/id/@root"/>
            <target componentid="1287071959473" id="constant"/>
        </link>
        <link>
            <source componentid="0" id="/ADT_A03/OBX/OBX.4"/>
            <target componentid="1" id="/ClinicalDocument/component/&lt;choice&gt;/structuredBody/component[1]/section/entry/&lt;choice&gt;/observation/derivationExpr"/>
        </link>
        <link>
            <source componentid="0" id="/ADT_A03/OBX/OBX.3/CE.1"/>
            <target componentid="1" id="/ClinicalDocument/component/&lt;choice&gt;/structuredBody/component[1]/section/entry/&lt;choice&gt;/observation/code/@code"/>
        </link>
        <link>
            <source componentid="0" id="/ADT_A03/OBX/OBX.3/CE.2"/>
            <target componentid="1" id="/ClinicalDocument/component/&lt;choice&gt;/structuredBody/component[1]/section/entry/&lt;choice&gt;/observation/code/@displayName"/>
        </link>
        <link>
            <source componentid="1" id="/ClinicalDocument/component/&lt;choice&gt;/structuredBody/component[1]/section/entry/&lt;choice&gt;/observation/statusCode/@code"/>
            <target componentid="1287072120907" id="constant"/>
        </link>
        <link>
            <source componentid="0" id="/ADT_A03/OBX/OBX.14/TS.1"/>
            <target componentid="1" id="/ClinicalDocument/component/&lt;choice&gt;/structuredBody/component[1]/section/entry/&lt;choice&gt;/observation/effectiveTime/@value"/>
        </link>
        <link>
            <source componentid="1" id="/ClinicalDocument/component/&lt;choice&gt;/structuredBody/component[1]/section/title"/>
            <target componentid="1287073762630" id="constant"/>
        </link>
        <link>
            <source componentid="1" id="/ClinicalDocument/component/&lt;choice&gt;/structuredBody/component[1]/typeId/@extension"/>
            <target componentid="1287073824316" id="constant"/>
        </link>
        <link>
            <source componentid="1" id="/ClinicalDocument/component/&lt;choice&gt;/structuredBody/component/typeId/@extension"/>
            <target componentid="1287073894408" id="constant"/>
        </link>
        <link>
            <source componentid="1" id="/ClinicalDocument/component/typeId/@extension"/>
            <target componentid="1287073942891" id="constant"/>
        </link>
        <link>
            <source componentid="0" id="/ADT_A03/MSH/MSH.7/TS.1"/>
            <target componentid="1" id="/ClinicalDocument/author/time/@value"/>
        </link>
        <link>
            <source componentid="0" id="/ADT_A03/MSH/MSH.4/HD.1"/>
            <target componentid="1" id="/ClinicalDocument/author/assignedAuthor/id/@extension"/>
        </link>
        <link>
            <source componentid="0" id="/ADT_A03/MSH/MSH.4/HD.2"/>
            <target componentid="1" id="/ClinicalDocument/author/assignedAuthor/id/@assigningAuthorityName"/>
        </link>
        <link>
            <source componentid="0" id="/ADT_A03/OBX"/>
            <target componentid="1" id="/ClinicalDocument/component/&lt;choice&gt;/structuredBody/component[1]/section/entry"/>
        </link>
        <link>
            <source componentid="0" id="/ADT_A03/ADT_A03.PROCEDURE/PR1"/>
            <target componentid="1" id="/ClinicalDocument/component/&lt;choice&gt;/structuredBody/component/section/entry"/>
        </link>
        <link>
            <source componentid="1" id="/ClinicalDocument/component/&lt;choice&gt;/structuredBody/component/section/entry/&lt;choice&gt;/procedure/@classCode"/>
            <target componentid="1287779779220" id="constant"/>
        </link>
        <link>
            <source componentid="1" id="/ClinicalDocument/component/&lt;choice&gt;/structuredBody/component/section/entry/&lt;choice&gt;/procedure/@moodCode"/>
            <target componentid="1287779833779" id="constant"/>
        </link>
        <link>
            <source componentid="0" id="/ADT_A03/PID/PID.5/XPN.2"/>
            <target componentid="1" id="/ClinicalDocument/recordTarget/patientRole/patient/name/&lt;choice&gt;[1]/given"/>
        </link>
        <link>
            <source componentid="1" id="/ClinicalDocument/component/&lt;choice&gt;/structuredBody/component[1]/section/entry/&lt;choice&gt;/observation/@classCode"/>
            <target componentid="1287783816145" id="constant"/>
        </link>
        <link>
            <source componentid="1" id="/ClinicalDocument/component/&lt;choice&gt;/structuredBody/component[1]/section/entry/&lt;choice&gt;/observation/@moodCode"/>
            <target componentid="1287783867717" id="constant"/>
        </link>
        <link>
            <source componentid="1316813919783" id="constant"/>
            <target componentid="1316813941345" id="string1"/>
        </link>
        <link>
            <source componentid="0" id="/ADT_A03/PID/PID.13/XTN.1"/>
            <target componentid="1316813941345" id="string2"/>
        </link>
        <link>
            <source componentid="1" id="/ClinicalDocument/recordTarget/patientRole/telecom/@value"/>
            <target componentid="1316813941345" id="result"/>
        </link>
        <link>
            <source componentid="1" id="/ClinicalDocument/id/@root"/>
            <target componentid="1322269528581" id="constant"/>
        </link>
    </links>
    <tags>
        <tag componentType="target" kind="choice" key="/ClinicalDocument/component/&lt;choice&gt;/structuredBody" value="true"/>
        <tag componentType="target" kind="clone" key="/ClinicalDocument/component/&lt;choice&gt;/structuredBody/component" value="1"/>
        <tag componentType="target" kind="choice" key="/ClinicalDocument/component/&lt;choice&gt;/structuredBody/component/section/entry/&lt;choice&gt;/procedure" value="true"/>
        <tag componentType="target" kind="choice" key="/ClinicalDocument/component/&lt;choice&gt;/structuredBody/component[1]/section/entry/&lt;choice&gt;/observation" value="true"/>
        <tag componentType="target" kind="clone" key="/ClinicalDocument/componentOf/encompassingEncounter/location/healthCareFacility/id" value="1"/>
        <tag componentType="target" kind="clone" key="/ClinicalDocument/componentOf/encompassingEncounter/location/healthCareFacility/id" value="1"/>
        <tag componentType="target" kind="choice" key="/ClinicalDocument/componentOf/encompassingEncounter/responsibleParty/assignedEntity/assignedPerson/name/&lt;choice&gt;/family" value="true"/>
        <tag componentType="target" kind="choice" key="/ClinicalDocument/recordTarget/patientRole/addr/&lt;choice&gt;/state" value="true"/>
        <tag componentType="target" kind="clone" key="/ClinicalDocument/recordTarget/patientRole/patient/name/&lt;choice&gt;" value="1"/>
        <tag componentType="target" kind="choice" key="/ClinicalDocument/recordTarget/patientRole/patient/name/&lt;choice&gt;/family" value="true"/>
        <tag componentType="target" kind="choice" key="/ClinicalDocument/recordTarget/patientRole/patient/name/&lt;choice&gt;[1]/given" value="true"/>
    </tags>
    <views>
        <view componentid="1280246945938" x="100" y="68" hight="50" width="100"/>
        <view componentid="1280247783048" x="92" y="119" hight="50" width="100"/>
        <view componentid="1280248348975" x="168" y="186" hight="50" width="100"/>
        <view componentid="1280249073601" x="186" y="284" hight="50" width="100"/>
        <view componentid="1287069172904" x="203" y="490" hight="50" width="100"/>
        <view componentid="1287069638329" x="145" y="444" hight="50" width="100"/>
        <view componentid="1287071959473" x="84" y="369" hight="50" width="100"/>
        <view componentid="1287072120907" x="153" y="573" hight="50" width="100"/>
        <view componentid="1287073762630" x="82" y="641" hight="50" width="100"/>
        <view componentid="1287073824316" x="250" y="380" hight="50" width="100"/>
        <view componentid="1287073894408" x="214" y="42" hight="50" width="100"/>
        <view componentid="1287073942891" x="89" y="227" hight="50" width="100"/>
        <view componentid="1287779779220" x="90" y="514" hight="50" width="100"/>
        <view componentid="1287779833779" x="84" y="578" hight="50" width="100"/>
        <view componentid="1287783816145" x="66" y="464" hight="50" width="100"/>
        <view componentid="1287783867717" x="47" y="328" hight="50" width="100"/>
        <view componentid="1316813919783" x="55" y="188" hight="50" width="100"/>
        <view componentid="1316813941345" x="70" y="28" hight="68" width="140"/>
        <view componentid="1322269528581" x="258" y="143" hight="50" width="100"/>
    </views>
</mapping>
