<?xml version="1.0" encoding="UTF-8"?>
<mapping version="1.2">
   <components>
      <component kind="scs"
                 location="{caAdapter_Home}\workingspace\CSV_to_HL7_V3_Example\COCT_010000\COCT_MT010000_Simple.scs"
                 type="source"/>
      <component group="copyrightYears_2008" kind="h3s"
                 location="{caAdapter_Home}\workingspace\CSV_to_HL7_V3_Example\COCT_010000\COCT_MT010000_Simple2.h3s"
                 type="target"/>
      <component group="constant" kind="core" name="constant" type="function" id="12">
         <data type="String" value="Adams"/>
      </component>
      <component group="constant" kind="core" name="constant" type="function" id="13">
         <data type="String" value="Smith"/>
      </component>
   </components>
   <links>
      <link>
         <source>
            <linkpointer kind="scs" xmlPath="ENCOUNTER_HEAD.id00_assigningAuthorityName"/>
         </source>
         <target>
            <linkpointer kind="h3s" xmlPath="Encounter.id00.assigningAuthorityName"/>
         </target>
      </link>
      <link>
         <source>
            <linkpointer kind="scs" xmlPath="ENCOUNTER_HEAD.id00_extension"/>
         </source>
         <target>
            <linkpointer kind="h3s" xmlPath="Encounter.id00.extension"/>
         </target>
      </link>
      <link>
         <source>
            <linkpointer kind="scs" xmlPath="ENCOUNTER_HEAD.id00_root"/>
         </source>
         <target>
            <linkpointer kind="h3s" xmlPath="Encounter.id00.root"/>
         </target>
      </link>
      <link>
         <source>
            <linkpointer kind="scs" xmlPath="ENCOUNTER_HEAD.code_codeSystem"/>
         </source>
         <target>
            <linkpointer kind="h3s" xmlPath="Encounter.code.codeSystem"/>
         </target>
      </link>
      <link>
         <source>
            <linkpointer kind="scs" xmlPath="ENCOUNTER_HEAD.code_codeSystemName"/>
         </source>
         <target>
            <linkpointer kind="h3s" xmlPath="Encounter.code.codeSystemName"/>
         </target>
      </link>
      <link>
         <source>
            <linkpointer kind="scs" xmlPath="ENCOUNTER_HEAD.code_displayName"/>
         </source>
         <target>
            <linkpointer kind="h3s" xmlPath="Encounter.code.displayName"/>
         </target>
      </link>
      <link>
         <source>
            <linkpointer kind="scs" xmlPath="ENCOUNTER_HEAD.code_code"/>
         </source>
         <target>
            <linkpointer kind="h3s" xmlPath="Encounter.code.code"/>
         </target>
      </link>
      <link>
         <source>
            <linkpointer kind="scs" xmlPath="ENCOUNTER_HEAD.statusCode_code"/>
         </source>
         <target>
            <linkpointer kind="h3s" xmlPath="Encounter.statusCode.code"/>
         </target>
      </link>
      <link>
         <source>
            <linkpointer kind="scs" xmlPath="ENCOUNTER_HEAD.effectiveTime_value"/>
         </source>
         <target>
            <linkpointer kind="h3s" xmlPath="Encounter.effectiveTime.value"/>
         </target>
      </link>
      <link>
         <source>
            <linkpointer kind="scs" xmlPath="ENCOUNTER_HEAD.activityTime_value"/>
         </source>
         <target>
            <linkpointer kind="h3s" xmlPath="Encounter.activityTime.value"/>
         </target>
      </link>
      <link>
         <source>
            <linkpointer kind="scs" xmlPath="ENCOUNTER_HEAD.priorityCode00_codeSystem"/>
         </source>
         <target>
            <linkpointer kind="h3s" xmlPath="Encounter.priorityCode00.codeSystem"/>
         </target>
      </link>
      <link>
         <source>
            <linkpointer kind="scs" xmlPath="ENCOUNTER_HEAD.priorityCode00_codeSystemName"/>
         </source>
         <target>
            <linkpointer kind="h3s" xmlPath="Encounter.priorityCode00.codeSystemName"/>
         </target>
      </link>
      <link>
         <source>
            <linkpointer kind="scs" xmlPath="ENCOUNTER_HEAD.priorityCode00_displayName"/>
         </source>
         <target>
            <linkpointer kind="h3s" xmlPath="Encounter.priorityCode00.displayName"/>
         </target>
      </link>
      <link>
         <source>
            <linkpointer kind="scs" xmlPath="ENCOUNTER_HEAD.priorityCode00_code"/>
         </source>
         <target>
            <linkpointer kind="h3s" xmlPath="Encounter.priorityCode00.code"/>
         </target>
      </link>
      <link>
         <source>
            <linkpointer kind="scs" xmlPath="ENCOUNTER_HEAD.confidentialityCode00_codeSystem"/>
         </source>
         <target>
            <linkpointer kind="h3s" xmlPath="Encounter.confidentialityCode00.codeSystem"/>
         </target>
      </link>
      <link>
         <source>
            <linkpointer kind="scs" xmlPath="ENCOUNTER_HEAD.confidentialityCode00_codeSystemName"/>
         </source>
         <target>
            <linkpointer kind="h3s" xmlPath="Encounter.confidentialityCode00.codeSystemName"/>
         </target>
      </link>
      <link>
         <source>
            <linkpointer kind="scs" xmlPath="ENCOUNTER_HEAD.confidentialityCode00_displayName"/>
         </source>
         <target>
            <linkpointer kind="h3s" xmlPath="Encounter.confidentialityCode00.displayName"/>
         </target>
      </link>
      <link>
         <source>
            <linkpointer kind="scs" xmlPath="ENCOUNTER_HEAD.confidentialityCode00_code"/>
         </source>
         <target>
            <linkpointer kind="h3s" xmlPath="Encounter.confidentialityCode00.code"/>
         </target>
      </link>
      <link>
         <source>
            <linkpointer kind="scs" xmlPath="ENCOUNTER_HEAD.reasonCode00_codeSystem"/>
         </source>
         <target>
            <linkpointer kind="h3s" xmlPath="Encounter.reasonCode00.codeSystem"/>
         </target>
      </link>
      <link>
         <source>
            <linkpointer kind="scs" xmlPath="ENCOUNTER_HEAD.reasonCode00_codeSystemName"/>
         </source>
         <target>
            <linkpointer kind="h3s" xmlPath="Encounter.reasonCode00.codeSystemName"/>
         </target>
      </link>
      <link>
         <source>
            <linkpointer kind="scs" xmlPath="ENCOUNTER_HEAD.reasonCode00_displayName"/>
         </source>
         <target>
            <linkpointer kind="h3s" xmlPath="Encounter.reasonCode00.displayName"/>
         </target>
      </link>
      <link>
         <source>
            <linkpointer kind="scs" xmlPath="ENCOUNTER_HEAD.reasonCode00_code"/>
         </source>
         <target>
            <linkpointer kind="h3s" xmlPath="Encounter.reasonCode00.code"/>
         </target>
      </link>
      <link>
         <source>
            <linkpointer kind="scs" xmlPath="ENCOUNTER_HEAD.admissionReferralSourceCode_codeSystem"/>
         </source>
         <target>
            <linkpointer kind="h3s" xmlPath="Encounter.admissionReferralSourceCode.codeSystem"/>
         </target>
      </link>
      <link>
         <source>
            <linkpointer kind="scs" xmlPath="ENCOUNTER_HEAD.admissionReferralSourceCode_codeSystemName"/>
         </source>
         <target>
            <linkpointer kind="h3s" xmlPath="Encounter.admissionReferralSourceCode.codeSystemName"/>
         </target>
      </link>
      <link>
         <source>
            <linkpointer kind="scs" xmlPath="ENCOUNTER_HEAD.admissionReferralSourceCode_displayName"/>
         </source>
         <target>
            <linkpointer kind="h3s" xmlPath="Encounter.admissionReferralSourceCode.displayName"/>
         </target>
      </link>
      <link>
         <source>
            <linkpointer kind="scs" xmlPath="ENCOUNTER_HEAD.admissionReferralSourceCode_code"/>
         </source>
         <target>
            <linkpointer kind="h3s" xmlPath="Encounter.admissionReferralSourceCode.code"/>
         </target>
      </link>
      <link>
         <source>
            <linkpointer kind="scs" xmlPath="ENCOUNTER_HEAD.lengthOfStayQuantity_unit"/>
         </source>
         <target>
            <linkpointer kind="h3s" xmlPath="Encounter.lengthOfStayQuantity.unit"/>
         </target>
      </link>
      <link>
         <source>
            <linkpointer kind="scs" xmlPath="ENCOUNTER_HEAD.lengthOfStayQuantity_value"/>
         </source>
         <target>
            <linkpointer kind="h3s" xmlPath="Encounter.lengthOfStayQuantity.value"/>
         </target>
      </link>
      <link>
         <source>
            <linkpointer kind="scs" xmlPath="ENCOUNTER_HEAD.dischargeDispositionCode_codeSystem"/>
         </source>
         <target>
            <linkpointer kind="h3s" xmlPath="Encounter.dischargeDispositionCode.codeSystem"/>
         </target>
      </link>
      <link>
         <source>
            <linkpointer kind="scs" xmlPath="ENCOUNTER_HEAD.dischargeDispositionCode_codeSystemName"/>
         </source>
         <target>
            <linkpointer kind="h3s" xmlPath="Encounter.dischargeDispositionCode.codeSystemName"/>
         </target>
      </link>
      <link>
         <source>
            <linkpointer kind="scs" xmlPath="ENCOUNTER_HEAD.dischargeDispositionCode_displayName"/>
         </source>
         <target>
            <linkpointer kind="h3s" xmlPath="Encounter.dischargeDispositionCode.displayName"/>
         </target>
      </link>
      <link>
         <source>
            <linkpointer kind="scs" xmlPath="ENCOUNTER_HEAD.dischargeDispositionCode_code"/>
         </source>
         <target>
            <linkpointer kind="h3s" xmlPath="Encounter.dischargeDispositionCode.code"/>
         </target>
      </link>
      <link>
         <source>
            <linkpointer kind="scs" xmlPath="ENCOUNTER_HEAD.preAdmitTestInd_value"/>
         </source>
         <target>
            <linkpointer kind="h3s" xmlPath="Encounter.preAdmitTestInd.value"/>
         </target>
      </link>
      <link>
         <source>
            <linkpointer kind="scs" xmlPath="ENCOUNTER_HEAD.specialCourtesiesCode00_codeSystem"/>
         </source>
         <target>
            <linkpointer kind="h3s" xmlPath="Encounter.specialCourtesiesCode00.codeSystem"/>
         </target>
      </link>
      <link>
         <source>
            <linkpointer kind="scs" xmlPath="ENCOUNTER_HEAD.specialCourtesiesCode00_codeSystemName"/>
         </source>
         <target>
            <linkpointer kind="h3s" xmlPath="Encounter.specialCourtesiesCode00.codeSystemName"/>
         </target>
      </link>
      <link>
         <source>
            <linkpointer kind="scs" xmlPath="ENCOUNTER_HEAD.specialCourtesiesCode00_displayName"/>
         </source>
         <target>
            <linkpointer kind="h3s" xmlPath="Encounter.specialCourtesiesCode00.displayName"/>
         </target>
      </link>
      <link>
         <source>
            <linkpointer kind="scs" xmlPath="ENCOUNTER_HEAD.specialCourtesiesCode00_code"/>
         </source>
         <target>
            <linkpointer kind="h3s" xmlPath="Encounter.specialCourtesiesCode00.code"/>
         </target>
      </link>
      <link>
         <source>
            <linkpointer kind="scs" xmlPath="ENCOUNTER_HEAD.specialArrangementCode00_codeSystem"/>
         </source>
         <target>
            <linkpointer kind="h3s" xmlPath="Encounter.specialArrangementCode00.codeSystem"/>
         </target>
      </link>
      <link>
         <source>
            <linkpointer kind="scs" xmlPath="ENCOUNTER_HEAD.specialArrangementCode00_codeSystemName"/>
         </source>
         <target>
            <linkpointer kind="h3s" xmlPath="Encounter.specialArrangementCode00.codeSystemName"/>
         </target>
      </link>
      <link>
         <source>
            <linkpointer kind="scs" xmlPath="ENCOUNTER_HEAD.specialArrangementCode00_displayName"/>
         </source>
         <target>
            <linkpointer kind="h3s" xmlPath="Encounter.specialArrangementCode00.displayName"/>
         </target>
      </link>
      <link>
         <source>
            <linkpointer kind="scs" xmlPath="ENCOUNTER_HEAD.specialArrangementCode00_code"/>
         </source>
         <target>
            <linkpointer kind="h3s" xmlPath="Encounter.specialArrangementCode00.code"/>
         </target>
      </link>
      <link>
         <source>
            <linkpointer kind="scs"
                         xmlPath="ENCOUNTER_HEAD.SUBJECT_1.PATIENT_11.id00_assigningAuthorityName"/>
         </source>
         <target>
            <linkpointer kind="h3s" xmlPath="Encounter.subject.patient00.id00.assigningAuthorityName"/>
         </target>
      </link>
      <link>
         <source>
            <linkpointer kind="scs" xmlPath="ENCOUNTER_HEAD.SUBJECT_1.PATIENT_11.id00_extension"/>
         </source>
         <target>
            <linkpointer kind="h3s" xmlPath="Encounter.subject.patient00.id00.extension"/>
         </target>
      </link>
      <link>
         <source>
            <linkpointer kind="scs" xmlPath="ENCOUNTER_HEAD.SUBJECT_1.PATIENT_11.id00_root"/>
         </source>
         <target>
            <linkpointer kind="h3s" xmlPath="Encounter.subject.patient00.id00.root"/>
         </target>
      </link>
      <link>
         <source>
            <linkpointer kind="scs" xmlPath="ENCOUNTER_HEAD.SUBJECT_1.PATIENT_11.addr00_inlineText"/>
         </source>
         <target>
            <linkpointer kind="h3s" xmlPath="Encounter.subject.patient00.addr00.inlineText"/>
         </target>
      </link>
      <link>
         <source>
            <linkpointer kind="scs" xmlPath="ENCOUNTER_HEAD.SUBJECT_1.PATIENT_11.addr00_use"/>
         </source>
         <target>
            <linkpointer kind="h3s" xmlPath="Encounter.subject.patient00.addr00.use"/>
         </target>
      </link>
      <link>
         <source>
            <linkpointer kind="scs" xmlPath="ENCOUNTER_HEAD.SUBJECT_1.PATIENT_11.addr01_city_in"/>
         </source>
         <target>
            <linkpointer kind="h3s" xmlPath="Encounter.subject.patient00.addr01.city.inlineText"/>
         </target>
      </link>
      <link>
         <source>
            <linkpointer kind="scs" xmlPath="ENCOUNTER_HEAD.SUBJECT_1.PATIENT_11.addr01_state_in"/>
         </source>
         <target>
            <linkpointer kind="h3s" xmlPath="Encounter.subject.patient00.addr01.state.inlineText"/>
         </target>
      </link>
      <link>
         <source>
            <linkpointer kind="scs" xmlPath="ENCOUNTER_HEAD.SUBJECT_1.PATIENT_11.addr01_streetName_in"/>
         </source>
         <target>
            <linkpointer kind="h3s" xmlPath="Encounter.subject.patient00.addr01.streetName.inlineText"/>
         </target>
      </link>
      <link>
         <source>
            <linkpointer kind="scs" xmlPath="ENCOUNTER_HEAD.SUBJECT_1.PATIENT_11.addr01_use"/>
         </source>
         <target>
            <linkpointer kind="h3s" xmlPath="Encounter.subject.patient00.addr01.use"/>
         </target>
      </link>
      <link>
         <source>
            <linkpointer kind="scs"
                         xmlPath="ENCOUNTER_HEAD.SUBJECT_1.PATIENT_11.addr01_streetAddressLine_in"/>
         </source>
         <target>
            <linkpointer kind="h3s"
                         xmlPath="Encounter.subject.patient00.addr01.streetAddressLine.inlineText"/>
         </target>
      </link>
      <link>
         <source>
            <linkpointer kind="scs" xmlPath="ENCOUNTER_HEAD.SUBJECT_1.PATIENT_11.addr01_country_in"/>
         </source>
         <target>
            <linkpointer kind="h3s" xmlPath="Encounter.subject.patient00.addr01.country.inlineText"/>
         </target>
      </link>
      <link>
         <source>
            <linkpointer kind="scs" xmlPath="ENCOUNTER_HEAD.SUBJECT_1.PATIENT_11.addr01_postalCode_in"/>
         </source>
         <target>
            <linkpointer kind="h3s" xmlPath="Encounter.subject.patient00.addr01.postalCode.inlineText"/>
         </target>
      </link>
      <link>
         <source>
            <linkpointer kind="scs" xmlPath="ENCOUNTER_HEAD.SUBJECT_1.PATIENT_11.telecom00_use"/>
         </source>
         <target>
            <linkpointer kind="h3s" xmlPath="Encounter.subject.patient00.telecom00.use"/>
         </target>
      </link>
      <link>
         <source>
            <linkpointer kind="scs" xmlPath="ENCOUNTER_HEAD.SUBJECT_1.PATIENT_11.telecom00_value"/>
         </source>
         <target>
            <linkpointer kind="h3s" xmlPath="Encounter.subject.patient00.telecom00.value"/>
         </target>
      </link>
      <link>
         <source>
            <linkpointer kind="scs" xmlPath="ENCOUNTER_HEAD.SUBJECT_1.PATIENT_11.statusCode_code"/>
         </source>
         <target>
            <linkpointer kind="h3s" xmlPath="Encounter.subject.patient00.statusCode.code"/>
         </target>
      </link>
      <link>
         <source>
            <linkpointer kind="scs" xmlPath="ENCOUNTER_HEAD.SUBJECT_1.PATIENT_11.effectiveTime_value"/>
         </source>
         <target>
            <linkpointer kind="h3s" xmlPath="Encounter.subject.patient00.effectiveTime.value"/>
         </target>
      </link>
      <link>
         <source>
            <linkpointer kind="scs"
                         xmlPath="ENCOUNTER_HEAD.SUBJECT_1.PATIENT_11.confidentialityCode_codeSystem"/>
         </source>
         <target>
            <linkpointer kind="h3s" xmlPath="Encounter.subject.patient00.confidentialityCode.codeSystem"/>
         </target>
      </link>
      <link>
         <source>
            <linkpointer kind="scs"
                         xmlPath="ENCOUNTER_HEAD.SUBJECT_1.PATIENT_11.confidentialityCode_codeSystemName"/>
         </source>
         <target>
            <linkpointer kind="h3s"
                         xmlPath="Encounter.subject.patient00.confidentialityCode.codeSystemName"/>
         </target>
      </link>
      <link>
         <source>
            <linkpointer kind="scs"
                         xmlPath="ENCOUNTER_HEAD.SUBJECT_1.PATIENT_11.confidentialityCode_displayName"/>
         </source>
         <target>
            <linkpointer kind="h3s"
                         xmlPath="Encounter.subject.patient00.confidentialityCode.displayName"/>
         </target>
      </link>
      <link>
         <source>
            <linkpointer kind="scs"
                         xmlPath="ENCOUNTER_HEAD.SUBJECT_1.PATIENT_11.confidentialityCode_code"/>
         </source>
         <target>
            <linkpointer kind="h3s" xmlPath="Encounter.subject.patient00.confidentialityCode.code"/>
         </target>
      </link>
      <link>
         <source>
            <linkpointer kind="scs"
                         xmlPath="ENCOUNTER_HEAD.SUBJECT_1.PATIENT_11.veryImportantPersonCode_codeSystem"/>
         </source>
         <target>
            <linkpointer kind="h3s"
                         xmlPath="Encounter.subject.patient00.veryImportantPersonCode.codeSystem"/>
         </target>
      </link>
      <link>
         <source>
            <linkpointer kind="scs"
                         xmlPath="ENCOUNTER_HEAD.SUBJECT_1.PATIENT_11.veryImportantPersonCode_codeSystemName"/>
         </source>
         <target>
            <linkpointer kind="h3s"
                         xmlPath="Encounter.subject.patient00.veryImportantPersonCode.codeSystemName"/>
         </target>
      </link>
      <link>
         <source>
            <linkpointer kind="scs"
                         xmlPath="ENCOUNTER_HEAD.SUBJECT_1.PATIENT_11.veryImportantPersonCode_displayName"/>
         </source>
         <target>
            <linkpointer kind="h3s"
                         xmlPath="Encounter.subject.patient00.veryImportantPersonCode.displayName"/>
         </target>
      </link>
      <link>
         <source>
            <linkpointer kind="scs"
                         xmlPath="ENCOUNTER_HEAD.SUBJECT_1.PATIENT_11.veryImportantPersonCode_code"/>
         </source>
         <target>
            <linkpointer kind="h3s" xmlPath="Encounter.subject.patient00.veryImportantPersonCode.code"/>
         </target>
      </link>
      <link>
         <source>
            <linkpointer kind="scs"
                         xmlPath="ENCOUNTER_HEAD.SUBJECT_1.PATIENT_11.PATIENTPERSON_111.determinerCode"/>
         </source>
         <target>
            <linkpointer kind="h3s" xmlPath="Encounter.subject.patient00.patientPerson.determinerCode"/>
         </target>
      </link>
      <link>
         <source>
            <linkpointer kind="scs"
                         xmlPath="ENCOUNTER_HEAD.SUBJECT_1.PATIENT_11.PATIENTPERSON_111.id00_assigningAuthorityName"/>
         </source>
         <target>
            <linkpointer kind="h3s"
                         xmlPath="Encounter.subject.patient00.patientPerson.id00.assigningAuthorityName"/>
         </target>
      </link>
      <link>
         <source>
            <linkpointer kind="scs"
                         xmlPath="ENCOUNTER_HEAD.SUBJECT_1.PATIENT_11.PATIENTPERSON_111.id00_extension"/>
         </source>
         <target>
            <linkpointer kind="h3s" xmlPath="Encounter.subject.patient00.patientPerson.id00.extension"/>
         </target>
      </link>
      <link>
         <source>
            <linkpointer kind="scs"
                         xmlPath="ENCOUNTER_HEAD.SUBJECT_1.PATIENT_11.PATIENTPERSON_111.id00_root"/>
         </source>
         <target>
            <linkpointer kind="h3s" xmlPath="Encounter.subject.patient00.patientPerson.id00.root"/>
         </target>
      </link>
      <link>
         <source>
            <linkpointer kind="scs"
                         xmlPath="ENCOUNTER_HEAD.SUBJECT_1.PATIENT_11.PATIENTPERSON_111.name00_suffix"/>
         </source>
         <target>
            <linkpointer kind="h3s"
                         xmlPath="Encounter.subject.patient00.patientPerson.name00.suffix.inlineText"/>
         </target>
      </link>
      <link>
         <source>
            <linkpointer kind="scs"
                         xmlPath="ENCOUNTER_HEAD.SUBJECT_1.PATIENT_11.PATIENTPERSON_111.name00_use"/>
         </source>
         <target>
            <linkpointer kind="h3s" xmlPath="Encounter.subject.patient00.patientPerson.name00.use"/>
         </target>
      </link>
      <link>
         <source>
            <linkpointer kind="scs"
                         xmlPath="ENCOUNTER_HEAD.SUBJECT_1.PATIENT_11.PATIENTPERSON_111.desc_inlineText"/>
         </source>
         <target>
            <linkpointer kind="h3s" xmlPath="Encounter.subject.patient00.patientPerson.desc.inlineText"/>
         </target>
      </link>
      <link>
         <source>
            <linkpointer kind="scs"
                         xmlPath="ENCOUNTER_HEAD.SUBJECT_1.PATIENT_11.PATIENTPERSON_111.statusCode_code"/>
         </source>
         <target>
            <linkpointer kind="h3s" xmlPath="Encounter.subject.patient00.patientPerson.statusCode.code"/>
         </target>
      </link>
      <link>
         <source>
            <linkpointer kind="scs"
                         xmlPath="ENCOUNTER_HEAD.SUBJECT_1.PATIENT_11.PATIENTPERSON_111.administrativeGenderCode_codeSystem"/>
         </source>
         <target>
            <linkpointer kind="h3s"
                         xmlPath="Encounter.subject.patient00.patientPerson.administrativeGenderCode.codeSystem"/>
         </target>
      </link>
      <link>
         <source>
            <linkpointer kind="scs"
                         xmlPath="ENCOUNTER_HEAD.SUBJECT_1.PATIENT_11.PATIENTPERSON_111.administrativeGenderCode_codeSystemName"/>
         </source>
         <target>
            <linkpointer kind="h3s"
                         xmlPath="Encounter.subject.patient00.patientPerson.administrativeGenderCode.codeSystemName"/>
         </target>
      </link>
      <link>
         <source>
            <linkpointer kind="scs"
                         xmlPath="ENCOUNTER_HEAD.SUBJECT_1.PATIENT_11.PATIENTPERSON_111.administrativeGenderCode_displayName"/>
         </source>
         <target>
            <linkpointer kind="h3s"
                         xmlPath="Encounter.subject.patient00.patientPerson.administrativeGenderCode.displayName"/>
         </target>
      </link>
      <link>
         <source>
            <linkpointer kind="scs"
                         xmlPath="ENCOUNTER_HEAD.SUBJECT_1.PATIENT_11.PATIENTPERSON_111.administrativeGenderCode_code"/>
         </source>
         <target>
            <linkpointer kind="h3s"
                         xmlPath="Encounter.subject.patient00.patientPerson.administrativeGenderCode.code"/>
         </target>
      </link>
      <link>
         <source>
            <linkpointer kind="scs"
                         xmlPath="ENCOUNTER_HEAD.SUBJECT_1.PATIENT_11.PATIENTPERSON_111.birthTime_value"/>
         </source>
         <target>
            <linkpointer kind="h3s" xmlPath="Encounter.subject.patient00.patientPerson.birthTime.value"/>
         </target>
      </link>
      <link>
         <source>
            <linkpointer kind="scs"
                         xmlPath="ENCOUNTER_HEAD.SUBJECT_1.PATIENT_11.PATIENTPERSON_111.deceasedTime_value"/>
         </source>
         <target>
            <linkpointer kind="h3s"
                         xmlPath="Encounter.subject.patient00.patientPerson.deceasedTime.value"/>
         </target>
      </link>
      <link>
         <source>
            <linkpointer kind="scs"
                         xmlPath="ENCOUNTER_HEAD.SUBJECT_1.PATIENT_11.PATIENTPERSON_111.multipleBirthInd_value"/>
         </source>
         <target>
            <linkpointer kind="h3s"
                         xmlPath="Encounter.subject.patient00.patientPerson.multipleBirthInd.value"/>
         </target>
      </link>
      <link>
         <source>
            <linkpointer kind="scs"
                         xmlPath="ENCOUNTER_HEAD.SUBJECT_1.PATIENT_11.PATIENTPERSON_111.multipleBirthOrderNumber_value"/>
         </source>
         <target>
            <linkpointer kind="h3s"
                         xmlPath="Encounter.subject.patient00.patientPerson.multipleBirthOrderNumber.value"/>
         </target>
      </link>
      <link>
         <source>
            <linkpointer kind="scs"
                         xmlPath="ENCOUNTER_HEAD.SUBJECT_1.PATIENT_11.PATIENTPERSON_111.organDonorInd_value"/>
         </source>
         <target>
            <linkpointer kind="h3s"
                         xmlPath="Encounter.subject.patient00.patientPerson.organDonorInd.value"/>
         </target>
      </link>
      <link>
         <source>
            <linkpointer kind="scs"
                         xmlPath="ENCOUNTER_HEAD.SUBJECT_1.PATIENT_11.PATIENTPERSON_111.maritalStatusCode_codeSystem"/>
         </source>
         <target>
            <linkpointer kind="h3s"
                         xmlPath="Encounter.subject.patient00.patientPerson.maritalStatusCode.codeSystem"/>
         </target>
      </link>
      <link>
         <source>
            <linkpointer kind="scs"
                         xmlPath="ENCOUNTER_HEAD.SUBJECT_1.PATIENT_11.PATIENTPERSON_111.maritalStatusCode_codeSystemName"/>
         </source>
         <target>
            <linkpointer kind="h3s"
                         xmlPath="Encounter.subject.patient00.patientPerson.maritalStatusCode.codeSystemName"/>
         </target>
      </link>
      <link>
         <source>
            <linkpointer kind="scs"
                         xmlPath="ENCOUNTER_HEAD.SUBJECT_1.PATIENT_11.PATIENTPERSON_111.maritalStatusCode_displayName"/>
         </source>
         <target>
            <linkpointer kind="h3s"
                         xmlPath="Encounter.subject.patient00.patientPerson.maritalStatusCode.displayName"/>
         </target>
      </link>
      <link>
         <source>
            <linkpointer kind="scs"
                         xmlPath="ENCOUNTER_HEAD.SUBJECT_1.PATIENT_11.PATIENTPERSON_111.maritalStatusCode_code"/>
         </source>
         <target>
            <linkpointer kind="h3s"
                         xmlPath="Encounter.subject.patient00.patientPerson.maritalStatusCode.code"/>
         </target>
      </link>
      <link>
         <source>
            <linkpointer kind="scs"
                         xmlPath="ENCOUNTER_HEAD.SUBJECT_1.PATIENT_11.PATIENTPERSON_111.educationLevelCode_codeSystem"/>
         </source>
         <target>
            <linkpointer kind="h3s"
                         xmlPath="Encounter.subject.patient00.patientPerson.educationLevelCode.codeSystem"/>
         </target>
      </link>
      <link>
         <source>
            <linkpointer kind="scs"
                         xmlPath="ENCOUNTER_HEAD.SUBJECT_1.PATIENT_11.PATIENTPERSON_111.educationLevelCode_codeSystemName"/>
         </source>
         <target>
            <linkpointer kind="h3s"
                         xmlPath="Encounter.subject.patient00.patientPerson.educationLevelCode.codeSystemName"/>
         </target>
      </link>
      <link>
         <source>
            <linkpointer kind="scs"
                         xmlPath="ENCOUNTER_HEAD.SUBJECT_1.PATIENT_11.PATIENTPERSON_111.educationLevelCode_displayName"/>
         </source>
         <target>
            <linkpointer kind="h3s"
                         xmlPath="Encounter.subject.patient00.patientPerson.educationLevelCode.displayName"/>
         </target>
      </link>
      <link>
         <source>
            <linkpointer kind="scs"
                         xmlPath="ENCOUNTER_HEAD.SUBJECT_1.PATIENT_11.PATIENTPERSON_111.educationLevelCode_code"/>
         </source>
         <target>
            <linkpointer kind="h3s"
                         xmlPath="Encounter.subject.patient00.patientPerson.educationLevelCode.code"/>
         </target>
      </link>
      <link>
         <source>
            <linkpointer kind="scs"
                         xmlPath="ENCOUNTER_HEAD.SUBJECT_1.PATIENT_11.PATIENTPERSON_111.disabilityCode00_codeSystem"/>
         </source>
         <target>
            <linkpointer kind="h3s"
                         xmlPath="Encounter.subject.patient00.patientPerson.disabilityCode00.codeSystem"/>
         </target>
      </link>
      <link>
         <source>
            <linkpointer kind="scs"
                         xmlPath="ENCOUNTER_HEAD.SUBJECT_1.PATIENT_11.PATIENTPERSON_111.disabilityCode00_codeSystemName"/>
         </source>
         <target>
            <linkpointer kind="h3s"
                         xmlPath="Encounter.subject.patient00.patientPerson.disabilityCode00.codeSystemName"/>
         </target>
      </link>
      <link>
         <source>
            <linkpointer kind="scs"
                         xmlPath="ENCOUNTER_HEAD.SUBJECT_1.PATIENT_11.PATIENTPERSON_111.disabilityCode00_displayName"/>
         </source>
         <target>
            <linkpointer kind="h3s"
                         xmlPath="Encounter.subject.patient00.patientPerson.disabilityCode00.displayName"/>
         </target>
      </link>
      <link>
         <source>
            <linkpointer kind="scs"
                         xmlPath="ENCOUNTER_HEAD.SUBJECT_1.PATIENT_11.PATIENTPERSON_111.disabilityCode00_code"/>
         </source>
         <target>
            <linkpointer kind="h3s"
                         xmlPath="Encounter.subject.patient00.patientPerson.disabilityCode00.code"/>
         </target>
      </link>
      <link>
         <source>
            <linkpointer kind="scs"
                         xmlPath="ENCOUNTER_HEAD.SUBJECT_1.PATIENT_11.PATIENTPERSON_111.livingArrangementCode_codeSystem"/>
         </source>
         <target>
            <linkpointer kind="h3s"
                         xmlPath="Encounter.subject.patient00.patientPerson.livingArrangementCode.codeSystem"/>
         </target>
      </link>
      <link>
         <source>
            <linkpointer kind="scs"
                         xmlPath="ENCOUNTER_HEAD.SUBJECT_1.PATIENT_11.PATIENTPERSON_111.livingArrangementCode_codeSystemName"/>
         </source>
         <target>
            <linkpointer kind="h3s"
                         xmlPath="Encounter.subject.patient00.patientPerson.livingArrangementCode.codeSystemName"/>
         </target>
      </link>
      <link>
         <source>
            <linkpointer kind="scs"
                         xmlPath="ENCOUNTER_HEAD.SUBJECT_1.PATIENT_11.PATIENTPERSON_111.livingArrangementCode_displayName"/>
         </source>
         <target>
            <linkpointer kind="h3s"
                         xmlPath="Encounter.subject.patient00.patientPerson.livingArrangementCode.displayName"/>
         </target>
      </link>
      <link>
         <source>
            <linkpointer kind="scs"
                         xmlPath="ENCOUNTER_HEAD.SUBJECT_1.PATIENT_11.PATIENTPERSON_111.livingArrangementCode_code"/>
         </source>
         <target>
            <linkpointer kind="h3s"
                         xmlPath="Encounter.subject.patient00.patientPerson.livingArrangementCode.code"/>
         </target>
      </link>
      <link>
         <source>
            <linkpointer kind="scs"
                         xmlPath="ENCOUNTER_HEAD.SUBJECT_1.PATIENT_11.PATIENTPERSON_111.religiousAffiliationCode_codeSystem"/>
         </source>
         <target>
            <linkpointer kind="h3s"
                         xmlPath="Encounter.subject.patient00.patientPerson.religiousAffiliationCode.codeSystem"/>
         </target>
      </link>
      <link>
         <source>
            <linkpointer kind="scs"
                         xmlPath="ENCOUNTER_HEAD.SUBJECT_1.PATIENT_11.PATIENTPERSON_111.religiousAffiliationCode_codeSystemName"/>
         </source>
         <target>
            <linkpointer kind="h3s"
                         xmlPath="Encounter.subject.patient00.patientPerson.religiousAffiliationCode.codeSystemName"/>
         </target>
      </link>
      <link>
         <source>
            <linkpointer kind="scs"
                         xmlPath="ENCOUNTER_HEAD.SUBJECT_1.PATIENT_11.PATIENTPERSON_111.religiousAffiliationCode_displayName"/>
         </source>
         <target>
            <linkpointer kind="h3s"
                         xmlPath="Encounter.subject.patient00.patientPerson.religiousAffiliationCode.displayName"/>
         </target>
      </link>
      <link>
         <source>
            <linkpointer kind="scs"
                         xmlPath="ENCOUNTER_HEAD.SUBJECT_1.PATIENT_11.PATIENTPERSON_111.religiousAffiliationCode_code"/>
         </source>
         <target>
            <linkpointer kind="h3s"
                         xmlPath="Encounter.subject.patient00.patientPerson.religiousAffiliationCode.code"/>
         </target>
      </link>
      <link>
         <source>
            <linkpointer kind="scs"
                         xmlPath="ENCOUNTER_HEAD.SUBJECT_1.PATIENT_11.PATIENTPERSON_111.raceCode00_codeSystem"/>
         </source>
         <target>
            <linkpointer kind="h3s"
                         xmlPath="Encounter.subject.patient00.patientPerson.raceCode00.codeSystem"/>
         </target>
      </link>
      <link>
         <source>
            <linkpointer kind="scs"
                         xmlPath="ENCOUNTER_HEAD.SUBJECT_1.PATIENT_11.PATIENTPERSON_111.raceCode00_codeSystemName"/>
         </source>
         <target>
            <linkpointer kind="h3s"
                         xmlPath="Encounter.subject.patient00.patientPerson.raceCode00.codeSystemName"/>
         </target>
      </link>
      <link>
         <source>
            <linkpointer kind="scs"
                         xmlPath="ENCOUNTER_HEAD.SUBJECT_1.PATIENT_11.PATIENTPERSON_111.raceCode00_displayName"/>
         </source>
         <target>
            <linkpointer kind="h3s"
                         xmlPath="Encounter.subject.patient00.patientPerson.raceCode00.displayName"/>
         </target>
      </link>
      <link>
         <source>
            <linkpointer kind="scs"
                         xmlPath="ENCOUNTER_HEAD.SUBJECT_1.PATIENT_11.PATIENTPERSON_111.raceCode00_code"/>
         </source>
         <target>
            <linkpointer kind="h3s" xmlPath="Encounter.subject.patient00.patientPerson.raceCode00.code"/>
         </target>
      </link>
      <link>
         <source>
            <linkpointer kind="scs"
                         xmlPath="ENCOUNTER_HEAD.SUBJECT_1.PATIENT_11.PATIENTPERSON_111.ethnicGroupCode00_codeSystemName"/>
         </source>
         <target>
            <linkpointer kind="h3s"
                         xmlPath="Encounter.subject.patient00.patientPerson.ethnicGroupCode00.codeSystemName"/>
         </target>
      </link>
      <link>
         <source>
            <linkpointer kind="scs"
                         xmlPath="ENCOUNTER_HEAD.SUBJECT_1.PATIENT_11.PATIENTPERSON_111.ethnicGroupCode00_codeSystem"/>
         </source>
         <target>
            <linkpointer kind="h3s"
                         xmlPath="Encounter.subject.patient00.patientPerson.ethnicGroupCode00.codeSystem"/>
         </target>
      </link>
      <link>
         <source>
            <linkpointer kind="scs"
                         xmlPath="ENCOUNTER_HEAD.SUBJECT_1.PATIENT_11.PATIENTPERSON_111.ethnicGroupCode00_displayName"/>
         </source>
         <target>
            <linkpointer kind="h3s"
                         xmlPath="Encounter.subject.patient00.patientPerson.ethnicGroupCode00.displayName"/>
         </target>
      </link>
      <link>
         <source>
            <linkpointer kind="scs"
                         xmlPath="ENCOUNTER_HEAD.SUBJECT_1.PATIENT_11.PATIENTPERSON_111.ethnicGroupCode00_code"/>
         </source>
         <target>
            <linkpointer kind="h3s"
                         xmlPath="Encounter.subject.patient00.patientPerson.ethnicGroupCode00.code"/>
         </target>
      </link>
      <link>
         <source>
            <linkpointer kind="scs"
                         xmlPath="ENCOUNTER_HEAD.SUBJECT_1.PATIENT_11.PATIENTPERSON_111.name01_inlineText"/>
         </source>
         <target>
            <linkpointer kind="h3s"
                         xmlPath="Encounter.subject.patient00.patientPerson.name01.inlineText"/>
         </target>
      </link>
      <link>
         <source>
            <linkpointer kind="scs"
                         xmlPath="ENCOUNTER_HEAD.SUBJECT_1.PATIENT_11.PATIENTPERSON_111.name01_use"/>
         </source>
         <target>
            <linkpointer kind="h3s" xmlPath="Encounter.subject.patient00.patientPerson.name01.use"/>
         </target>
      </link>
      <link>
         <source>
            <linkpointer kind="function" xmlPath="function.13.outputs.0"/>
         </source>
         <target>
            <linkpointer kind="h3s"
                         xmlPath="Encounter.subject.patient00.patientPerson.name00.family.inlineText"/>
         </target>
      </link>
      <link>
         <source>
            <linkpointer kind="function" xmlPath="function.12.outputs.0"/>
         </source>
         <target>
            <linkpointer kind="h3s"
                         xmlPath="Encounter.subject.patient00.patientPerson.name00.given.inlineText"/>
         </target>
      </link>
   </links>
   <views>
      <view component-id="source.scs.0" height="0" width="0" x="0" y="0"/>
      <view component-id="target.h3s.copyrightYears_2008.0" height="0" width="0" x="0"
            y="0"/>
      <view component-id="function.12" height="43" width="109" x="30" y="456"/>
      <view component-id="function.13" height="43" width="109" x="36" y="378"/>
   </views>
</mapping>