<?xml version="1.0" encoding="UTF-8" ?>
<mapping>
  <components>
  	<component kind="Database" param="jdbc:oracle:thin:@cbiodb2-d:1521:cadev~oracle.jdbc.OracleDriver~caadapter~caadapter"/>
  	<component kind="XML" location="D:\Projects\caadapter\workingspace\RDS_Example\define.xml"/>
  </components>
  <link>
  	<source>\Data Model\CAADAPTER\TEST_SITE\SITE_ID</source>
  	<target>\#document\ODM\Study\MetaDataVersion\ItemGroupDef\DM.SITEID</target>
  </link>
  <link>
  	<source>\Data Model\CAADAPTER\TEST_STUDY\STUDY_ID</source>
  	<target>\#document\ODM\Study\MetaDataVersion\ItemGroupDef\DM.STUDYID</target>
  </link>
  <link>
  	<source>\Data Model\CAADAPTER\CAHL7_MESSAGE_TYPE\CREATION_DATE</source>
  	<target>\#document\ODM\Study\MetaDataVersion\ItemGroupDef\DM.DMDY</target>
  </link>
  <link>
  	<source>\Data Model\CAADAPTER\C150003_ORG_CP_PERS_NAME\FAMILY</source>
  	<target>\#document\ODM\Study\MetaDataVersion\ItemGroupDef\DM.AGE</target>
  </link>
  <link>
  	<source>\Data Model\CAADAPTER\CAHL7_SITE\SITE_ID</source>
  	<target>\#document\ODM\Study\MetaDataVersion\ItemGroupDef\DM.USUBJID</target>
  </link>
  <link>
  	<source>\Data Model\CAADAPTER\CAHL7_MESSAGE_DATA\PARENT_RECORD_ID</source>
  	<target>\#document\ODM\Study\MetaDataVersion\ItemGroupDef\DM.RFSTDTC</target>
  </link>
</mapping>