<?xml version="1.0" encoding="UTF-8"?>
<mapping type="V2_TO_V3" version="1.2">
   <components>
      <component kind="v2" location="2.4/ADT_A03.xsd" type="source"/>
      <component group="copyrightYears_" kind="h3s"
                 location="{caAdapter_Home}\workingspace\V2Meta_to_V3\PRPA_MT402002_2008.h3s"
                 type="target"/>
      <component group="constant" kind="core" name="constant" type="function" id="0">
         <data type="String" value="IMP"/>
      </component>
      <component group="constant" kind="core" name="constant" type="function" id="1">
         <data type="String" value="2.16.840.1.113883.11.19457"/>
      </component>
      <component group="vocabulary" kind="core" name="translateValue" type="function" id="2">
         <data type="VOM_File_Local"
               value="{caAdapter_Home}\workingspace\V2Meta_to_V3\A03_TO_402003.vom?@AdmissionType"/>
      </component>
      <component group="constant" kind="core" name="constant" type="function" id="3">
         <data type="String" value="x_EncounterAdmissionUrgency"/>
      </component>
      <component group="constant" kind="core" name="constant" type="function" id="4">
         <data type="String" value="completed"/>
      </component>
      <component group="constant" kind="core" name="constant" type="function" id="5">
         <data type="String" value="ActCode"/>
      </component>
      <component group="constant" kind="core" name="constant" type="function" id="6">
         <data type="String" value="2.16.840.1.113883.11.13953"/>
      </component>
      <component group="constant" kind="core" name="constant" type="function" id="7">
         <data type="String" value="completed"/>
      </component>
      <component group="constant" kind="core" name="constant" type="function" id="8">
         <data type="String" value="false"/>
      </component>
      <component group="constant" kind="core" name="constant" type="function" id="9">
         <data type="String" value="2.16.840.1.113883.11.16228"/>
      </component>
      <component group="vocabulary" kind="core" name="translateValue" type="function" id="10">
         <data type="VOM_File_Local"
               value="{caAdapter_Home}\workingspace\V2Meta_to_V3\A03_TO_402003.vom?@DiagnosisType"/>
      </component>
      <component group="constant" kind="core" name="constant" type="function" id="11">
         <data type="String" value="ObservationDiagnosisTypes"/>
      </component>
      <component group="vocabulary" kind="core" name="translateValue" type="function" id="12">
         <data type="VOM_File_Local"
               value="{caAdapter_Home}\workingspace\V2Meta_to_V3\A03_TO_402003.vom?@DiseaseCodingSystemCodeName"/>
      </component>
      <component group="constant" kind="core" name="constant" type="function" id="13">
         <data type="String" value="2.16.840.1.113883.13.1546"/>
      </component>
      <component group="constant" kind="core" name="constant" type="function" id="14">
         <data type="String" value="2.16.840.1.113883.13.1654"/>
      </component>
      <component group="vocabulary" kind="core" name="translateValue" type="function" id="15">
         <data type="VOM_File_Local"
               value="{caAdapter_Home}\workingspace\V2Meta_to_V3\A03_TO_402003.vom?@DiseaseCodingSystemOID"/>
      </component>
      <component group="vocabulary" kind="core" name="translateValue" type="function" id="16">
         <data type="VOM_File_Local"
               value="{caAdapter_Home}\workingspace\V2Meta_to_V3\A03_TO_402003.vom?@AdministrativeGender"/>
      </component>
   </components>
   <links>
      <link>
         <source>
            <linkpointer kind="v2" xmlPath="ADT_A03.PID.PID_3.CX_4.HD_2"/>
         </source>
         <target>
            <linkpointer kind="h3s" xmlPath="EncounterEvent.id00.root"/>
         </target>
      </link>
      <link>
         <source>
            <linkpointer kind="v2" xmlPath="ADT_A03.PID.PID_3.CX_1"/>
         </source>
         <target>
            <linkpointer kind="h3s" xmlPath="EncounterEvent.id00.extension"/>
         </target>
      </link>
      <link>
         <source>
            <linkpointer kind="v2" xmlPath="ADT_A03.PID.PID_3.CX_4.HD_1"/>
         </source>
         <target>
            <linkpointer kind="h3s" xmlPath="EncounterEvent.id00.assigningAuthorityName"/>
         </target>
      </link>
      <link>
         <source>
            <linkpointer kind="function" xmlPath="function.0.outputs.0"/>
         </source>
         <target>
            <linkpointer kind="h3s" xmlPath="EncounterEvent.code.code"/>
         </target>
      </link>
      <link>
         <source>
            <linkpointer kind="function" xmlPath="function.6.outputs.0"/>
         </source>
         <target>
            <linkpointer kind="h3s" xmlPath="EncounterEvent.code.codeSystem"/>
         </target>
      </link>
      <link>
         <source>
            <linkpointer kind="function" xmlPath="function.5.outputs.0"/>
         </source>
         <target>
            <linkpointer kind="h3s" xmlPath="EncounterEvent.code.codeSystemName"/>
         </target>
      </link>
      <link>
         <source>
            <linkpointer kind="function" xmlPath="function.4.outputs.0"/>
         </source>
         <target>
            <linkpointer kind="h3s" xmlPath="EncounterEvent.statusCode.code"/>
         </target>
      </link>
      <link>
         <source>
            <linkpointer kind="v2" xmlPath="ADT_A03.PV1.PV1_44.TS_1"/>
         </source>
         <target>
            <linkpointer kind="h3s" xmlPath="EncounterEvent.effectiveTime.low.value"/>
         </target>
      </link>
      <link>
         <source>
            <linkpointer kind="v2" xmlPath="ADT_A03.PV1.PV1_45.TS_1"/>
         </source>
         <target>
            <linkpointer kind="h3s" xmlPath="EncounterEvent.effectiveTime.high.value"/>
         </target>
      </link>
      <link>
         <source>
            <linkpointer kind="v2" xmlPath="ADT_A03.PV1.PV1_45.TS_1"/>
         </source>
         <target>
            <linkpointer kind="h3s" xmlPath="EncounterEvent.activityTime.value"/>
         </target>
      </link>
      <link>
         <source>
            <linkpointer kind="v2" xmlPath="ADT_A03.PV1.PV1_4"/>
         </source>
         <target>
            <linkpointer kind="function" xmlPath="function.2.inputs.0"/>
         </target>
      </link>
      <link>
         <source>
            <linkpointer kind="function" xmlPath="function.2.outputs.0"/>
         </source>
         <target>
            <linkpointer kind="h3s" xmlPath="EncounterEvent.priorityCode.code"/>
         </target>
      </link>
      <link>
         <source>
            <linkpointer kind="function" xmlPath="function.1.outputs.0"/>
         </source>
         <target>
            <linkpointer kind="h3s" xmlPath="EncounterEvent.priorityCode.codeSystem"/>
         </target>
      </link>
      <link>
         <source>
            <linkpointer kind="function" xmlPath="function.3.outputs.0"/>
         </source>
         <target>
            <linkpointer kind="h3s" xmlPath="EncounterEvent.priorityCode.codeSystemName"/>
         </target>
      </link>
      <link>
         <source>
            <linkpointer kind="v2" xmlPath="ADT_A03.PV1.PV1_36"/>
         </source>
         <target>
            <linkpointer kind="h3s" xmlPath="EncounterEvent.dischargeDispositionCode.code"/>
         </target>
      </link>
      <link>
         <source>
            <linkpointer kind="v2" xmlPath="ADT_A03.PID.PID_3.CX_4.HD_2"/>
         </source>
         <target>
            <linkpointer kind="h3s" xmlPath="EncounterEvent.subject.patient00.id00.root"/>
         </target>
      </link>
      <link>
         <source>
            <linkpointer kind="v2" xmlPath="ADT_A03.PID.PID_3.CX_1"/>
         </source>
         <target>
            <linkpointer kind="h3s" xmlPath="EncounterEvent.subject.patient00.id00.extension"/>
         </target>
      </link>
      <link>
         <source>
            <linkpointer kind="v2" xmlPath="ADT_A03.PID.PID_3.CX_4.HD_1"/>
         </source>
         <target>
            <linkpointer kind="h3s"
                         xmlPath="EncounterEvent.subject.patient00.id00.assigningAuthorityName"/>
         </target>
      </link>
      <link>
         <source>
            <linkpointer kind="v2" xmlPath="ADT_A03.PID.PID_11.XAD_1.SAD_1"/>
         </source>
         <target>
            <linkpointer kind="h3s"
                         xmlPath="EncounterEvent.subject.patient00.addr00.streetAddressLine.inlineText"/>
         </target>
      </link>
      <link>
         <source>
            <linkpointer kind="v2" xmlPath="ADT_A03.PID.PID_11.XAD_3"/>
         </source>
         <target>
            <linkpointer kind="h3s" xmlPath="EncounterEvent.subject.patient00.addr00.city.inlineText"/>
         </target>
      </link>
      <link>
         <source>
            <linkpointer kind="v2" xmlPath="ADT_A03.PID.PID_5.XPN_1.FN_1"/>
         </source>
         <target>
            <linkpointer kind="h3s"
                         xmlPath="EncounterEvent.subject.patient00.patientPerson.name00.family.inlineText"/>
         </target>
      </link>
      <link>
         <source>
            <linkpointer kind="v2" xmlPath="ADT_A03.PID.PID_5.XPN_2"/>
         </source>
         <target>
            <linkpointer kind="h3s"
                         xmlPath="EncounterEvent.subject.patient00.patientPerson.name00.given.inlineText"/>
         </target>
      </link>
      <link>
         <source>
            <linkpointer kind="v2" xmlPath="ADT_A03.PID.PID_5.XPN_3"/>
         </source>
         <target>
            <linkpointer kind="h3s"
                         xmlPath="EncounterEvent.subject.patient00.patientPerson.name00.given01.inlineText"/>
         </target>
      </link>
      <link>
         <source>
            <linkpointer kind="v2" xmlPath="ADT_A03.PID.PID_7.TS_1"/>
         </source>
         <target>
            <linkpointer kind="h3s"
                         xmlPath="EncounterEvent.subject.patient00.patientPerson.birthTime.value"/>
         </target>
      </link>
      <link>
         <source>
            <linkpointer kind="v2" xmlPath="ADT_A03.DG1.DG1_15"/>
         </source>
         <target>
            <linkpointer kind="h3s" xmlPath="EncounterEvent.reason00.priorityNumber.value"/>
         </target>
      </link>
      <link>
         <source>
            <linkpointer kind="v2" xmlPath="ADT_A03.DG1"/>
         </source>
         <target>
            <linkpointer kind="h3s" xmlPath="EncounterEvent.reason00"/>
         </target>
      </link>
      <link>
         <source>
            <linkpointer kind="v2" xmlPath="ADT_A03.DG1.DG1_6"/>
         </source>
         <target>
            <linkpointer kind="function" xmlPath="function.10.inputs.0"/>
         </target>
      </link>
      <link>
         <source>
            <linkpointer kind="function" xmlPath="function.10.outputs.0"/>
         </source>
         <target>
            <linkpointer kind="h3s" xmlPath="EncounterEvent.reason00.observationDx.code.code"/>
         </target>
      </link>
      <link>
         <source>
            <linkpointer kind="function" xmlPath="function.9.outputs.0"/>
         </source>
         <target>
            <linkpointer kind="h3s" xmlPath="EncounterEvent.reason00.observationDx.code.codeSystem"/>
         </target>
      </link>
      <link>
         <source>
            <linkpointer kind="function" xmlPath="function.11.outputs.0"/>
         </source>
         <target>
            <linkpointer kind="h3s" xmlPath="EncounterEvent.reason00.observationDx.code.codeSystemName"/>
         </target>
      </link>
      <link>
         <source>
            <linkpointer kind="function" xmlPath="function.8.outputs.0"/>
         </source>
         <target>
            <linkpointer kind="h3s" xmlPath="EncounterEvent.reason00.observationDx.negationInd"/>
         </target>
      </link>
      <link>
         <source>
            <linkpointer kind="function" xmlPath="function.7.outputs.0"/>
         </source>
         <target>
            <linkpointer kind="h3s" xmlPath="EncounterEvent.reason00.observationDx.statusCode.code"/>
         </target>
      </link>
      <link>
         <source>
            <linkpointer kind="v2" xmlPath="ADT_A03.DG1.DG1_5.TS_1"/>
         </source>
         <target>
            <linkpointer kind="h3s" xmlPath="EncounterEvent.reason00.observationDx.effectiveTime.value"/>
         </target>
      </link>
      <link>
         <source>
            <linkpointer kind="v2" xmlPath="ADT_A03.DG1.DG1_3.CE_1"/>
         </source>
         <target>
            <linkpointer kind="h3s" xmlPath="EncounterEvent.reason00.observationDx.value.code"/>
         </target>
      </link>
      <link>
         <source>
            <linkpointer kind="v2" xmlPath="ADT_A03.DG1.DG1_3.CE_3"/>
         </source>
         <target>
            <linkpointer kind="function" xmlPath="function.15.inputs.0"/>
         </target>
      </link>
      <link>
         <source>
            <linkpointer kind="function" xmlPath="function.15.outputs.0"/>
         </source>
         <target>
            <linkpointer kind="h3s" xmlPath="EncounterEvent.reason00.observationDx.value.codeSystem"/>
         </target>
      </link>
      <link>
         <source>
            <linkpointer kind="function" xmlPath="function.12.outputs.0"/>
         </source>
         <target>
            <linkpointer kind="h3s" xmlPath="EncounterEvent.reason00.observationDx.value.codeSystemName"/>
         </target>
      </link>
      <link>
         <source>
            <linkpointer kind="v2" xmlPath="ADT_A03.DG1.DG1_3.CE_3"/>
         </source>
         <target>
            <linkpointer kind="function" xmlPath="function.12.inputs.0"/>
         </target>
      </link>
      <link>
         <source>
            <linkpointer kind="v2" xmlPath="ADT_A03.DG1.DG1_3.CE_2"/>
         </source>
         <target>
            <linkpointer kind="h3s" xmlPath="EncounterEvent.reason00.observationDx.value.displayName"/>
         </target>
      </link>
      <link>
         <source>
            <linkpointer kind="v2" xmlPath="ADT_A03.PV1.PV1_45.TS_1"/>
         </source>
         <target>
            <linkpointer kind="h3s" xmlPath="EncounterEvent.discharger.time.value"/>
         </target>
      </link>
      <link>
         <source>
            <linkpointer kind="v2" xmlPath="ADT_A03.DG1.DG1_16.XCN_1"/>
         </source>
         <target>
            <linkpointer kind="h3s" xmlPath="EncounterEvent.discharger.assignedPerson00.id00.extension"/>
         </target>
      </link>
      <link>
         <source>
            <linkpointer kind="function" xmlPath="function.14.outputs.0"/>
         </source>
         <target>
            <linkpointer kind="h3s" xmlPath="EncounterEvent.discharger.assignedPerson00.id00.root"/>
         </target>
      </link>
      <link>
         <source>
            <linkpointer kind="v2" xmlPath="ADT_A03.PV1.PV1_44.TS_1"/>
         </source>
         <target>
            <linkpointer kind="h3s" xmlPath="EncounterEvent.admitter.time.value"/>
         </target>
      </link>
      <link>
         <source>
            <linkpointer kind="function" xmlPath="function.13.outputs.0"/>
         </source>
         <target>
            <linkpointer kind="h3s" xmlPath="EncounterEvent.admitter.assignedPerson00.id00.root"/>
         </target>
      </link>
      <link>
         <source>
            <linkpointer kind="v2" xmlPath="ADT_A03.PV1.PV1_7.XCN_1"/>
         </source>
         <target>
            <linkpointer kind="h3s" xmlPath="EncounterEvent.admitter.assignedPerson00.id00.extension"/>
         </target>
      </link>
      <link>
         <source>
            <linkpointer kind="v2" xmlPath="ADT_A03.PID.PID_11.XAD_5"/>
         </source>
         <target>
            <linkpointer kind="h3s"
                         xmlPath="EncounterEvent.subject.patient00.addr00.postalCode.inlineText"/>
         </target>
      </link>
      <link>
         <source>
            <linkpointer kind="v2" xmlPath="ADT_A03.PID.PID_11.XAD_4"/>
         </source>
         <target>
            <linkpointer kind="h3s" xmlPath="EncounterEvent.subject.patient00.addr00.state.inlineText"/>
         </target>
      </link>
      <link>
         <source>
            <linkpointer kind="function" xmlPath="function.16.outputs.0"/>
         </source>
         <target>
            <linkpointer kind="h3s"
                         xmlPath="EncounterEvent.subject.patient00.patientPerson.administrativeGenderCode"/>
         </target>
      </link>
      <link>
         <source>
            <linkpointer kind="v2" xmlPath="ADT_A03.PID.PID_8"/>
         </source>
         <target>
            <linkpointer kind="function" xmlPath="function.16.inputs.0"/>
         </target>
      </link>
   </links>
   <views>
      <view component-id="source.v2.0" height="0" width="0" x="0" y="0"/>
      <view component-id="target.h3s.copyrightYears_.0" height="0" width="0" x="0" y="0"/>
      <view component-id="function.0" height="43" width="109" x="132" y="18"/>
      <view component-id="function.1" height="43" width="109" x="132" y="114"/>
      <view component-id="function.2" height="43" width="109" x="18" y="114"/>
      <view component-id="function.3" height="43" width="109" x="18" y="162"/>
      <view component-id="function.4" height="43" width="109" x="132" y="66"/>
      <view component-id="function.5" height="43" width="109" x="18" y="66"/>
      <view component-id="function.6" height="43" width="109" x="18" y="18"/>
      <view component-id="function.7" height="43" width="109" x="132" y="258"/>
      <view component-id="function.8" height="43" width="109" x="18" y="258"/>
      <view component-id="function.9" height="43" width="109" x="18" y="210"/>
      <view component-id="function.10" height="43" width="109" x="132" y="162"/>
      <view component-id="function.11" height="43" width="109" x="132" y="210"/>
      <view component-id="function.12" height="43" width="109" x="132" y="306"/>
      <view component-id="function.13" height="43" width="109" x="132" y="360"/>
      <view component-id="function.14" height="43" width="109" x="18" y="360"/>
      <view component-id="function.15" height="43" width="109" x="18" y="306"/>
      <view component-id="function.16" height="43" width="109" x="24" y="420"/>
   </views>
</mapping>