<?xml version="1.0" encoding="UTF-8"?>
<mapping version="1.2">
   <components>
      <component kind="scs" location="{caAdapter_Home}\components\hl7Transformation\test\data\150003.scs" type="source"/>
      <component kind="h3s" location="{caAdapter_Home}\components\hl7Transformation\test\data\COCT_MT150003_MAP_Scenario_Test.h3s" type="target"/>
      <component group="string" kind="core" name="Concatenate" type="function" id="3"/>
   </components>
   <links>
      <link>
         <source>
            <linkpointer kind="scs" xmlPath="ORGS.ORGAD.Street_1"/>
         </source>
         <target>
            <linkpointer kind="function" xmlPath="function.3.inputs.0"/>
         </target>
      </link>
      <link>
         <source>
            <linkpointer kind="scs" xmlPath="ORGS.ORGAD.Street_2"/>
         </source>
         <target>
            <linkpointer kind="function" xmlPath="function.3.inputs.1"/>
         </target>
      </link>
      <link>
         <source>
            <linkpointer kind="function" xmlPath="function.3.outputs.0"/>
         </source>
         <target>
            <linkpointer kind="h3s" xmlPath="Organization.contactParty00.addr00.streetAddressLine.representation"/>
         </target>
      </link>
      <link>
         <source>
            <linkpointer kind="scs" xmlPath="ORGS.ORGAD"/>
         </source>
         <target>
            <linkpointer kind="h3s" xmlPath="Organization.contactParty00"/>
         </target>
      </link>
      <link>
         <source>
            <linkpointer kind="scs" xmlPath="ORGS.ORGAD.City"/>
         </source>
         <target>
            <linkpointer kind="h3s" xmlPath="Organization.contactParty00.addr00.city.representation"/>
         </target>
      </link>
      <link>
         <source>
            <linkpointer kind="scs" xmlPath="ORGS.ORGAD.City"/>
         </source>
         <target>
            <linkpointer kind="h3s" xmlPath="Organization.contactParty00.classcode.code"/>
         </target>
      </link>
      <link>
         <source>
            <linkpointer kind="scs" xmlPath="ORGS.ORGAD.State"/>
         </source>
         <target>
            <linkpointer kind="h3s" xmlPath="Organization.contactParty00.addr00.state.representation"/>
         </target>
      </link>
   </links>
   <views>
      <view component-id="source.scs.0" height="0" width="0" x="0" y="0"/>
      <view component-id="target.h3s.0" height="0" width="0" x="0" y="0"/>
      <view component-id="function.3" height="67" width="91" x="42" y="360"/>
   </views>
</mapping>