<?xml version="1.0" encoding="UTF-8" standalone="yes"?>
<mapping xmlns:ns2="http://cmps.cbiit.nci.nih.gov/core">
    <components>
        <component location="..\multicacheschemas\PORT_IN020001UV01.xsd" kind="xml" type="target" id="0">
            <rootElement isChosen="false" isChoice="false" nameSpace="urn:hl7-org:v3" name="PORT_IN020001UV01"/>
        </component>
        <component location="purchase.xsd" kind="xml" type="source" id="1">
            <rootElement isChosen="false" isChoice="false" type="PurchaseOrderType" nameSpace="http://cbiit.nci.nih.gov/po.xsd" name="purchaseOrder"/>
        </component>
    </components>
    <links>
        <link>
            <source id="/purchaseOrder/items/item" componentid="1"/>
            <target id="/PORT_IN020001UV01/controlActProcess/subject" componentid="0"/>
        </link>
        <link>
            <source id="/purchaseOrder/items/item/comment" componentid="1"/>
            <target id="/PORT_IN020001UV01/controlActProcess/subject/@nullFlavor" componentid="0"/>
        </link>
        <link>
            <source id="/purchaseOrder/items/item/@partNum" componentid="1"/>
            <target id="/PORT_IN020001UV01/controlActProcess/subject/realmCode" componentid="0"/>
        </link>
        <link>
            <source id="/purchaseOrder/items/item/productName" componentid="1"/>
            <target id="/PORT_IN020001UV01/controlActProcess/subject/typeId" componentid="0"/>
        </link>
        <link>
            <source id="/purchaseOrder/items/item/shipDate" componentid="1"/>
            <target id="/PORT_IN020001UV01/controlActProcess/subject/annotatedECG/@classCode" componentid="0"/>
        </link>
        <link>
            <source id="/purchaseOrder/items/item/quantity" componentid="1"/>
            <target id="/PORT_IN020001UV01/controlActProcess/subject/annotatedECG/@moodCode" componentid="0"/>
        </link>
        <link>
            <source id="/purchaseOrder" componentid="1"/>
            <target id="/PORT_IN020001UV01" componentid="0"/>
        </link>
        <link>
            <source id="/purchaseOrder/@orderDate" componentid="1"/>
            <target id="/PORT_IN020001UV01/creationTime" componentid="0"/>
        </link>
        <link>
            <source id="/purchaseOrder/billTo" componentid="1"/>
            <target id="/PORT_IN020001UV01/receiver" componentid="0"/>
        </link>
        <link>
            <source id="/purchaseOrder/billTo/name" componentid="1"/>
            <target id="/PORT_IN020001UV01/receiver/device/name" componentid="0"/>
        </link>
        <link>
            <source id="/purchaseOrder/billTo/zip" componentid="1"/>
            <target id="/PORT_IN020001UV01/receiver/device/typeId" componentid="0"/>
        </link>
        <link>
            <source id="/purchaseOrder/billTo/@country" componentid="1"/>
            <target id="/PORT_IN020001UV01/receiver/device/@classCode" componentid="0"/>
        </link>
        <link>
            <source id="/purchaseOrder/billTo/street" componentid="1"/>
            <target id="/PORT_IN020001UV01/receiver/device/desc" componentid="0"/>
        </link>
        <link>
            <source id="/purchaseOrder/shipTo" componentid="1"/>
            <target id="/PORT_IN020001UV01/sender" componentid="0"/>
        </link>
        <link>
            <source id="/purchaseOrder/shipTo/name" componentid="1"/>
            <target id="/PORT_IN020001UV01/sender/device/name" componentid="0"/>
        </link>
        <link>
            <source id="/purchaseOrder/shipTo/@country" componentid="1"/>
            <target id="/PORT_IN020001UV01/sender/device/@classCode" componentid="0"/>
        </link>
        <link>
            <source id="/purchaseOrder/shipTo/zip" componentid="1"/>
            <target id="/PORT_IN020001UV01/sender/device/id" componentid="0"/>
        </link>
        <link>
            <source id="/purchaseOrder/shipTo/street" componentid="1"/>
            <target id="/PORT_IN020001UV01/sender/device/desc" componentid="0"/>
        </link>
        <link>
            <source id="/purchaseOrder/shipTo/city" componentid="1"/>
            <target id="/PORT_IN020001UV01/sender/device/existenceTime" componentid="0"/>
        </link>
        <link>
            <source id="/purchaseOrder/shipTo/state" componentid="1"/>
            <target id="/PORT_IN020001UV01/sender/device/manufacturerModelName" componentid="0"/>
        </link>
    </links>
    <tags/>
    <views/>
</mapping>
