<?xml version="1.0" encoding="UTF-8"?>
<mapping version="1.2">
   <components>
      <component kind="dbs" location="sourcedatabasemeta.dbs" type="source" uuid="80ea3e2f-78c0-4da7-8a33-17370081e3c4"/>
      <component kind="dbs" location="targetdatabasemeta.dbs" type="target" uuid="cebdaffe-1740-46c6-b419-43bf3c1575ea"/>
      <component group="string" kind="core" name="Concatenate" type="function" uuid="2dd52420-7566-4ec7-ab24-b6730466b1b4"/>
   </components>
   <links>
      <link uuid="97bebdf4-1579-438a-942b-cc0e1f060539">
         <linkpointer component-uuid="80ea3e2f-78c0-4da7-8a33-17370081e3c4" data-uuid="db1111AB-CDEFGH"/>
         <linkpointer component-uuid="cebdaffe-1740-46c6-b419-43bf3c1575ea" data-uuid="target-1234AB-CDEFGH"/>
      </link>
      <link uuid="f65e34b5-edbc-4c99-a428-53dbd0e2181d">
         <linkpointer component-uuid="80ea3e2f-78c0-4da7-8a33-17370081e3c4" data-uuid="dbBB11-11AB-BBCDEFGH"/>
         <linkpointer component-uuid="cebdaffe-1740-46c6-b419-43bf3c1575ea" data-uuid="target-dbBB11-11AB-BBCDEFGH"/>
      </link>
      <link uuid="ab0af5c3-a78c-4069-89ca-141201ce8f6b">
         <linkpointer component-uuid="80ea3e2f-78c0-4da7-8a33-17370081e3c4" data-uuid="dbCCs-b1111-CCABCDEFGH"/>
         <linkpointer component-uuid="cebdaffe-1740-46c6-b419-43bf3c1575ea" data-uuid="target-dbddjjdCCs-b1111-CCABCDEFGH"/>
      </link>
      <link uuid="93f29b1b-58ce-4407-b66e-a1c6d0991bb6">
         <linkpointer component-uuid="80ea3e2f-78c0-4da7-8a33-17370081e3c4" data-uuid="dbAA111-ABC-AADEFGH"/>
         <linkpointer component-uuid="cebdaffe-1740-46c6-b419-43bf3c1575ea" data-uuid="target-dbAA111-ABC-AADEFGH"/>
      </link>
      <link uuid="aba5bde2-5445-413f-ad67-f9083607adac">
         <linkpointer component-uuid="80ea3e2f-78c0-4da7-8a33-17370081e3c4" data-uuid="dbsb1111AB-CDEFGH"/>
         <linkpointer component-uuid="cebdaffe-1740-46c6-b419-43bf3c1575ea" data-uuid="target-dbsb1111-ABCDEFGH"/>
      </link>
      <link uuid="8dfe4ca2-f3fa-47a1-a8bd-677856467712">
         <linkpointer component-uuid="80ea3e2f-78c0-4da7-8a33-17370081e3c4" data-uuid="dbsb1111-ABCDEFGH"/>
         <linkpointer component-uuid="cebdaffe-1740-46c6-b419-43bf3c1575ea" data-uuid="target-dbsb11-9ui-11ABC-DEFGH"/>
      </link>
      <link uuid="b6d6e255-1942-40e6-bb9e-7307ff3e5f5a">
         <linkpointer component-uuid="80ea3e2f-78c0-4da7-8a33-17370081e3c4" data-uuid="dbsb1111ABC-DEFGH"/>
         <linkpointer component-uuid="cebdaffe-1740-46c6-b419-43bf3c1575ea" data-uuid="target-dbsdddf-111ABC-DEFGH"/>
      </link>
      <link uuid="bff9e1c5-e70b-414e-84ed-04e99602bc4f">
         <linkpointer component-uuid="80ea3e2f-78c0-4da7-8a33-17370081e3c4" data-uuid="dbAA111-ABC-AADEFGH"/>
         <linkpointer component-uuid="cebdaffe-1740-46c6-b419-43bf3c1575ea" data-uuid="target-dbBB11-11ABCDEFGH"/>
      </link>
      <link uuid="847f10f7-f606-4c8b-9ab0-d16bab3bad26">
         <linkpointer component-uuid="80ea3e2f-78c0-4da7-8a33-17370081e3c4" data-uuid="dbsb1-111ABCDEFGH"/>
         <linkpointer component-uuid="2dd52420-7566-4ec7-ab24-b6730466b1b4" data-uuid="eec52360-fe0c-11d9-8cd6-0800200c9a66"/>
      </link>
      <link uuid="d9ea9096-2f05-4bc9-8fce-96f167e04b84">
         <linkpointer component-uuid="80ea3e2f-78c0-4da7-8a33-17370081e3c4" data-uuid="db1-111ABCDEFGH"/>
         <linkpointer component-uuid="2dd52420-7566-4ec7-ab24-b6730466b1b4" data-uuid="e8a43ac0-fe0c-11d9-8cd6-0800200c9a66"/>
      </link>
      <link uuid="abef1476-106d-495f-bcfd-ee0858aaf12f">
         <linkpointer component-uuid="cebdaffe-1740-46c6-b419-43bf3c1575ea" data-uuid="targer-db1111AB-CDEFGH"/>
         <linkpointer component-uuid="2dd52420-7566-4ec7-ab24-b6730466b1b4" data-uuid="f44d9c90-fe0c-11d9-8cd6-0800200c9a66"/>
      </link>
   </links>
   <views>
      <view component-uuid="80ea3e2f-78c0-4da7-8a33-17370081e3c4" height="0" width="0" x="0" y="0"/>
      <view component-uuid="cebdaffe-1740-46c6-b419-43bf3c1575ea" height="0" width="0" x="0" y="0"/>
      <view component-uuid="2dd52420-7566-4ec7-ab24-b6730466b1b4" height="61" width="85" x="90" y="48"/>
   </views>
</mapping>