<?xml version="1.0" encoding="UTF-8"?>
<mapping version="1.2">
   <components>
      <component kind="scs" location="{caAdapter_Home}\workingspace\csv2HL7v3\040002\040002.scs" type="source"/>
      <component kind="h3s" location="{caAdapter_Home}\workingspace\csv2HL7v3\040002\PORR_MT040002.h3s" type="target"/>
      <component group="constant" kind="core" name="constant" type="function" id="0">
         <data type="String" value="tel:"/>
      </component>
      <component group="string" kind="core" name="Concatenate" type="function" id="1"/>
      <component group="string" kind="core" name="Concatenate" type="function" id="2"/>
      <component group="constant" kind="core" name="constant" type="function" id="3">
         <data type="String" value="tel:"/>
      </component>
      <component group="constant" kind="core" name="constant" type="function" id="4">
         <data type="String" value="tel:"/>
      </component>
      <component group="string" kind="core" name="Concatenate" type="function" id="5"/>
      <component group="string" kind="core" name="Concatenate" type="function" id="6"/>
      <component group="constant" kind="core" name="constant" type="function" id="7">
         <data type="String" value="tel:"/>
      </component>
      <component group="constant" kind="core" name="constant" type="function" id="8">
         <data type="String" value="tel:"/>
      </component>
      <component group="string" kind="core" name="Concatenate" type="function" id="9"/>
      <component group="constant" kind="core" name="constant" type="function" id="10">
         <data type="String" value="tel:"/>
      </component>
      <component group="string" kind="core" name="Concatenate" type="function" id="11"/>
      <component group="constant" kind="core" name="constant" type="function" id="12">
         <data type="String" value="tel:"/>
      </component>
      <component group="string" kind="core" name="Concatenate" type="function" id="13"/>
      <component group="string" kind="core" name="Concatenate" type="function" id="14"/>
      <component group="constant" kind="core" name="constant" type="function" id="15">
         <data type="String" value="tel:"/>
      </component>
      <component group="string" kind="core" name="Concatenate" type="function" id="16"/>
      <component group="string" kind="core" name="Concatenate" type="function" id="17"/>
      <component group="string" kind="core" name="Concatenate" type="function" id="18"/>
      <component group="constant" kind="core" name="constant" type="function" id="19">
         <data type="String" value="tel:"/>
      </component>
      <component group="string" kind="core" name="Concatenate" type="function" id="20"/>
      <component group="constant" kind="core" name="constant" type="function" id="21">
         <data type="String" value="tel:"/>
      </component>
      <component group="constant" kind="core" name="constant" type="function" id="22">
         <data type="String" value="tel:"/>
      </component>
      <component group="constant" kind="core" name="constant" type="function" id="23">
         <data type="String" value="tel:"/>
      </component>
   </components>
   <links>
      <link>
         <source>
            <linkpointer kind="scs" xmlPath="DRUGADMIN.id_root"/>
         </source>
         <target>
            <linkpointer kind="h3s" xmlPath="SubstanceAdministrationEvent.id.root"/>
         </target>
      </link>
      <link>
         <source>
            <linkpointer kind="scs" xmlPath="DRUGADMIN.id_extension"/>
         </source>
         <target>
            <linkpointer kind="h3s" xmlPath="SubstanceAdministrationEvent.id.extension"/>
         </target>
      </link>
      <link>
         <source>
            <linkpointer kind="scs" xmlPath="DRUGADMIN.subject_id"/>
         </source>
         <target>
            <linkpointer kind="h3s" xmlPath="SubstanceAdministrationEvent.subject00.investigativeSubject.id.extension"/>
         </target>
      </link>
      <link>
         <source>
            <linkpointer kind="scs" xmlPath="DRUGADMIN.description"/>
         </source>
         <target>
            <linkpointer kind="h3s" xmlPath="SubstanceAdministrationEvent.text.inlineText"/>
         </target>
      </link>
      <link>
         <source>
            <linkpointer kind="scs" xmlPath="DRUGADMIN.date_time"/>
         </source>
         <target>
            <linkpointer kind="h3s" xmlPath="SubstanceAdministrationEvent.effectiveTime.value"/>
         </target>
      </link>
      <link>
         <source>
            <linkpointer kind="scs" xmlPath="DRUGADMIN.repeat_num"/>
         </source>
         <target>
            <linkpointer kind="h3s" xmlPath="SubstanceAdministrationEvent.repeatNumber.value"/>
         </target>
      </link>
      <link>
         <source>
            <linkpointer kind="scs" xmlPath="DRUGADMIN.route"/>
         </source>
         <target>
            <linkpointer kind="h3s" xmlPath="SubstanceAdministrationEvent.routeCode.displayName"/>
         </target>
      </link>
      <link>
         <source>
            <linkpointer kind="scs" xmlPath="DRUGADMIN.dose_quantity"/>
         </source>
         <target>
            <linkpointer kind="h3s" xmlPath="SubstanceAdministrationEvent.doseQuantity.value"/>
         </target>
      </link>
      <link>
         <source>
            <linkpointer kind="scs" xmlPath="DRUGADMIN.dose_quantity_uom"/>
         </source>
         <target>
            <linkpointer kind="h3s" xmlPath="SubstanceAdministrationEvent.doseQuantity.unit"/>
         </target>
      </link>
      <link>
         <source>
            <linkpointer kind="scs" xmlPath="DRUGADMIN.intervention_characterization_value"/>
         </source>
         <target>
            <linkpointer kind="h3s" xmlPath="SubstanceAdministrationEvent.pertinentInformation4.interventionCharacterization.code.code"/>
         </target>
      </link>
      <link>
         <source>
            <linkpointer kind="scs" xmlPath="DRUGADMIN.action_taken_value"/>
         </source>
         <target>
            <linkpointer kind="h3s" xmlPath="SubstanceAdministrationEvent.pertinentInformation2.actionTaken.value.code"/>
         </target>
      </link>
      <link>
         <source>
            <linkpointer kind="scs" xmlPath="DRUGADMIN.loc_id"/>
         </source>
         <target>
            <linkpointer kind="h3s" xmlPath="SubstanceAdministrationEvent.location.serviceDeliveryLocation.id00.extension"/>
         </target>
      </link>
      <link>
         <source>
            <linkpointer kind="scs" xmlPath="DRUGADMIN.log_code"/>
         </source>
         <target>
            <linkpointer kind="h3s" xmlPath="SubstanceAdministrationEvent.location.serviceDeliveryLocation.code.code"/>
         </target>
      </link>
      <link>
         <source>
            <linkpointer kind="scs" xmlPath="DRUGADMIN.loc_street_line_1"/>
         </source>
         <target>
            <linkpointer kind="h3s" xmlPath="SubstanceAdministrationEvent.location.serviceDeliveryLocation.addr00.streetAddressLine.inlineText"/>
         </target>
      </link>
      <link>
         <source>
            <linkpointer kind="scs" xmlPath="DRUGADMIN.loc_city"/>
         </source>
         <target>
            <linkpointer kind="h3s" xmlPath="SubstanceAdministrationEvent.location.serviceDeliveryLocation.addr00.city.inlineText"/>
         </target>
      </link>
      <link>
         <source>
            <linkpointer kind="scs" xmlPath="DRUGADMIN.loc_state"/>
         </source>
         <target>
            <linkpointer kind="h3s" xmlPath="SubstanceAdministrationEvent.location.serviceDeliveryLocation.addr00.state.inlineText"/>
         </target>
      </link>
      <link>
         <source>
            <linkpointer kind="scs" xmlPath="DRUGADMIN.loc_zip"/>
         </source>
         <target>
            <linkpointer kind="h3s" xmlPath="SubstanceAdministrationEvent.location.serviceDeliveryLocation.addr00.postalCode.inlineText"/>
         </target>
      </link>
      <link>
         <source>
            <linkpointer kind="scs" xmlPath="DRUGADMIN.loc_street_line_2"/>
         </source>
         <target>
            <linkpointer kind="h3s" xmlPath="SubstanceAdministrationEvent.location.serviceDeliveryLocation.addr00.streetName.inlineText"/>
         </target>
      </link>
      <link>
         <source>
            <linkpointer kind="function" xmlPath="function.0.outputs.0"/>
         </source>
         <target>
            <linkpointer kind="function" xmlPath="function.1.inputs.0"/>
         </target>
      </link>
      <link>
         <source>
            <linkpointer kind="scs" xmlPath="DRUGADMIN.loc_phone"/>
         </source>
         <target>
            <linkpointer kind="function" xmlPath="function.1.inputs.1"/>
         </target>
      </link>
      <link>
         <source>
            <linkpointer kind="function" xmlPath="function.1.outputs.0"/>
         </source>
         <target>
            <linkpointer kind="h3s" xmlPath="SubstanceAdministrationEvent.location.serviceDeliveryLocation.telecom00.value"/>
         </target>
      </link>
      <link>
         <source>
            <linkpointer kind="scs" xmlPath="DRUGADMIN.loc_status"/>
         </source>
         <target>
            <linkpointer kind="h3s" xmlPath="SubstanceAdministrationEvent.location.serviceDeliveryLocation.statusCode.code"/>
         </target>
      </link>
      <link>
         <source>
            <linkpointer kind="scs" xmlPath="DRUGADMIN.loc_start_date_time"/>
         </source>
         <target>
            <linkpointer kind="h3s" xmlPath="SubstanceAdministrationEvent.location.serviceDeliveryLocation.effectiveTime.value"/>
         </target>
      </link>
      <link>
         <source>
            <linkpointer kind="scs" xmlPath="DRUGADMIN.loc_place_id"/>
         </source>
         <target>
            <linkpointer kind="h3s" xmlPath="SubstanceAdministrationEvent.location.serviceDeliveryLocation.location.id00.extension"/>
         </target>
      </link>
      <link>
         <source>
            <linkpointer kind="scs" xmlPath="DRUGADMIN.loc_place_name"/>
         </source>
         <target>
            <linkpointer kind="h3s" xmlPath="SubstanceAdministrationEvent.location.serviceDeliveryLocation.location.name00.inlineText"/>
         </target>
      </link>
      <link>
         <source>
            <linkpointer kind="scs" xmlPath="DRUGADMIN.loc_place_description"/>
         </source>
         <target>
            <linkpointer kind="h3s" xmlPath="SubstanceAdministrationEvent.location.serviceDeliveryLocation.location.desc.inlineText"/>
         </target>
      </link>
      <link>
         <source>
            <linkpointer kind="scs" xmlPath="DRUGADMIN.loc_prvdr_org_id"/>
         </source>
         <target>
            <linkpointer kind="h3s" xmlPath="SubstanceAdministrationEvent.location.serviceDeliveryLocation.serviceProviderOrganization.id00.extension"/>
         </target>
      </link>
      <link>
         <source>
            <linkpointer kind="scs" xmlPath="DRUGADMIN.loc_prvdr_org_code"/>
         </source>
         <target>
            <linkpointer kind="h3s" xmlPath="SubstanceAdministrationEvent.location.serviceDeliveryLocation.serviceProviderOrganization.code.code"/>
         </target>
      </link>
      <link>
         <source>
            <linkpointer kind="scs" xmlPath="DRUGADMIN.loc_prvdr_org_name"/>
         </source>
         <target>
            <linkpointer kind="h3s" xmlPath="SubstanceAdministrationEvent.location.serviceDeliveryLocation.serviceProviderOrganization.name00.inlineText"/>
         </target>
      </link>
      <link>
         <source>
            <linkpointer kind="function" xmlPath="function.3.outputs.0"/>
         </source>
         <target>
            <linkpointer kind="function" xmlPath="function.2.inputs.0"/>
         </target>
      </link>
      <link>
         <source>
            <linkpointer kind="scs" xmlPath="DRUGADMIN.loc_prvdr_org_phone"/>
         </source>
         <target>
            <linkpointer kind="function" xmlPath="function.2.inputs.1"/>
         </target>
      </link>
      <link>
         <source>
            <linkpointer kind="function" xmlPath="function.2.outputs.0"/>
         </source>
         <target>
            <linkpointer kind="h3s" xmlPath="SubstanceAdministrationEvent.location.serviceDeliveryLocation.serviceProviderOrganization.telecom00.value"/>
         </target>
      </link>
      <link>
         <source>
            <linkpointer kind="scs" xmlPath="DRUGADMIN.DRUG.code"/>
         </source>
         <target>
            <linkpointer kind="h3s" xmlPath="SubstanceAdministrationEvent.consumable.administeredDrug.partMedication.code.code"/>
         </target>
      </link>
      <link>
         <source>
            <linkpointer kind="scs" xmlPath="DRUGADMIN.DRUG.name"/>
         </source>
         <target>
            <linkpointer kind="h3s" xmlPath="SubstanceAdministrationEvent.consumable.administeredDrug.partMedication.name.inlineText"/>
         </target>
      </link>
      <link>
         <source>
            <linkpointer kind="scs" xmlPath="DRUGADMIN.DRUG.description"/>
         </source>
         <target>
            <linkpointer kind="h3s" xmlPath="SubstanceAdministrationEvent.consumable.administeredDrug.partMedication.desc.inlineText"/>
         </target>
      </link>
      <link>
         <source>
            <linkpointer kind="scs" xmlPath="DRUGADMIN.DRUG.form"/>
         </source>
         <target>
            <linkpointer kind="h3s" xmlPath="SubstanceAdministrationEvent.consumable.administeredDrug.partMedication.formCode.code"/>
         </target>
      </link>
      <link>
         <source>
            <linkpointer kind="scs" xmlPath="DRUGADMIN.DRUG.lot_number"/>
         </source>
         <target>
            <linkpointer kind="h3s" xmlPath="SubstanceAdministrationEvent.consumable.administeredDrug.partMedication.lotNumberText.inlineText"/>
         </target>
      </link>
      <link>
         <source>
            <linkpointer kind="scs" xmlPath="DRUGADMIN.DRUG.expiration_date"/>
         </source>
         <target>
            <linkpointer kind="h3s" xmlPath="SubstanceAdministrationEvent.consumable.administeredDrug.partMedication.expirationTime.value"/>
         </target>
      </link>
      <link>
         <source>
            <linkpointer kind="scs" xmlPath="DRUGADMIN.DRUG.APPROVAL.nda_number"/>
         </source>
         <target>
            <linkpointer kind="h3s" xmlPath="SubstanceAdministrationEvent.consumable.administeredDrug.subjectOf00.approval.id.extension"/>
         </target>
      </link>
      <link>
         <source>
            <linkpointer kind="scs" xmlPath="DRUGADMIN.DRUG.APPROVAL.start_date"/>
         </source>
         <target>
            <linkpointer kind="h3s" xmlPath="SubstanceAdministrationEvent.consumable.administeredDrug.subjectOf00.approval.effectiveTime.value"/>
         </target>
      </link>
      <link>
         <source>
            <linkpointer kind="scs" xmlPath="DRUGADMIN.DRUG.APPROVAL.manufacturer_id"/>
         </source>
         <target>
            <linkpointer kind="h3s" xmlPath="SubstanceAdministrationEvent.consumable.administeredDrug.subjectOf00.approval.holder.aRole.playingManufacturer.id.extension"/>
         </target>
      </link>
      <link>
         <source>
            <linkpointer kind="scs" xmlPath="DRUGADMIN.DRUG.APPROVAL.manufacturer_code"/>
         </source>
         <target>
            <linkpointer kind="h3s" xmlPath="SubstanceAdministrationEvent.consumable.administeredDrug.subjectOf00.approval.holder.aRole.playingManufacturer.code.code"/>
         </target>
      </link>
      <link>
         <source>
            <linkpointer kind="scs" xmlPath="DRUGADMIN.DRUG.APPROVAL.manufacturer_name"/>
         </source>
         <target>
            <linkpointer kind="h3s" xmlPath="SubstanceAdministrationEvent.consumable.administeredDrug.subjectOf00.approval.holder.aRole.playingManufacturer.name.inlineText"/>
         </target>
      </link>
      <link>
         <source>
            <linkpointer kind="function" xmlPath="function.7.outputs.0"/>
         </source>
         <target>
            <linkpointer kind="function" xmlPath="function.5.inputs.0"/>
         </target>
      </link>
      <link>
         <source>
            <linkpointer kind="scs" xmlPath="DRUGADMIN.DRUG.APPROVAL.manufacturer_phone"/>
         </source>
         <target>
            <linkpointer kind="function" xmlPath="function.5.inputs.1"/>
         </target>
      </link>
      <link>
         <source>
            <linkpointer kind="function" xmlPath="function.5.outputs.0"/>
         </source>
         <target>
            <linkpointer kind="h3s" xmlPath="SubstanceAdministrationEvent.consumable.administeredDrug.subjectOf00.approval.holder.aRole.playingManufacturer.telecom.value"/>
         </target>
      </link>
      <link>
         <source>
            <linkpointer kind="scs" xmlPath="DRUGADMIN.DRUG.APPROVAL.manufacturer_street_line_1"/>
         </source>
         <target>
            <linkpointer kind="h3s" xmlPath="SubstanceAdministrationEvent.consumable.administeredDrug.subjectOf00.approval.holder.aRole.playingManufacturer.addr.streetAddressLine.inlineText"/>
         </target>
      </link>
      <link>
         <source>
            <linkpointer kind="scs" xmlPath="DRUGADMIN.DRUG.APPROVAL.manufacturer_street_line_2"/>
         </source>
         <target>
            <linkpointer kind="h3s" xmlPath="SubstanceAdministrationEvent.consumable.administeredDrug.subjectOf00.approval.holder.aRole.playingManufacturer.addr.streetName.inlineText"/>
         </target>
      </link>
      <link>
         <source>
            <linkpointer kind="scs" xmlPath="DRUGADMIN.DRUG.APPROVAL.manufacturer_city"/>
         </source>
         <target>
            <linkpointer kind="h3s" xmlPath="SubstanceAdministrationEvent.consumable.administeredDrug.subjectOf00.approval.holder.aRole.playingManufacturer.addr.city.inlineText"/>
         </target>
      </link>
      <link>
         <source>
            <linkpointer kind="scs" xmlPath="DRUGADMIN.DRUG.APPROVAL.manufacturer_state"/>
         </source>
         <target>
            <linkpointer kind="h3s" xmlPath="SubstanceAdministrationEvent.consumable.administeredDrug.subjectOf00.approval.holder.aRole.playingManufacturer.addr.state.inlineText"/>
         </target>
      </link>
      <link>
         <source>
            <linkpointer kind="scs" xmlPath="DRUGADMIN.DRUG.APPROVAL.manufacturer_zip"/>
         </source>
         <target>
            <linkpointer kind="h3s" xmlPath="SubstanceAdministrationEvent.consumable.administeredDrug.subjectOf00.approval.holder.aRole.playingManufacturer.addr.postalCode.inlineText"/>
         </target>
      </link>
      <link>
         <source>
            <linkpointer kind="function" xmlPath="function.8.outputs.0"/>
         </source>
         <target>
            <linkpointer kind="function" xmlPath="function.6.inputs.0"/>
         </target>
      </link>
      <link>
         <source>
            <linkpointer kind="scs" xmlPath="DRUGADMIN.DRUG.APPROVAL.manufacturer_contact_phone"/>
         </source>
         <target>
            <linkpointer kind="function" xmlPath="function.6.inputs.1"/>
         </target>
      </link>
      <link>
         <source>
            <linkpointer kind="function" xmlPath="function.6.outputs.0"/>
         </source>
         <target>
            <linkpointer kind="h3s" xmlPath="SubstanceAdministrationEvent.consumable.administeredDrug.subjectOf00.approval.holder.aRole.playingManufacturer.contactParty.contactManufacturerContact.telecom.value"/>
         </target>
      </link>
      <link>
         <source>
            <linkpointer kind="scs" xmlPath="DRUGADMIN.DRUG.APPROVAL.APPAGENTFOR.represented_id"/>
         </source>
         <target>
            <linkpointer kind="h3s" xmlPath="SubstanceAdministrationEvent.consumable.administeredDrug.subjectOf00.approval.holder.aRole.playingManufacturer.asAgent00.representedManufacturer.id.extension"/>
         </target>
      </link>
      <link>
         <source>
            <linkpointer kind="scs" xmlPath="DRUGADMIN.DRUG.APPROVAL.APPAGENTFOR.represented_code"/>
         </source>
         <target>
            <linkpointer kind="h3s" xmlPath="SubstanceAdministrationEvent.consumable.administeredDrug.subjectOf00.approval.holder.aRole.playingManufacturer.asAgent00.representedManufacturer.code.code"/>
         </target>
      </link>
      <link>
         <source>
            <linkpointer kind="scs" xmlPath="DRUGADMIN.DRUG.APPROVAL.APPAGENTFOR.represented_name"/>
         </source>
         <target>
            <linkpointer kind="h3s" xmlPath="SubstanceAdministrationEvent.consumable.administeredDrug.subjectOf00.approval.holder.aRole.playingManufacturer.asAgent00.representedManufacturer.name.inlineText"/>
         </target>
      </link>
      <link>
         <source>
            <linkpointer kind="function" xmlPath="function.4.outputs.0"/>
         </source>
         <target>
            <linkpointer kind="function" xmlPath="function.9.inputs.0"/>
         </target>
      </link>
      <link>
         <source>
            <linkpointer kind="scs" xmlPath="DRUGADMIN.DRUG.APPROVAL.APPAGENTFOR.represented_phone"/>
         </source>
         <target>
            <linkpointer kind="function" xmlPath="function.9.inputs.1"/>
         </target>
      </link>
      <link>
         <source>
            <linkpointer kind="function" xmlPath="function.9.outputs.0"/>
         </source>
         <target>
            <linkpointer kind="h3s" xmlPath="SubstanceAdministrationEvent.consumable.administeredDrug.subjectOf00.approval.holder.aRole.playingManufacturer.asAgent00.representedManufacturer.telecom.value"/>
         </target>
      </link>
      <link>
         <source>
            <linkpointer kind="scs" xmlPath="DRUGADMIN.DRUG.APPROVAL.APPAGENTFOR.represented_street_line_1"/>
         </source>
         <target>
            <linkpointer kind="h3s" xmlPath="SubstanceAdministrationEvent.consumable.administeredDrug.subjectOf00.approval.holder.aRole.playingManufacturer.asAgent00.representedManufacturer.addr.streetAddressLine.inlineText"/>
         </target>
      </link>
      <link>
         <source>
            <linkpointer kind="scs" xmlPath="DRUGADMIN.DRUG.APPROVAL.APPAGENTFOR.represented_street_line_2"/>
         </source>
         <target>
            <linkpointer kind="h3s" xmlPath="SubstanceAdministrationEvent.consumable.administeredDrug.subjectOf00.approval.holder.aRole.playingManufacturer.asAgent00.representedManufacturer.addr.streetName.inlineText"/>
         </target>
      </link>
      <link>
         <source>
            <linkpointer kind="scs" xmlPath="DRUGADMIN.DRUG.APPROVAL.APPAGENTFOR.represented_city"/>
         </source>
         <target>
            <linkpointer kind="h3s" xmlPath="SubstanceAdministrationEvent.consumable.administeredDrug.subjectOf00.approval.holder.aRole.playingManufacturer.asAgent00.representedManufacturer.addr.city.inlineText"/>
         </target>
      </link>
      <link>
         <source>
            <linkpointer kind="scs" xmlPath="DRUGADMIN.DRUG.APPROVAL.APPAGENTFOR.represented_state"/>
         </source>
         <target>
            <linkpointer kind="h3s" xmlPath="SubstanceAdministrationEvent.consumable.administeredDrug.subjectOf00.approval.holder.aRole.playingManufacturer.asAgent00.representedManufacturer.addr.state.inlineText"/>
         </target>
      </link>
      <link>
         <source>
            <linkpointer kind="scs" xmlPath="DRUGADMIN.DRUG.APPROVAL.APPAGENTFOR.represented_zip"/>
         </source>
         <target>
            <linkpointer kind="h3s" xmlPath="SubstanceAdministrationEvent.consumable.administeredDrug.subjectOf00.approval.holder.aRole.playingManufacturer.asAgent00.representedManufacturer.addr.postalCode.inlineText"/>
         </target>
      </link>
      <link>
         <source>
            <linkpointer kind="scs" xmlPath="DRUGADMIN.DRUG.MANUFACTURER.id"/>
         </source>
         <target>
            <linkpointer kind="h3s" xmlPath="SubstanceAdministrationEvent.consumable.administeredDrug.partMedication.asManufacturedProduct00.manufacturer.id.extension"/>
         </target>
      </link>
      <link>
         <source>
            <linkpointer kind="scs" xmlPath="DRUGADMIN.DRUG.MANUFACTURER.code"/>
         </source>
         <target>
            <linkpointer kind="h3s" xmlPath="SubstanceAdministrationEvent.consumable.administeredDrug.partMedication.asManufacturedProduct00.manufacturer.code.code"/>
         </target>
      </link>
      <link>
         <source>
            <linkpointer kind="scs" xmlPath="DRUGADMIN.DRUG.MANUFACTURER.name"/>
         </source>
         <target>
            <linkpointer kind="h3s" xmlPath="SubstanceAdministrationEvent.consumable.administeredDrug.partMedication.asManufacturedProduct00.manufacturer.name.inlineText"/>
         </target>
      </link>
      <link>
         <source>
            <linkpointer kind="function" xmlPath="function.10.outputs.0"/>
         </source>
         <target>
            <linkpointer kind="function" xmlPath="function.11.inputs.0"/>
         </target>
      </link>
      <link>
         <source>
            <linkpointer kind="scs" xmlPath="DRUGADMIN.DRUG.MANUFACTURER.phone"/>
         </source>
         <target>
            <linkpointer kind="function" xmlPath="function.11.inputs.1"/>
         </target>
      </link>
      <link>
         <source>
            <linkpointer kind="function" xmlPath="function.11.outputs.0"/>
         </source>
         <target>
            <linkpointer kind="h3s" xmlPath="SubstanceAdministrationEvent.consumable.administeredDrug.partMedication.asManufacturedProduct00.manufacturer.telecom.value"/>
         </target>
      </link>
      <link>
         <source>
            <linkpointer kind="scs" xmlPath="DRUGADMIN.DRUG.MANUFACTURER.street_line_1"/>
         </source>
         <target>
            <linkpointer kind="h3s" xmlPath="SubstanceAdministrationEvent.consumable.administeredDrug.partMedication.asManufacturedProduct00.manufacturer.addr.streetAddressLine.inlineText"/>
         </target>
      </link>
      <link>
         <source>
            <linkpointer kind="scs" xmlPath="DRUGADMIN.DRUG.MANUFACTURER.street_line_2"/>
         </source>
         <target>
            <linkpointer kind="h3s" xmlPath="SubstanceAdministrationEvent.consumable.administeredDrug.partMedication.asManufacturedProduct00.manufacturer.addr.streetName.inlineText"/>
         </target>
      </link>
      <link>
         <source>
            <linkpointer kind="scs" xmlPath="DRUGADMIN.DRUG.MANUFACTURER.city"/>
         </source>
         <target>
            <linkpointer kind="h3s" xmlPath="SubstanceAdministrationEvent.consumable.administeredDrug.partMedication.asManufacturedProduct00.manufacturer.addr.city.inlineText"/>
         </target>
      </link>
      <link>
         <source>
            <linkpointer kind="scs" xmlPath="DRUGADMIN.DRUG.MANUFACTURER.state"/>
         </source>
         <target>
            <linkpointer kind="h3s" xmlPath="SubstanceAdministrationEvent.consumable.administeredDrug.partMedication.asManufacturedProduct00.manufacturer.addr.state.inlineText"/>
         </target>
      </link>
      <link>
         <source>
            <linkpointer kind="scs" xmlPath="DRUGADMIN.DRUG.MANUFACTURER.zip"/>
         </source>
         <target>
            <linkpointer kind="h3s" xmlPath="SubstanceAdministrationEvent.consumable.administeredDrug.partMedication.asManufacturedProduct00.manufacturer.addr.postalCode.inlineText"/>
         </target>
      </link>
      <link>
         <source>
            <linkpointer kind="scs" xmlPath="DRUGADMIN.DRUG.MANUFACTURER.contact_first_name"/>
         </source>
         <target>
            <linkpointer kind="h3s" xmlPath="SubstanceAdministrationEvent.consumable.administeredDrug.partMedication.asManufacturedProduct00.manufacturer.contactParty.contactManufacturerContact.name.given.inlineText"/>
         </target>
      </link>
      <link>
         <source>
            <linkpointer kind="scs" xmlPath="DRUGADMIN.DRUG.MANUFACTURER.contact_middle_initial"/>
         </source>
         <target>
            <linkpointer kind="h3s" xmlPath="SubstanceAdministrationEvent.consumable.administeredDrug.partMedication.asManufacturedProduct00.manufacturer.contactParty.contactManufacturerContact.name.inlineText"/>
         </target>
      </link>
      <link>
         <source>
            <linkpointer kind="scs" xmlPath="DRUGADMIN.DRUG.MANUFACTURER.contact_last_name"/>
         </source>
         <target>
            <linkpointer kind="h3s" xmlPath="SubstanceAdministrationEvent.consumable.administeredDrug.partMedication.asManufacturedProduct00.manufacturer.contactParty.contactManufacturerContact.name.family.inlineText"/>
         </target>
      </link>
      <link>
         <source>
            <linkpointer kind="scs" xmlPath="DRUGADMIN.DRUG.MANUFACTURER.contact_street_line_1"/>
         </source>
         <target>
            <linkpointer kind="h3s" xmlPath="SubstanceAdministrationEvent.consumable.administeredDrug.partMedication.asManufacturedProduct00.manufacturer.contactParty.contactManufacturerContact.addr.streetAddressLine.inlineText"/>
         </target>
      </link>
      <link>
         <source>
            <linkpointer kind="scs" xmlPath="DRUGADMIN.DRUG.MANUFACTURER.contact_street_line_2"/>
         </source>
         <target>
            <linkpointer kind="h3s" xmlPath="SubstanceAdministrationEvent.consumable.administeredDrug.partMedication.asManufacturedProduct00.manufacturer.contactParty.contactManufacturerContact.addr.streetName.inlineText"/>
         </target>
      </link>
      <link>
         <source>
            <linkpointer kind="scs" xmlPath="DRUGADMIN.DRUG.MANUFACTURER.contact_city"/>
         </source>
         <target>
            <linkpointer kind="h3s" xmlPath="SubstanceAdministrationEvent.consumable.administeredDrug.partMedication.asManufacturedProduct00.manufacturer.contactParty.contactManufacturerContact.addr.city.inlineText"/>
         </target>
      </link>
      <link>
         <source>
            <linkpointer kind="scs" xmlPath="DRUGADMIN.DRUG.MANUFACTURER.contact_state"/>
         </source>
         <target>
            <linkpointer kind="h3s" xmlPath="SubstanceAdministrationEvent.consumable.administeredDrug.partMedication.asManufacturedProduct00.manufacturer.contactParty.contactManufacturerContact.addr.state.inlineText"/>
         </target>
      </link>
      <link>
         <source>
            <linkpointer kind="scs" xmlPath="DRUGADMIN.DRUG.MANUFACTURER.contact_zip"/>
         </source>
         <target>
            <linkpointer kind="h3s" xmlPath="SubstanceAdministrationEvent.consumable.administeredDrug.partMedication.asManufacturedProduct00.manufacturer.contactParty.contactManufacturerContact.addr.postalCode.inlineText"/>
         </target>
      </link>
      <link>
         <source>
            <linkpointer kind="function" xmlPath="function.15.outputs.0"/>
         </source>
         <target>
            <linkpointer kind="function" xmlPath="function.13.inputs.0"/>
         </target>
      </link>
      <link>
         <source>
            <linkpointer kind="scs" xmlPath="DRUGADMIN.DRUG.MANUFACTURER.contact_phone"/>
         </source>
         <target>
            <linkpointer kind="function" xmlPath="function.13.inputs.1"/>
         </target>
      </link>
      <link>
         <source>
            <linkpointer kind="function" xmlPath="function.13.outputs.0"/>
         </source>
         <target>
            <linkpointer kind="h3s" xmlPath="SubstanceAdministrationEvent.consumable.administeredDrug.partMedication.asManufacturedProduct00.manufacturer.contactParty.contactManufacturerContact.telecom.value"/>
         </target>
      </link>
      <link>
         <source>
            <linkpointer kind="scs" xmlPath="DRUGADMIN.DRUG.MANUFACTURER.MANUAGENTFOR.represented_id"/>
         </source>
         <target>
            <linkpointer kind="h3s" xmlPath="SubstanceAdministrationEvent.consumable.administeredDrug.partMedication.asManufacturedProduct00.manufacturer.asAgent00.representedManufacturer.id.extension"/>
         </target>
      </link>
      <link>
         <source>
            <linkpointer kind="scs" xmlPath="DRUGADMIN.DRUG.MANUFACTURER.MANUAGENTFOR.represented_code"/>
         </source>
         <target>
            <linkpointer kind="h3s" xmlPath="SubstanceAdministrationEvent.consumable.administeredDrug.partMedication.asManufacturedProduct00.manufacturer.asAgent00.representedManufacturer.code.code"/>
         </target>
      </link>
      <link>
         <source>
            <linkpointer kind="scs" xmlPath="DRUGADMIN.DRUG.MANUFACTURER.MANUAGENTFOR.represented_name"/>
         </source>
         <target>
            <linkpointer kind="h3s" xmlPath="SubstanceAdministrationEvent.consumable.administeredDrug.partMedication.asManufacturedProduct00.manufacturer.asAgent00.representedManufacturer.name.inlineText"/>
         </target>
      </link>
      <link>
         <source>
            <linkpointer kind="function" xmlPath="function.12.outputs.0"/>
         </source>
         <target>
            <linkpointer kind="function" xmlPath="function.14.inputs.0"/>
         </target>
      </link>
      <link>
         <source>
            <linkpointer kind="scs" xmlPath="DRUGADMIN.DRUG.MANUFACTURER.MANUAGENTFOR.represented_phone"/>
         </source>
         <target>
            <linkpointer kind="function" xmlPath="function.14.inputs.1"/>
         </target>
      </link>
      <link>
         <source>
            <linkpointer kind="function" xmlPath="function.14.outputs.0"/>
         </source>
         <target>
            <linkpointer kind="h3s" xmlPath="SubstanceAdministrationEvent.consumable.administeredDrug.partMedication.asManufacturedProduct00.manufacturer.asAgent00.representedManufacturer.telecom.value"/>
         </target>
      </link>
      <link>
         <source>
            <linkpointer kind="scs" xmlPath="DRUGADMIN.DRUG.MANUFACTURER.MANUAGENTFOR.represented_street_line_1"/>
         </source>
         <target>
            <linkpointer kind="h3s" xmlPath="SubstanceAdministrationEvent.consumable.administeredDrug.partMedication.asManufacturedProduct00.manufacturer.asAgent00.representedManufacturer.addr.streetAddressLine.inlineText"/>
         </target>
      </link>
      <link>
         <source>
            <linkpointer kind="scs" xmlPath="DRUGADMIN.DRUG.MANUFACTURER.MANUAGENTFOR.represented_street_line_2"/>
         </source>
         <target>
            <linkpointer kind="h3s" xmlPath="SubstanceAdministrationEvent.consumable.administeredDrug.partMedication.asManufacturedProduct00.manufacturer.asAgent00.representedManufacturer.addr.streetName.inlineText"/>
         </target>
      </link>
      <link>
         <source>
            <linkpointer kind="scs" xmlPath="DRUGADMIN.DRUG.MANUFACTURER.MANUAGENTFOR.represented_city"/>
         </source>
         <target>
            <linkpointer kind="h3s" xmlPath="SubstanceAdministrationEvent.consumable.administeredDrug.partMedication.asManufacturedProduct00.manufacturer.asAgent00.representedManufacturer.addr.city.inlineText"/>
         </target>
      </link>
      <link>
         <source>
            <linkpointer kind="scs" xmlPath="DRUGADMIN.DRUG.MANUFACTURER.MANUAGENTFOR.represented_state"/>
         </source>
         <target>
            <linkpointer kind="h3s" xmlPath="SubstanceAdministrationEvent.consumable.administeredDrug.partMedication.asManufacturedProduct00.manufacturer.asAgent00.representedManufacturer.addr.state.inlineText"/>
         </target>
      </link>
      <link>
         <source>
            <linkpointer kind="scs" xmlPath="DRUGADMIN.DRUG.MANUFACTURER.MANUAGENTFOR.represented_zip"/>
         </source>
         <target>
            <linkpointer kind="h3s" xmlPath="SubstanceAdministrationEvent.consumable.administeredDrug.partMedication.asManufacturedProduct00.manufacturer.asAgent00.representedManufacturer.addr.postalCode.inlineText"/>
         </target>
      </link>
      <link>
         <source>
            <linkpointer kind="scs" xmlPath="DRUGADMIN.DRUG.GENERIC.code"/>
         </source>
         <target>
            <linkpointer kind="h3s" xmlPath="SubstanceAdministrationEvent.consumable.administeredDrug.partMedication.asEntityWithGeneric00.genericDrug.code.code"/>
         </target>
      </link>
      <link>
         <source>
            <linkpointer kind="scs" xmlPath="DRUGADMIN.DRUG.GENERIC.name"/>
         </source>
         <target>
            <linkpointer kind="h3s" xmlPath="SubstanceAdministrationEvent.consumable.administeredDrug.partMedication.asEntityWithGeneric00.genericDrug.name.inlineText"/>
         </target>
      </link>
      <link>
         <source>
            <linkpointer kind="scs" xmlPath="DRUGADMIN.DRUG.GENERIC.description"/>
         </source>
         <target>
            <linkpointer kind="h3s" xmlPath="SubstanceAdministrationEvent.consumable.administeredDrug.partMedication.asEntityWithGeneric00.genericDrug.desc.inlineText"/>
         </target>
      </link>
      <link>
         <source>
            <linkpointer kind="scs" xmlPath="DRUGADMIN.DRUG.INGREDIENT.negation_indicator"/>
         </source>
         <target>
            <linkpointer kind="h3s" xmlPath="SubstanceAdministrationEvent.consumable.administeredDrug.partMedication.ingredient00.negationInd"/>
         </target>
      </link>
      <link>
         <source>
            <linkpointer kind="scs" xmlPath="DRUGADMIN.DRUG.INGREDIENT.substance_code"/>
         </source>
         <target>
            <linkpointer kind="h3s" xmlPath="SubstanceAdministrationEvent.consumable.administeredDrug.partMedication.ingredient00.ingredient.code.code"/>
         </target>
      </link>
      <link>
         <source>
            <linkpointer kind="scs" xmlPath="DRUGADMIN.DRUG.INGREDIENT.substance_name"/>
         </source>
         <target>
            <linkpointer kind="h3s" xmlPath="SubstanceAdministrationEvent.consumable.administeredDrug.partMedication.ingredient00.ingredient.name.inlineText"/>
         </target>
      </link>
      <link>
         <source>
            <linkpointer kind="scs" xmlPath="DRUGADMIN.DRUG.INGREDIENT.substance_description"/>
         </source>
         <target>
            <linkpointer kind="h3s" xmlPath="SubstanceAdministrationEvent.consumable.administeredDrug.partMedication.ingredient00.ingredient.desc.inlineText"/>
         </target>
      </link>
      <link>
         <source>
            <linkpointer kind="scs" xmlPath="DRUGADMIN.DRUG.INGREDIENT.SUBINGREDIENT.negation_indicator"/>
         </source>
         <target>
            <linkpointer kind="h3s" xmlPath="SubstanceAdministrationEvent.consumable.administeredDrug.partMedication.ingredient00.ingredient.subIngredient00.negationInd"/>
         </target>
      </link>
      <link>
         <source>
            <linkpointer kind="scs" xmlPath="DRUGADMIN.DRUG.INGREDIENT.SUBINGREDIENT.substance_code"/>
         </source>
         <target>
            <linkpointer kind="h3s" xmlPath="SubstanceAdministrationEvent.consumable.administeredDrug.partMedication.ingredient00.ingredient.subIngredient00.ingredient.code.code"/>
         </target>
      </link>
      <link>
         <source>
            <linkpointer kind="scs" xmlPath="DRUGADMIN.DRUG.INGREDIENT.SUBINGREDIENT.substance_name"/>
         </source>
         <target>
            <linkpointer kind="h3s" xmlPath="SubstanceAdministrationEvent.consumable.administeredDrug.partMedication.ingredient00.ingredient.subIngredient00.ingredient.name.inlineText"/>
         </target>
      </link>
      <link>
         <source>
            <linkpointer kind="scs" xmlPath="DRUGADMIN.DRUG.INGREDIENT.SUBINGREDIENT.substance_description"/>
         </source>
         <target>
            <linkpointer kind="h3s" xmlPath="SubstanceAdministrationEvent.consumable.administeredDrug.partMedication.ingredient00.ingredient.subIngredient00.ingredient.desc.inlineText"/>
         </target>
      </link>
      <link>
         <source>
            <linkpointer kind="scs" xmlPath="DRUGADMIN.DRUG.RETAIL.retailer_id"/>
         </source>
         <target>
            <linkpointer kind="h3s" xmlPath="SubstanceAdministrationEvent.consumable.administeredDrug.partMedication.asRetailedProduct00.retailerOrganization.id.extension"/>
         </target>
      </link>
      <link>
         <source>
            <linkpointer kind="scs" xmlPath="DRUGADMIN.DRUG.RETAIL.retailer_code"/>
         </source>
         <target>
            <linkpointer kind="h3s" xmlPath="SubstanceAdministrationEvent.consumable.administeredDrug.partMedication.asRetailedProduct00.retailerOrganization.code.code"/>
         </target>
      </link>
      <link>
         <source>
            <linkpointer kind="scs" xmlPath="DRUGADMIN.PERTOBS.id"/>
         </source>
         <target>
            <linkpointer kind="h3s" xmlPath="SubstanceAdministrationEvent.pertinentInformation100.observation.id.extension"/>
         </target>
      </link>
      <link>
         <source>
            <linkpointer kind="scs" xmlPath="DRUGADMIN.PERTOBS.code"/>
         </source>
         <target>
            <linkpointer kind="h3s" xmlPath="SubstanceAdministrationEvent.pertinentInformation100.observation.code.code"/>
         </target>
      </link>
      <link>
         <source>
            <linkpointer kind="scs" xmlPath="DRUGADMIN.PERTOBS.negation_indicator"/>
         </source>
         <target>
            <linkpointer kind="h3s" xmlPath="SubstanceAdministrationEvent.pertinentInformation100.observation.negationInd"/>
         </target>
      </link>
      <link>
         <source>
            <linkpointer kind="scs" xmlPath="DRUGADMIN.PERTOBS.derivation_expression"/>
         </source>
         <target>
            <linkpointer kind="h3s" xmlPath="SubstanceAdministrationEvent.pertinentInformation100.observation.derivationExpr.inlineText"/>
         </target>
      </link>
      <link>
         <source>
            <linkpointer kind="scs" xmlPath="DRUGADMIN.PERTOBS.description"/>
         </source>
         <target>
            <linkpointer kind="h3s" xmlPath="SubstanceAdministrationEvent.pertinentInformation100.observation.text.inlineText"/>
         </target>
      </link>
      <link>
         <source>
            <linkpointer kind="scs" xmlPath="DRUGADMIN.PERTOBS.status"/>
         </source>
         <target>
            <linkpointer kind="h3s" xmlPath="SubstanceAdministrationEvent.pertinentInformation100.observation.statusCode.code"/>
         </target>
      </link>
      <link>
         <source>
            <linkpointer kind="scs" xmlPath="DRUGADMIN.PERTOBS.date_time"/>
         </source>
         <target>
            <linkpointer kind="h3s" xmlPath="SubstanceAdministrationEvent.pertinentInformation100.observation.effectiveTime.value"/>
         </target>
      </link>
      <link>
         <source>
            <linkpointer kind="scs" xmlPath="DRUGADMIN.PERTOBS.priority"/>
         </source>
         <target>
            <linkpointer kind="h3s" xmlPath="SubstanceAdministrationEvent.pertinentInformation100.observation.priorityCode.code"/>
         </target>
      </link>
      <link>
         <source>
            <linkpointer kind="scs" xmlPath="DRUGADMIN.PERTOBS.confidentiality"/>
         </source>
         <target>
            <linkpointer kind="h3s" xmlPath="SubstanceAdministrationEvent.pertinentInformation100.observation.confidentialityCode00.code"/>
         </target>
      </link>
      <link>
         <source>
            <linkpointer kind="scs" xmlPath="DRUGADMIN.PERTOBS.repeat_number"/>
         </source>
         <target>
            <linkpointer kind="h3s" xmlPath="SubstanceAdministrationEvent.pertinentInformation100.observation.repeatNumber.value"/>
         </target>
      </link>
      <link>
         <source>
            <linkpointer kind="scs" xmlPath="DRUGADMIN.PERTOBS.uncertainty"/>
         </source>
         <target>
            <linkpointer kind="h3s" xmlPath="SubstanceAdministrationEvent.pertinentInformation100.observation.uncertaintyCode.code"/>
         </target>
      </link>
      <link>
         <source>
            <linkpointer kind="scs" xmlPath="DRUGADMIN.PERTOBS.language"/>
         </source>
         <target>
            <linkpointer kind="h3s" xmlPath="SubstanceAdministrationEvent.pertinentInformation100.observation.languageCode.code"/>
         </target>
      </link>
      <link>
         <source>
            <linkpointer kind="scs" xmlPath="DRUGADMIN.PERTOBS.interpretation"/>
         </source>
         <target>
            <linkpointer kind="h3s" xmlPath="SubstanceAdministrationEvent.pertinentInformation100.observation.interpretationCode00.code"/>
         </target>
      </link>
      <link>
         <source>
            <linkpointer kind="scs" xmlPath="DRUGADMIN.PERTOBS.method"/>
         </source>
         <target>
            <linkpointer kind="h3s" xmlPath="SubstanceAdministrationEvent.pertinentInformation100.observation.methodCode.code"/>
         </target>
      </link>
      <link>
         <source>
            <linkpointer kind="scs" xmlPath="DRUGADMIN.PERTOBS.target_site"/>
         </source>
         <target>
            <linkpointer kind="h3s" xmlPath="SubstanceAdministrationEvent.pertinentInformation100.observation.targetSiteCode.code"/>
         </target>
      </link>
      <link>
         <source>
            <linkpointer kind="scs" xmlPath="DRUGADMIN.PERTOBS.author_id"/>
         </source>
         <target>
            <linkpointer kind="h3s" xmlPath="SubstanceAdministrationEvent.pertinentInformation100.observation.author00.assignedEntity.id00.extension"/>
         </target>
      </link>
      <link>
         <source>
            <linkpointer kind="scs" xmlPath="DRUGADMIN.PERTOBS.author_code"/>
         </source>
         <target>
            <linkpointer kind="h3s" xmlPath="SubstanceAdministrationEvent.pertinentInformation100.observation.author00.assignedEntity.code.code"/>
         </target>
      </link>
      <link>
         <source>
            <linkpointer kind="scs" xmlPath="DRUGADMIN.PERTOBS.author_note"/>
         </source>
         <target>
            <linkpointer kind="h3s" xmlPath="SubstanceAdministrationEvent.pertinentInformation100.observation.author00.noteText.inlineText"/>
         </target>
      </link>
      <link>
         <source>
            <linkpointer kind="scs" xmlPath="DRUGADMIN.PERTOBS.author_date_time"/>
         </source>
         <target>
            <linkpointer kind="h3s" xmlPath="SubstanceAdministrationEvent.pertinentInformation100.observation.author00.time.value"/>
         </target>
      </link>
      <link>
         <source>
            <linkpointer kind="scs" xmlPath="DRUGADMIN.PERTOBS.author_mode"/>
         </source>
         <target>
            <linkpointer kind="h3s" xmlPath="SubstanceAdministrationEvent.pertinentInformation100.observation.author00.modeCode.code"/>
         </target>
      </link>
      <link>
         <source>
            <linkpointer kind="scs" xmlPath="DRUGADMIN.PERTOBS.author_signature_code"/>
         </source>
         <target>
            <linkpointer kind="h3s" xmlPath="SubstanceAdministrationEvent.pertinentInformation100.observation.author00.signatureCode.code"/>
         </target>
      </link>
      <link>
         <source>
            <linkpointer kind="scs" xmlPath="DRUGADMIN.PERTOBS.author_signature_text"/>
         </source>
         <target>
            <linkpointer kind="h3s" xmlPath="SubstanceAdministrationEvent.pertinentInformation100.observation.author00.signatureText.inlineText"/>
         </target>
      </link>
      <link>
         <source>
            <linkpointer kind="scs" xmlPath="DRUGADMIN.PERTOBS.pause_quantity"/>
         </source>
         <target>
            <linkpointer kind="h3s" xmlPath="SubstanceAdministrationEvent.pertinentInformation100.pauseQuantity.value"/>
         </target>
      </link>
      <link>
         <source>
            <linkpointer kind="scs" xmlPath="DRUGADMIN.PERTOBS.pause_quantity_uom"/>
         </source>
         <target>
            <linkpointer kind="h3s" xmlPath="SubstanceAdministrationEvent.pertinentInformation100.pauseQuantity.unit"/>
         </target>
      </link>
      <link>
         <source>
            <linkpointer kind="scs" xmlPath="DRUGADMIN.PERTOBS.SOURCEOFPROC.id"/>
         </source>
         <target>
            <linkpointer kind="h3s" xmlPath="SubstanceAdministrationEvent.pertinentInformation100.observation.sourceOf00.procedure.id.extension"/>
         </target>
      </link>
      <link>
         <source>
            <linkpointer kind="scs" xmlPath="DRUGADMIN.PERTOBS.SOURCEOFPROC.code"/>
         </source>
         <target>
            <linkpointer kind="h3s" xmlPath="SubstanceAdministrationEvent.pertinentInformation100.observation.sourceOf00.procedure.code.code"/>
         </target>
      </link>
      <link>
         <source>
            <linkpointer kind="scs" xmlPath="DRUGADMIN.PERTOBS.SOURCEOFPROC.negation_indicator"/>
         </source>
         <target>
            <linkpointer kind="h3s" xmlPath="SubstanceAdministrationEvent.pertinentInformation100.observation.sourceOf00.procedure.negationInd"/>
         </target>
      </link>
      <link>
         <source>
            <linkpointer kind="scs" xmlPath="DRUGADMIN.PERTOBS.SOURCEOFPROC.description"/>
         </source>
         <target>
            <linkpointer kind="h3s" xmlPath="SubstanceAdministrationEvent.pertinentInformation100.observation.sourceOf00.procedure.text.inlineText"/>
         </target>
      </link>
      <link>
         <source>
            <linkpointer kind="scs" xmlPath="DRUGADMIN.PERTOBS.SOURCEOFPROC.status"/>
         </source>
         <target>
            <linkpointer kind="h3s" xmlPath="SubstanceAdministrationEvent.pertinentInformation100.observation.sourceOf00.procedure.statusCode.code"/>
         </target>
      </link>
      <link>
         <source>
            <linkpointer kind="scs" xmlPath="DRUGADMIN.PERTOBS.SOURCEOFPROC.start_date_time"/>
         </source>
         <target>
            <linkpointer kind="h3s" xmlPath="SubstanceAdministrationEvent.pertinentInformation100.observation.sourceOf00.procedure.effectiveTime.value"/>
         </target>
      </link>
      <link>
         <source>
            <linkpointer kind="scs" xmlPath="DRUGADMIN.PERTOBS.SOURCEOFPROC.priority"/>
         </source>
         <target>
            <linkpointer kind="h3s" xmlPath="SubstanceAdministrationEvent.pertinentInformation100.observation.sourceOf00.procedure.priorityCode.code"/>
         </target>
      </link>
      <link>
         <source>
            <linkpointer kind="scs" xmlPath="DRUGADMIN.PERTOBS.SOURCEOFPROC.language"/>
         </source>
         <target>
            <linkpointer kind="h3s" xmlPath="SubstanceAdministrationEvent.pertinentInformation100.observation.sourceOf00.procedure.languageCode.code"/>
         </target>
      </link>
      <link>
         <source>
            <linkpointer kind="scs" xmlPath="DRUGADMIN.PERTOBS.SOURCEOFPROC.method"/>
         </source>
         <target>
            <linkpointer kind="h3s" xmlPath="SubstanceAdministrationEvent.pertinentInformation100.observation.sourceOf00.procedure.methodCode.code"/>
         </target>
      </link>
      <link>
         <source>
            <linkpointer kind="scs" xmlPath="DRUGADMIN.PERTOBS.SOURCEOFPROC.approach_site"/>
         </source>
         <target>
            <linkpointer kind="h3s" xmlPath="SubstanceAdministrationEvent.pertinentInformation100.observation.sourceOf00.procedure.approachSiteCode.code"/>
         </target>
      </link>
      <link>
         <source>
            <linkpointer kind="scs" xmlPath="DRUGADMIN.PERTOBS.SOURCEOFPROC.target_site"/>
         </source>
         <target>
            <linkpointer kind="h3s" xmlPath="SubstanceAdministrationEvent.pertinentInformation100.observation.sourceOf00.procedure.targetSiteCode.code"/>
         </target>
      </link>
      <link>
         <source>
            <linkpointer kind="scs" xmlPath="DRUGADMIN.PERTOBS.SOURCEOFPROC.device_code"/>
         </source>
         <target>
            <linkpointer kind="h3s" xmlPath="SubstanceAdministrationEvent.pertinentInformation100.observation.sourceOf00.procedure.directTarget00.manufacturedProduct.manufacturedDevice.code.code"/>
         </target>
      </link>
      <link>
         <source>
            <linkpointer kind="scs" xmlPath="DRUGADMIN.PERTOBS.SOURCEOFPROC.devide_description"/>
         </source>
         <target>
            <linkpointer kind="h3s" xmlPath="SubstanceAdministrationEvent.pertinentInformation100.observation.sourceOf00.procedure.directTarget00.manufacturedProduct.manufacturedDevice.desc.inlineText"/>
         </target>
      </link>
      <link>
         <source>
            <linkpointer kind="scs" xmlPath="DRUGADMIN.PERTOBS.SOURCEOFPROC.device_form"/>
         </source>
         <target>
            <linkpointer kind="h3s" xmlPath="SubstanceAdministrationEvent.pertinentInformation100.observation.sourceOf00.procedure.directTarget00.manufacturedProduct.manufacturedDevice.formCode.code"/>
         </target>
      </link>
      <link>
         <source>
            <linkpointer kind="scs" xmlPath="DRUGADMIN.PERTOBS.SOURCEOFPROC.devide_lot_number"/>
         </source>
         <target>
            <linkpointer kind="h3s" xmlPath="SubstanceAdministrationEvent.pertinentInformation100.observation.sourceOf00.procedure.directTarget00.manufacturedProduct.manufacturedDevice.lotNumberText.inlineText"/>
         </target>
      </link>
      <link>
         <source>
            <linkpointer kind="scs" xmlPath="DRUGADMIN.PERTOBS.SOURCEOFPROC.author_id"/>
         </source>
         <target>
            <linkpointer kind="h3s" xmlPath="SubstanceAdministrationEvent.pertinentInformation100.observation.sourceOf00.procedure.author00.associatedPerson.id.extension"/>
         </target>
      </link>
      <link>
         <source>
            <linkpointer kind="scs" xmlPath="DRUGADMIN.PERTOBS.SOURCEOFPROC.author_note"/>
         </source>
         <target>
            <linkpointer kind="h3s" xmlPath="SubstanceAdministrationEvent.pertinentInformation100.observation.sourceOf00.procedure.author00.noteText.inlineText"/>
         </target>
      </link>
      <link>
         <source>
            <linkpointer kind="scs" xmlPath="DRUGADMIN.PERTOBS.SOURCEOFPROC.author_date_time"/>
         </source>
         <target>
            <linkpointer kind="h3s" xmlPath="SubstanceAdministrationEvent.pertinentInformation100.observation.sourceOf00.procedure.author00.time.value"/>
         </target>
      </link>
      <link>
         <source>
            <linkpointer kind="scs" xmlPath="DRUGADMIN.PERTOBS.SOURCEOFPROC.author_mode"/>
         </source>
         <target>
            <linkpointer kind="h3s" xmlPath="SubstanceAdministrationEvent.pertinentInformation100.observation.sourceOf00.procedure.author00.modeCode.code"/>
         </target>
      </link>
      <link>
         <source>
            <linkpointer kind="scs" xmlPath="DRUGADMIN.PERTOBS.SOURCEOFPROC.author_signature_code"/>
         </source>
         <target>
            <linkpointer kind="h3s" xmlPath="SubstanceAdministrationEvent.pertinentInformation100.observation.sourceOf00.procedure.author00.signatureCode.code"/>
         </target>
      </link>
      <link>
         <source>
            <linkpointer kind="scs" xmlPath="DRUGADMIN.PERTOBS.SOURCEOFPROC.author_signature_text"/>
         </source>
         <target>
            <linkpointer kind="h3s" xmlPath="SubstanceAdministrationEvent.pertinentInformation100.observation.sourceOf00.procedure.author00.signatureText.inlineText"/>
         </target>
      </link>
      <link>
         <source>
            <linkpointer kind="scs" xmlPath="DRUGADMIN.PERTVISIT.id"/>
         </source>
         <target>
            <linkpointer kind="h3s" xmlPath="SubstanceAdministrationEvent.pertinentInformation101.encounter.id.extension"/>
         </target>
      </link>
      <link>
         <source>
            <linkpointer kind="scs" xmlPath="DRUGADMIN.PERTVISIT.code"/>
         </source>
         <target>
            <linkpointer kind="h3s" xmlPath="SubstanceAdministrationEvent.pertinentInformation101.encounter.code.code"/>
         </target>
      </link>
      <link>
         <source>
            <linkpointer kind="scs" xmlPath="DRUGADMIN.PERTVISIT.description"/>
         </source>
         <target>
            <linkpointer kind="h3s" xmlPath="SubstanceAdministrationEvent.pertinentInformation101.encounter.text.inlineText"/>
         </target>
      </link>
      <link>
         <source>
            <linkpointer kind="scs" xmlPath="DRUGADMIN.PERTVISIT.status"/>
         </source>
         <target>
            <linkpointer kind="h3s" xmlPath="SubstanceAdministrationEvent.pertinentInformation101.encounter.statusCode.code"/>
         </target>
      </link>
      <link>
         <source>
            <linkpointer kind="scs" xmlPath="DRUGADMIN.PERTVISIT.start_date_time"/>
         </source>
         <target>
            <linkpointer kind="h3s" xmlPath="SubstanceAdministrationEvent.pertinentInformation101.encounter.effectiveTime.value"/>
         </target>
      </link>
      <link>
         <source>
            <linkpointer kind="scs" xmlPath="DRUGADMIN.PERTVISIT.priority"/>
         </source>
         <target>
            <linkpointer kind="h3s" xmlPath="SubstanceAdministrationEvent.pertinentInformation101.encounter.priorityCode.code"/>
         </target>
      </link>
      <link>
         <source>
            <linkpointer kind="scs" xmlPath="DRUGADMIN.PERTVISIT.author_id"/>
         </source>
         <target>
            <linkpointer kind="h3s" xmlPath="SubstanceAdministrationEvent.pertinentInformation101.encounter.author00.assignedEntity.id00.extension"/>
         </target>
      </link>
      <link>
         <source>
            <linkpointer kind="scs" xmlPath="DRUGADMIN.PERTVISIT.author_code"/>
         </source>
         <target>
            <linkpointer kind="h3s" xmlPath="SubstanceAdministrationEvent.pertinentInformation101.encounter.author00.assignedEntity.code.code"/>
         </target>
      </link>
      <link>
         <source>
            <linkpointer kind="scs" xmlPath="DRUGADMIN.PERTVISIT.author_note"/>
         </source>
         <target>
            <linkpointer kind="h3s" xmlPath="SubstanceAdministrationEvent.pertinentInformation101.encounter.author00.noteText.inlineText"/>
         </target>
      </link>
      <link>
         <source>
            <linkpointer kind="scs" xmlPath="DRUGADMIN.PERTVISIT.author_date_time"/>
         </source>
         <target>
            <linkpointer kind="h3s" xmlPath="SubstanceAdministrationEvent.pertinentInformation101.encounter.author00.time.value"/>
         </target>
      </link>
      <link>
         <source>
            <linkpointer kind="scs" xmlPath="DRUGADMIN.PERTVISIT.author_mode"/>
         </source>
         <target>
            <linkpointer kind="h3s" xmlPath="SubstanceAdministrationEvent.pertinentInformation101.encounter.author00.modeCode.code"/>
         </target>
      </link>
      <link>
         <source>
            <linkpointer kind="scs" xmlPath="DRUGADMIN.PERTVISIT.author_signature_code"/>
         </source>
         <target>
            <linkpointer kind="h3s" xmlPath="SubstanceAdministrationEvent.pertinentInformation101.encounter.author00.signatureCode.code"/>
         </target>
      </link>
      <link>
         <source>
            <linkpointer kind="scs" xmlPath="DRUGADMIN.PERTVISIT.author_signature_text"/>
         </source>
         <target>
            <linkpointer kind="h3s" xmlPath="SubstanceAdministrationEvent.pertinentInformation101.encounter.author00.signatureText.inlineText"/>
         </target>
      </link>
      <link>
         <source>
            <linkpointer kind="scs" xmlPath="DRUGADMIN.PERTVISIT.pause_quantity"/>
         </source>
         <target>
            <linkpointer kind="h3s" xmlPath="SubstanceAdministrationEvent.pertinentInformation101.pauseQuantity.value"/>
         </target>
      </link>
      <link>
         <source>
            <linkpointer kind="scs" xmlPath="DRUGADMIN.PERTVISIT.pause_quantity_uom"/>
         </source>
         <target>
            <linkpointer kind="h3s" xmlPath="SubstanceAdministrationEvent.pertinentInformation101.pauseQuantity.unit"/>
         </target>
      </link>
      <link>
         <source>
            <linkpointer kind="scs" xmlPath="DRUGADMIN.PERFORMER.id"/>
         </source>
         <target>
            <linkpointer kind="h3s" xmlPath="SubstanceAdministrationEvent.authorOrPerformer00.assignedEntity00.id00.extension"/>
         </target>
      </link>
      <link>
         <source>
            <linkpointer kind="scs" xmlPath="DRUGADMIN.PERFORMER.first_name"/>
         </source>
         <target>
            <linkpointer kind="h3s" xmlPath="SubstanceAdministrationEvent.authorOrPerformer00.assignedEntity00.assignedPerson.name00.given.inlineText"/>
         </target>
      </link>
      <link>
         <source>
            <linkpointer kind="scs" xmlPath="DRUGADMIN.PERFORMER.middle_initial"/>
         </source>
         <target>
            <linkpointer kind="h3s" xmlPath="SubstanceAdministrationEvent.authorOrPerformer00.assignedEntity00.assignedPerson.name00.suffix.inlineText"/>
         </target>
      </link>
      <link>
         <source>
            <linkpointer kind="scs" xmlPath="DRUGADMIN.PERFORMER.last_name"/>
         </source>
         <target>
            <linkpointer kind="h3s" xmlPath="SubstanceAdministrationEvent.authorOrPerformer00.assignedEntity00.assignedPerson.name00.family.inlineText"/>
         </target>
      </link>
      <link>
         <source>
            <linkpointer kind="scs" xmlPath="DRUGADMIN.PERFORMER.code"/>
         </source>
         <target>
            <linkpointer kind="h3s" xmlPath="SubstanceAdministrationEvent.authorOrPerformer00.assignedEntity00.code.code"/>
         </target>
      </link>
      <link>
         <source>
            <linkpointer kind="scs" xmlPath="DRUGADMIN.PERFORMER.street_line_1"/>
         </source>
         <target>
            <linkpointer kind="h3s" xmlPath="SubstanceAdministrationEvent.authorOrPerformer00.assignedEntity00.addr00.streetName.inlineText"/>
         </target>
      </link>
      <link>
         <source>
            <linkpointer kind="scs" xmlPath="DRUGADMIN.PERFORMER.city"/>
         </source>
         <target>
            <linkpointer kind="h3s" xmlPath="SubstanceAdministrationEvent.authorOrPerformer00.assignedEntity00.addr00.city.inlineText"/>
         </target>
      </link>
      <link>
         <source>
            <linkpointer kind="scs" xmlPath="DRUGADMIN.PERFORMER.state"/>
         </source>
         <target>
            <linkpointer kind="h3s" xmlPath="SubstanceAdministrationEvent.authorOrPerformer00.assignedEntity00.addr00.state.inlineText"/>
         </target>
      </link>
      <link>
         <source>
            <linkpointer kind="scs" xmlPath="DRUGADMIN.PERFORMER.street_line_2"/>
         </source>
         <target>
            <linkpointer kind="h3s" xmlPath="SubstanceAdministrationEvent.authorOrPerformer00.assignedEntity00.addr00.streetAddressLine.inlineText"/>
         </target>
      </link>
      <link>
         <source>
            <linkpointer kind="function" xmlPath="function.22.outputs.0"/>
         </source>
         <target>
            <linkpointer kind="function" xmlPath="function.17.inputs.0"/>
         </target>
      </link>
      <link>
         <source>
            <linkpointer kind="scs" xmlPath="DRUGADMIN.PERFORMER.primary_phone"/>
         </source>
         <target>
            <linkpointer kind="function" xmlPath="function.17.inputs.1"/>
         </target>
      </link>
      <link>
         <source>
            <linkpointer kind="function" xmlPath="function.17.outputs.0"/>
         </source>
         <target>
            <linkpointer kind="h3s" xmlPath="SubstanceAdministrationEvent.authorOrPerformer00.assignedEntity00.telecom00.value"/>
         </target>
      </link>
      <link>
         <source>
            <linkpointer kind="scs" xmlPath="DRUGADMIN.PERFORMER.start_date_time"/>
         </source>
         <target>
            <linkpointer kind="h3s" xmlPath="SubstanceAdministrationEvent.authorOrPerformer00.assignedEntity00.effectiveTime.value"/>
         </target>
      </link>
      <link>
         <source>
            <linkpointer kind="scs" xmlPath="DRUGADMIN.PERFORMER.certificate_text"/>
         </source>
         <target>
            <linkpointer kind="h3s" xmlPath="SubstanceAdministrationEvent.authorOrPerformer00.assignedEntity00.certificateText.inlineText"/>
         </target>
      </link>
      <link>
         <source>
            <linkpointer kind="scs" xmlPath="DRUGADMIN.PERFORMER.org_id"/>
         </source>
         <target>
            <linkpointer kind="h3s" xmlPath="SubstanceAdministrationEvent.authorOrPerformer00.assignedEntity00.representedOrganization.id00.extension"/>
         </target>
      </link>
      <link>
         <source>
            <linkpointer kind="scs" xmlPath="DRUGADMIN.PERFORMER.org_code"/>
         </source>
         <target>
            <linkpointer kind="h3s" xmlPath="SubstanceAdministrationEvent.authorOrPerformer00.assignedEntity00.representedOrganization.code.code"/>
         </target>
      </link>
      <link>
         <source>
            <linkpointer kind="scs" xmlPath="DRUGADMIN.PERFORMER.org_name"/>
         </source>
         <target>
            <linkpointer kind="h3s" xmlPath="SubstanceAdministrationEvent.authorOrPerformer00.assignedEntity00.representedOrganization.name00.inlineText"/>
         </target>
      </link>
      <link>
         <source>
            <linkpointer kind="function" xmlPath="function.19.outputs.0"/>
         </source>
         <target>
            <linkpointer kind="function" xmlPath="function.18.inputs.0"/>
         </target>
      </link>
      <link>
         <source>
            <linkpointer kind="scs" xmlPath="DRUGADMIN.PERFORMER.org_phone"/>
         </source>
         <target>
            <linkpointer kind="function" xmlPath="function.18.inputs.1"/>
         </target>
      </link>
      <link>
         <source>
            <linkpointer kind="function" xmlPath="function.18.outputs.0"/>
         </source>
         <target>
            <linkpointer kind="h3s" xmlPath="SubstanceAdministrationEvent.authorOrPerformer00.assignedEntity00.representedOrganization.telecom00.value"/>
         </target>
      </link>
      <link>
         <source>
            <linkpointer kind="scs" xmlPath="DRUGADMIN.PERFORMER.OTHERROLE.id"/>
         </source>
         <target>
            <linkpointer kind="h3s" xmlPath="SubstanceAdministrationEvent.authorOrPerformer00.assignedEntity00.assignedPerson.asRoleOther00.id00.extension"/>
         </target>
      </link>
      <link>
         <source>
            <linkpointer kind="scs" xmlPath="DRUGADMIN.PERFORMER.OTHERROLE.org_id"/>
         </source>
         <target>
            <linkpointer kind="h3s" xmlPath="SubstanceAdministrationEvent.authorOrPerformer00.assignedEntity00.assignedPerson.asRoleOther00.scopingOrganization.id00.extension"/>
         </target>
      </link>
      <link>
         <source>
            <linkpointer kind="scs" xmlPath="DRUGADMIN.PERFORMER.OTHERROLE.org_code"/>
         </source>
         <target>
            <linkpointer kind="h3s" xmlPath="SubstanceAdministrationEvent.authorOrPerformer00.assignedEntity00.assignedPerson.asRoleOther00.scopingOrganization.code.code"/>
         </target>
      </link>
      <link>
         <source>
            <linkpointer kind="scs" xmlPath="DRUGADMIN.PERFORMER.OTHERROLE.org_name"/>
         </source>
         <target>
            <linkpointer kind="h3s" xmlPath="SubstanceAdministrationEvent.authorOrPerformer00.assignedEntity00.assignedPerson.asRoleOther00.scopingOrganization.name00.inlineText"/>
         </target>
      </link>
      <link>
         <source>
            <linkpointer kind="scs" xmlPath="DRUGADMIN.PERFORMER.OTHERROLE.org_description"/>
         </source>
         <target>
            <linkpointer kind="h3s" xmlPath="SubstanceAdministrationEvent.authorOrPerformer00.assignedEntity00.assignedPerson.asRoleOther00.scopingOrganization.desc.inlineText"/>
         </target>
      </link>
      <link>
         <source>
            <linkpointer kind="function" xmlPath="function.21.outputs.0"/>
         </source>
         <target>
            <linkpointer kind="function" xmlPath="function.16.inputs.0"/>
         </target>
      </link>
      <link>
         <source>
            <linkpointer kind="scs" xmlPath="DRUGADMIN.PERFORMER.OTHERROLE.org_phone"/>
         </source>
         <target>
            <linkpointer kind="function" xmlPath="function.16.inputs.1"/>
         </target>
      </link>
      <link>
         <source>
            <linkpointer kind="function" xmlPath="function.16.outputs.0"/>
         </source>
         <target>
            <linkpointer kind="h3s" xmlPath="SubstanceAdministrationEvent.authorOrPerformer00.assignedEntity00.assignedPerson.asRoleOther00.scopingOrganization.telecom00.value"/>
         </target>
      </link>
      <link>
         <source>
            <linkpointer kind="scs" xmlPath="DRUGADMIN.PERFORMER.OTHERROLE.org_street_line_2"/>
         </source>
         <target>
            <linkpointer kind="h3s" xmlPath="SubstanceAdministrationEvent.authorOrPerformer00.assignedEntity00.assignedPerson.asRoleOther00.scopingOrganization.addr00.streetName.inlineText"/>
         </target>
      </link>
      <link>
         <source>
            <linkpointer kind="scs" xmlPath="DRUGADMIN.PERFORMER.OTHERROLE.org_street_line_1"/>
         </source>
         <target>
            <linkpointer kind="h3s" xmlPath="SubstanceAdministrationEvent.authorOrPerformer00.assignedEntity00.assignedPerson.asRoleOther00.scopingOrganization.addr00.streetAddressLine.inlineText"/>
         </target>
      </link>
      <link>
         <source>
            <linkpointer kind="scs" xmlPath="DRUGADMIN.PERFORMER.OTHERROLE.org_city"/>
         </source>
         <target>
            <linkpointer kind="h3s" xmlPath="SubstanceAdministrationEvent.authorOrPerformer00.assignedEntity00.assignedPerson.asRoleOther00.scopingOrganization.addr00.city.inlineText"/>
         </target>
      </link>
      <link>
         <source>
            <linkpointer kind="scs" xmlPath="DRUGADMIN.PERFORMER.OTHERROLE.org_state"/>
         </source>
         <target>
            <linkpointer kind="h3s" xmlPath="SubstanceAdministrationEvent.authorOrPerformer00.assignedEntity00.assignedPerson.asRoleOther00.scopingOrganization.addr00.state.inlineText"/>
         </target>
      </link>
      <link>
         <source>
            <linkpointer kind="scs" xmlPath="DRUGADMIN.PERFORMER.OTHERROLE.org_zip"/>
         </source>
         <target>
            <linkpointer kind="h3s" xmlPath="SubstanceAdministrationEvent.authorOrPerformer00.assignedEntity00.assignedPerson.asRoleOther00.scopingOrganization.addr00.postalCode.inlineText"/>
         </target>
      </link>
      <link>
         <source>
            <linkpointer kind="scs" xmlPath="DRUGADMIN.PERFORMER.GROUPMEMBERSHIP.id"/>
         </source>
         <target>
            <linkpointer kind="h3s" xmlPath="SubstanceAdministrationEvent.authorOrPerformer00.assignedEntity00.assignedPerson.asMember00.id00.extension"/>
         </target>
      </link>
      <link>
         <source>
            <linkpointer kind="scs" xmlPath="DRUGADMIN.PERFORMER.GROUPMEMBERSHIP.code"/>
         </source>
         <target>
            <linkpointer kind="h3s" xmlPath="SubstanceAdministrationEvent.authorOrPerformer00.assignedEntity00.assignedPerson.asMember00.code.code"/>
         </target>
      </link>
      <link>
         <source>
            <linkpointer kind="scs" xmlPath="DRUGADMIN.PERFORMER.GROUPMEMBERSHIP.status"/>
         </source>
         <target>
            <linkpointer kind="h3s" xmlPath="SubstanceAdministrationEvent.authorOrPerformer00.assignedEntity00.assignedPerson.asMember00.statusCode.code"/>
         </target>
      </link>
      <link>
         <source>
            <linkpointer kind="scs" xmlPath="DRUGADMIN.PERFORMER.GROUPMEMBERSHIP.start_date_time"/>
         </source>
         <target>
            <linkpointer kind="h3s" xmlPath="SubstanceAdministrationEvent.authorOrPerformer00.assignedEntity00.assignedPerson.asMember00.effectiveTime.value"/>
         </target>
      </link>
      <link>
         <source>
            <linkpointer kind="scs" xmlPath="DRUGADMIN.PERFORMER.GROUPMEMBERSHIP.group_id"/>
         </source>
         <target>
            <linkpointer kind="h3s" xmlPath="SubstanceAdministrationEvent.authorOrPerformer00.assignedEntity00.assignedPerson.asMember00.group.id00.extension"/>
         </target>
      </link>
      <link>
         <source>
            <linkpointer kind="scs" xmlPath="DRUGADMIN.PERFORMER.GROUPMEMBERSHIP.group_code"/>
         </source>
         <target>
            <linkpointer kind="h3s" xmlPath="SubstanceAdministrationEvent.authorOrPerformer00.assignedEntity00.assignedPerson.asMember00.group.code.code"/>
         </target>
      </link>
      <link>
         <source>
            <linkpointer kind="scs" xmlPath="DRUGADMIN.PERFORMER.GROUPMEMBERSHIP.group_name"/>
         </source>
         <target>
            <linkpointer kind="h3s" xmlPath="SubstanceAdministrationEvent.authorOrPerformer00.assignedEntity00.assignedPerson.asMember00.group.name00.inlineText"/>
         </target>
      </link>
      <link>
         <source>
            <linkpointer kind="scs" xmlPath="DRUGADMIN.PERFORMER.GROUPMEMBERSHIP.group_description"/>
         </source>
         <target>
            <linkpointer kind="h3s" xmlPath="SubstanceAdministrationEvent.authorOrPerformer00.assignedEntity00.assignedPerson.asMember00.group.desc.inlineText"/>
         </target>
      </link>
      <link>
         <source>
            <linkpointer kind="scs" xmlPath="DRUGADMIN.PERFORMER.LOCATION.id"/>
         </source>
         <target>
            <linkpointer kind="h3s" xmlPath="SubstanceAdministrationEvent.authorOrPerformer00.assignedEntity00.assignedPerson.asLocatedEntity.id00.extension"/>
         </target>
      </link>
      <link>
         <source>
            <linkpointer kind="scs" xmlPath="DRUGADMIN.PERFORMER.LOCATION.street_line_1"/>
         </source>
         <target>
            <linkpointer kind="h3s" xmlPath="SubstanceAdministrationEvent.authorOrPerformer00.assignedEntity00.assignedPerson.asLocatedEntity.addr00.streetName.inlineText"/>
         </target>
      </link>
      <link>
         <source>
            <linkpointer kind="scs" xmlPath="DRUGADMIN.PERFORMER.LOCATION.street_line_2"/>
         </source>
         <target>
            <linkpointer kind="h3s" xmlPath="SubstanceAdministrationEvent.authorOrPerformer00.assignedEntity00.assignedPerson.asLocatedEntity.addr00.streetAddressLine.inlineText"/>
         </target>
      </link>
      <link>
         <source>
            <linkpointer kind="scs" xmlPath="DRUGADMIN.PERFORMER.LOCATION.city"/>
         </source>
         <target>
            <linkpointer kind="h3s" xmlPath="SubstanceAdministrationEvent.authorOrPerformer00.assignedEntity00.assignedPerson.asLocatedEntity.addr00.city.inlineText"/>
         </target>
      </link>
      <link>
         <source>
            <linkpointer kind="scs" xmlPath="DRUGADMIN.PERFORMER.LOCATION.state"/>
         </source>
         <target>
            <linkpointer kind="h3s" xmlPath="SubstanceAdministrationEvent.authorOrPerformer00.assignedEntity00.assignedPerson.asLocatedEntity.addr00.state.inlineText"/>
         </target>
      </link>
      <link>
         <source>
            <linkpointer kind="scs" xmlPath="DRUGADMIN.PERFORMER.LOCATION.zip"/>
         </source>
         <target>
            <linkpointer kind="h3s" xmlPath="SubstanceAdministrationEvent.authorOrPerformer00.assignedEntity00.assignedPerson.asLocatedEntity.addr00.postalCode.inlineText"/>
         </target>
      </link>
      <link>
         <source>
            <linkpointer kind="scs" xmlPath="DRUGADMIN.PERFORMER.LOCATION.status"/>
         </source>
         <target>
            <linkpointer kind="h3s" xmlPath="SubstanceAdministrationEvent.authorOrPerformer00.assignedEntity00.assignedPerson.asLocatedEntity.statusCode.code"/>
         </target>
      </link>
      <link>
         <source>
            <linkpointer kind="scs" xmlPath="DRUGADMIN.PERFORMER.LANGUAGE.language"/>
         </source>
         <target>
            <linkpointer kind="h3s" xmlPath="SubstanceAdministrationEvent.authorOrPerformer00.assignedEntity00.assignedPerson.languageCommunication00.languageCode.code"/>
         </target>
      </link>
      <link>
         <source>
            <linkpointer kind="scs" xmlPath="DRUGADMIN.PERFORMER.LANGUAGE.ability_mode"/>
         </source>
         <target>
            <linkpointer kind="h3s" xmlPath="SubstanceAdministrationEvent.authorOrPerformer00.assignedEntity00.assignedPerson.languageCommunication00.modeCode.code"/>
         </target>
      </link>
      <link>
         <source>
            <linkpointer kind="scs" xmlPath="DRUGADMIN.PERFORMER.LANGUAGE.proficiency_level"/>
         </source>
         <target>
            <linkpointer kind="h3s" xmlPath="SubstanceAdministrationEvent.authorOrPerformer00.assignedEntity00.assignedPerson.languageCommunication00.proficiencyLevelCode.code"/>
         </target>
      </link>
      <link>
         <source>
            <linkpointer kind="scs" xmlPath="DRUGADMIN.PERFORMER.LANGUAGE.preference_indicator"/>
         </source>
         <target>
            <linkpointer kind="h3s" xmlPath="SubstanceAdministrationEvent.authorOrPerformer00.assignedEntity00.assignedPerson.languageCommunication00.preferenceInd.value"/>
         </target>
      </link>
      <link>
         <source>
            <linkpointer kind="scs" xmlPath="DRUGADMIN.PERFORMER.LICENSE.id"/>
         </source>
         <target>
            <linkpointer kind="h3s" xmlPath="SubstanceAdministrationEvent.authorOrPerformer00.assignedEntity00.assignedPerson.asLicensedEntity00.id00.extension"/>
         </target>
      </link>
      <link>
         <source>
            <linkpointer kind="scs" xmlPath="DRUGADMIN.PERFORMER.LICENSE.code"/>
         </source>
         <target>
            <linkpointer kind="h3s" xmlPath="SubstanceAdministrationEvent.authorOrPerformer00.assignedEntity00.assignedPerson.asLicensedEntity00.code.code"/>
         </target>
      </link>
      <link>
         <source>
            <linkpointer kind="scs" xmlPath="DRUGADMIN.PERFORMER.LICENSE.start_date_time"/>
         </source>
         <target>
            <linkpointer kind="h3s" xmlPath="SubstanceAdministrationEvent.authorOrPerformer00.assignedEntity00.assignedPerson.asLicensedEntity00.effectiveTime.value"/>
         </target>
      </link>
      <link>
         <source>
            <linkpointer kind="scs" xmlPath="DRUGADMIN.PERFORMER.LICENSE.issuer_id"/>
         </source>
         <target>
            <linkpointer kind="h3s" xmlPath="SubstanceAdministrationEvent.authorOrPerformer00.assignedEntity00.assignedPerson.asLicensedEntity00.issuingOrganization.id00.extension"/>
         </target>
      </link>
      <link>
         <source>
            <linkpointer kind="scs" xmlPath="DRUGADMIN.PERFORMER.LICENSE.issuer_code"/>
         </source>
         <target>
            <linkpointer kind="h3s" xmlPath="SubstanceAdministrationEvent.authorOrPerformer00.assignedEntity00.assignedPerson.asLicensedEntity00.issuingOrganization.code.code"/>
         </target>
      </link>
      <link>
         <source>
            <linkpointer kind="scs" xmlPath="DRUGADMIN.PERFORMER.LICENSE.issuer_org_name"/>
         </source>
         <target>
            <linkpointer kind="h3s" xmlPath="SubstanceAdministrationEvent.authorOrPerformer00.assignedEntity00.assignedPerson.asLicensedEntity00.issuingOrganization.name00.inlineText"/>
         </target>
      </link>
      <link>
         <source>
            <linkpointer kind="scs" xmlPath="DRUGADMIN.PERFORMER.LICENSE.issuer_contact_first_name"/>
         </source>
         <target>
            <linkpointer kind="h3s" xmlPath="SubstanceAdministrationEvent.authorOrPerformer00.assignedEntity00.assignedPerson.asLicensedEntity00.issuingOrganization.contactParty00.contactPerson.name00.given.inlineText"/>
         </target>
      </link>
      <link>
         <source>
            <linkpointer kind="scs" xmlPath="DRUGADMIN.PERFORMER.LICENSE.issuer_contact_middle_initial"/>
         </source>
         <target>
            <linkpointer kind="h3s" xmlPath="SubstanceAdministrationEvent.authorOrPerformer00.assignedEntity00.assignedPerson.asLicensedEntity00.issuingOrganization.contactParty00.contactPerson.name00.suffix.inlineText"/>
         </target>
      </link>
      <link>
         <source>
            <linkpointer kind="scs" xmlPath="DRUGADMIN.PERFORMER.LICENSE.issuer_contact_last_name"/>
         </source>
         <target>
            <linkpointer kind="h3s" xmlPath="SubstanceAdministrationEvent.authorOrPerformer00.assignedEntity00.assignedPerson.asLicensedEntity00.issuingOrganization.contactParty00.contactPerson.name00.family.inlineText"/>
         </target>
      </link>
      <link>
         <source>
            <linkpointer kind="function" xmlPath="function.23.outputs.0"/>
         </source>
         <target>
            <linkpointer kind="function" xmlPath="function.20.inputs.0"/>
         </target>
      </link>
      <link>
         <source>
            <linkpointer kind="scs" xmlPath="DRUGADMIN.PERFORMER.LICENSE.issuer_contact_phone"/>
         </source>
         <target>
            <linkpointer kind="function" xmlPath="function.20.inputs.1"/>
         </target>
      </link>
      <link>
         <source>
            <linkpointer kind="function" xmlPath="function.20.outputs.0"/>
         </source>
         <target>
            <linkpointer kind="h3s" xmlPath="SubstanceAdministrationEvent.authorOrPerformer00.assignedEntity00.assignedPerson.asLicensedEntity00.issuingOrganization.contactParty00.telecom00.value"/>
         </target>
      </link>
      <link>
         <source>
            <linkpointer kind="scs" xmlPath="DRUGADMIN.PERFORMER.LICENSE.issuer_contact_street_line_1"/>
         </source>
         <target>
            <linkpointer kind="h3s" xmlPath="SubstanceAdministrationEvent.authorOrPerformer00.assignedEntity00.assignedPerson.asLicensedEntity00.issuingOrganization.contactParty00.addr00.streetAddressLine.inlineText"/>
         </target>
      </link>
      <link>
         <source>
            <linkpointer kind="scs" xmlPath="DRUGADMIN.PERFORMER.LICENSE.issuer_contact_street_line_2"/>
         </source>
         <target>
            <linkpointer kind="h3s" xmlPath="SubstanceAdministrationEvent.authorOrPerformer00.assignedEntity00.assignedPerson.asLicensedEntity00.issuingOrganization.contactParty00.addr00.streetName.inlineText"/>
         </target>
      </link>
      <link>
         <source>
            <linkpointer kind="scs" xmlPath="DRUGADMIN.PERFORMER.LICENSE.issuer_contact_city"/>
         </source>
         <target>
            <linkpointer kind="h3s" xmlPath="SubstanceAdministrationEvent.authorOrPerformer00.assignedEntity00.assignedPerson.asLicensedEntity00.issuingOrganization.contactParty00.addr00.city.inlineText"/>
         </target>
      </link>
      <link>
         <source>
            <linkpointer kind="scs" xmlPath="DRUGADMIN.PERFORMER.LICENSE.issuer_contact_state"/>
         </source>
         <target>
            <linkpointer kind="h3s" xmlPath="SubstanceAdministrationEvent.authorOrPerformer00.assignedEntity00.assignedPerson.asLicensedEntity00.issuingOrganization.contactParty00.addr00.state.inlineText"/>
         </target>
      </link>
      <link>
         <source>
            <linkpointer kind="scs" xmlPath="DRUGADMIN.PERFORMER.LICENSE.issuer_contact_zip"/>
         </source>
         <target>
            <linkpointer kind="h3s" xmlPath="SubstanceAdministrationEvent.authorOrPerformer00.assignedEntity00.assignedPerson.asLicensedEntity00.issuingOrganization.contactParty00.addr00.postalCode.inlineText"/>
         </target>
      </link>
      <link>
         <source>
            <linkpointer kind="scs" xmlPath="DRUGADMIN.OTHERDRUGADMIN.id_root"/>
         </source>
         <target>
            <linkpointer kind="h3s" xmlPath="SubstanceAdministrationEvent.pertinentInformation300.substanceAdministrationEvent.id.root"/>
         </target>
      </link>
      <link>
         <source>
            <linkpointer kind="scs" xmlPath="DRUGADMIN.OTHERDRUGADMIN.id_extension"/>
         </source>
         <target>
            <linkpointer kind="h3s" xmlPath="SubstanceAdministrationEvent.pertinentInformation300.substanceAdministrationEvent.id.extension"/>
         </target>
      </link>
      <link>
         <source>
            <linkpointer kind="scs" xmlPath="DRUGADMIN.OTHERDRUGADMIN.subject_id"/>
         </source>
         <target>
            <linkpointer kind="h3s" xmlPath="SubstanceAdministrationEvent.pertinentInformation300.substanceAdministrationEvent.subject00.investigativeSubject.id.extension"/>
         </target>
      </link>
      <link>
         <source>
            <linkpointer kind="scs" xmlPath="DRUGADMIN.OTHERDRUGADMIN.description"/>
         </source>
         <target>
            <linkpointer kind="h3s" xmlPath="SubstanceAdministrationEvent.pertinentInformation300.substanceAdministrationEvent.text.inlineText"/>
         </target>
      </link>
      <link>
         <source>
            <linkpointer kind="scs" xmlPath="DRUGADMIN.OTHERDRUGADMIN.date_time"/>
         </source>
         <target>
            <linkpointer kind="h3s" xmlPath="SubstanceAdministrationEvent.pertinentInformation300.substanceAdministrationEvent.effectiveTime.value"/>
         </target>
      </link>
      <link>
         <source>
            <linkpointer kind="scs" xmlPath="DRUGADMIN.OTHERDRUGADMIN.repeat_num"/>
         </source>
         <target>
            <linkpointer kind="h3s" xmlPath="SubstanceAdministrationEvent.pertinentInformation300.substanceAdministrationEvent.repeatNumber.value"/>
         </target>
      </link>
      <link>
         <source>
            <linkpointer kind="scs" xmlPath="DRUGADMIN.OTHERDRUGADMIN.route"/>
         </source>
         <target>
            <linkpointer kind="h3s" xmlPath="SubstanceAdministrationEvent.pertinentInformation300.substanceAdministrationEvent.routeCode.code"/>
         </target>
      </link>
      <link>
         <source>
            <linkpointer kind="scs" xmlPath="DRUGADMIN.OTHERDRUGADMIN.dose_quantity"/>
         </source>
         <target>
            <linkpointer kind="h3s" xmlPath="SubstanceAdministrationEvent.pertinentInformation300.substanceAdministrationEvent.doseQuantity.value"/>
         </target>
      </link>
      <link>
         <source>
            <linkpointer kind="scs" xmlPath="DRUGADMIN.OTHERDRUGADMIN.dose_quantity_uom"/>
         </source>
         <target>
            <linkpointer kind="h3s" xmlPath="SubstanceAdministrationEvent.pertinentInformation300.substanceAdministrationEvent.doseQuantity.unit"/>
         </target>
      </link>
      <link>
         <source>
            <linkpointer kind="scs" xmlPath="DRUGADMIN.OTHERDRUGADMIN.pert_act_id"/>
         </source>
         <target>
            <linkpointer kind="h3s" xmlPath="SubstanceAdministrationEvent.pertinentInformation300.substanceAdministrationEvent.pertinentInformation100.act.id.extension"/>
         </target>
      </link>
      <link>
         <source>
            <linkpointer kind="scs" xmlPath="DRUGADMIN.OTHERDRUGADMIN.pert_act_code"/>
         </source>
         <target>
            <linkpointer kind="h3s" xmlPath="SubstanceAdministrationEvent.pertinentInformation300.substanceAdministrationEvent.pertinentInformation100.act.code.code"/>
         </target>
      </link>
      <link>
         <source>
            <linkpointer kind="scs" xmlPath="DRUGADMIN.OTHERDRUGADMIN.pert_act_description"/>
         </source>
         <target>
            <linkpointer kind="h3s" xmlPath="SubstanceAdministrationEvent.pertinentInformation300.substanceAdministrationEvent.pertinentInformation100.act.text.inlineText"/>
         </target>
      </link>
      <link>
         <source>
            <linkpointer kind="scs" xmlPath="DRUGADMIN.OTHERDRUGADMIN.pert_act_status"/>
         </source>
         <target>
            <linkpointer kind="h3s" xmlPath="SubstanceAdministrationEvent.pertinentInformation300.substanceAdministrationEvent.pertinentInformation100.act.statusCode.code"/>
         </target>
      </link>
      <link>
         <source>
            <linkpointer kind="scs" xmlPath="DRUGADMIN.OTHERDRUGADMIN.pert_act_start_date_time"/>
         </source>
         <target>
            <linkpointer kind="h3s" xmlPath="SubstanceAdministrationEvent.pertinentInformation300.substanceAdministrationEvent.pertinentInformation100.act.effectiveTime.value"/>
         </target>
      </link>
      <link>
         <source>
            <linkpointer kind="scs" xmlPath="DRUGADMIN.OTHERDRUGADMIN.pert_act_priority"/>
         </source>
         <target>
            <linkpointer kind="h3s" xmlPath="SubstanceAdministrationEvent.pertinentInformation300.substanceAdministrationEvent.pertinentInformation100.act.priorityCode.code"/>
         </target>
      </link>
      <link>
         <source>
            <linkpointer kind="scs" xmlPath="DRUGADMIN.OTHERDRUGADMIN.pert_act_uncertainty"/>
         </source>
         <target>
            <linkpointer kind="h3s" xmlPath="SubstanceAdministrationEvent.pertinentInformation300.substanceAdministrationEvent.pertinentInformation100.act.uncertaintyCode.code"/>
         </target>
      </link>
      <link>
         <source>
            <linkpointer kind="scs" xmlPath="DRUGADMIN.OTHERDRUGADMIN.pert_act_primary_author_id"/>
         </source>
         <target>
            <linkpointer kind="h3s" xmlPath="SubstanceAdministrationEvent.pertinentInformation300.substanceAdministrationEvent.pertinentInformation100.act.author00.assignedEntity.id00.extension"/>
         </target>
      </link>
      <link>
         <source>
            <linkpointer kind="scs" xmlPath="DRUGADMIN.OTHERDRUGADMIN.pert_act_secondary_author_id"/>
         </source>
         <target>
            <linkpointer kind="h3s" xmlPath="SubstanceAdministrationEvent.pertinentInformation300.substanceAdministrationEvent.pertinentInformation100.act.author00.assignedEntity.id01.extension"/>
         </target>
      </link>
      <link>
         <source>
            <linkpointer kind="scs" xmlPath="DRUGADMIN.OTHERDRUGADMIN.part_act_author_time"/>
         </source>
         <target>
            <linkpointer kind="h3s" xmlPath="SubstanceAdministrationEvent.pertinentInformation300.substanceAdministrationEvent.pertinentInformation100.act.author00.time.value"/>
         </target>
      </link>
      <link>
         <source>
            <linkpointer kind="scs" xmlPath="DRUGADMIN.PERTOBS.value_2"/>
         </source>
         <target>
            <linkpointer kind="h3s" xmlPath="SubstanceAdministrationEvent.pertinentInformation100.observation.value.denominator.value"/>
         </target>
      </link>
      <link>
         <source>
            <linkpointer kind="scs" xmlPath="DRUGADMIN.PERTOBS.value_2_uom"/>
         </source>
         <target>
            <linkpointer kind="h3s" xmlPath="SubstanceAdministrationEvent.pertinentInformation100.observation.value.denominator.unit"/>
         </target>
      </link>
      <link>
         <source>
            <linkpointer kind="scs" xmlPath="DRUGADMIN.PERTOBS.value_1"/>
         </source>
         <target>
            <linkpointer kind="h3s" xmlPath="SubstanceAdministrationEvent.pertinentInformation100.observation.value.numerator.value"/>
         </target>
      </link>
      <link>
         <source>
            <linkpointer kind="scs" xmlPath="DRUGADMIN.PERTOBS.value_1_uom"/>
         </source>
         <target>
            <linkpointer kind="h3s" xmlPath="SubstanceAdministrationEvent.pertinentInformation100.observation.value.numerator.unit"/>
         </target>
      </link>
   </links>
   <views>
      <view component-id="source.scs.0" height="0" width="0" x="0" y="0"/>
      <view component-id="target.h3s.0" height="0" width="0" x="0" y="0"/>
      <view component-id="function.0" height="49" width="109" x="36" y="36"/>
      <view component-id="function.1" height="67" width="91" x="168" y="12"/>
      <view component-id="function.2" height="67" width="91" x="168" y="78"/>
      <view component-id="function.3" height="49" width="109" x="30" y="90"/>
      <view component-id="function.4" height="49" width="109" x="30" y="240"/>
      <view component-id="function.5" height="67" width="91" x="168" y="150"/>
      <view component-id="function.6" height="67" width="91" x="222" y="186"/>
      <view component-id="function.7" height="49" width="109" x="30" y="138"/>
      <view component-id="function.8" height="49" width="109" x="18" y="186"/>
      <view component-id="function.9" height="67" width="91" x="216" y="270"/>
      <view component-id="function.10" height="49" width="109" x="30" y="306"/>
      <view component-id="function.11" height="67" width="91" x="156" y="312"/>
      <view component-id="function.12" height="49" width="109" x="60" y="426"/>
      <view component-id="function.13" height="67" width="91" x="192" y="384"/>
      <view component-id="function.14" height="67" width="91" x="198" y="456"/>
      <view component-id="function.15" height="49" width="109" x="18" y="372"/>
      <view component-id="function.16" height="67" width="91" x="180" y="660"/>
      <view component-id="function.17" height="67" width="91" x="192" y="522"/>
      <view component-id="function.18" height="67" width="91" x="180" y="594"/>
      <view component-id="function.19" height="49" width="109" x="30" y="600"/>
      <view component-id="function.20" height="67" width="91" x="162" y="714"/>
      <view component-id="function.21" height="49" width="109" x="30" y="648"/>
      <view component-id="function.22" height="49" width="109" x="30" y="510"/>
      <view component-id="function.23" height="49" width="109" x="30" y="720"/>
   </views>
</mapping>