<?xml version="1.0" encoding="UTF-8" standalone="yes"?>
<mapping xmlns:ns2="http://cmts.cbiit.nci.nih.gov/core">
    <components>
        <component location="hl7v3xsd\multimediaschema\PRPA_IN402003UV02.xsd" kind="xml" type="target" id="0">
            <rootElement isSimple="false" isRecursive="false" isEnabled="false" isChosen="false" isChoice="false" nameSpace="urn:hl7-org:v3" name="PRPA_IN402003UV02" idSpec="X-path" id="/PRPA_IN402003UV02">
                <ativated>true</ativated>
            </rootElement>
        </component>
        <component location="hl7v2xsd\2.4\ADT_A03.xsd" kind="xml" type="source" id="1">
            <rootElement isSimple="false" isRecursive="false" isEnabled="false" isChosen="false" isChoice="false" type="ADT_A03.CONTENT" nameSpace="urn:hl7-org:v2xml" name="ADT_A03" idSpec="X-path" id="/ADT_A03">
                <ativated>true</ativated>
            </rootElement>
        </component>
    </components>
    <links>
        <link>
            <source id="/ADT_A03/DG1" componentid="1"/>
            <target id="/PRPA_IN402003UV02/controlActProcess/subject/inpatientEncounterEvent/subject" componentid="0"/>
        </link>
        <link>
            <source id="/ADT_A03/MSH/MSH.10" componentid="1"/>
            <target id="/PRPA_IN402003UV02/controlActProcess/id" componentid="0"/>
        </link>
        <link>
            <source id="/ADT_A03/MSH/MSH.9/MSG.1" componentid="1"/>
            <target id="/PRPA_IN402003UV02/controlActProcess/templateId/@root" componentid="0"/>
        </link>
        <link>
            <source id="/ADT_A03/MSH/MSH.9/MSG.2" componentid="1"/>
            <target id="/PRPA_IN402003UV02/controlActProcess/templateId/@extension" componentid="0"/>
        </link>
        <link>
            <source id="/ADT_A03/MSH/MSH.9/MSG.3" componentid="1"/>
            <target id="/PRPA_IN402003UV02/controlActProcess/templateId/@assigningAuthorityName" componentid="0"/>
        </link>
        <link>
            <source id="/ADT_A03/MSH/MSH.9" componentid="1"/>
            <target id="/PRPA_IN402003UV02/controlActProcess/templateId" componentid="0"/>
        </link>
        <link>
            <source id="/ADT_A03/MSH/MSH.19" componentid="1"/>
            <target id="/PRPA_IN402003UV02/controlActProcess/languageCode" componentid="0"/>
        </link>
        <link>
            <source id="/ADT_A03/MSH/MSH.19/CE.2" componentid="1"/>
            <target id="/PRPA_IN402003UV02/controlActProcess/languageCode/@codeSystemName" componentid="0"/>
        </link>
        <link>
            <source id="/ADT_A03/MSH/MSH.19/CE.1" componentid="1"/>
            <target id="/PRPA_IN402003UV02/controlActProcess/languageCode/@codeSystem" componentid="0"/>
        </link>
        <link>
            <source id="/ADT_A03/MSH/MSH.12" componentid="1"/>
            <target id="/PRPA_IN402003UV02/controlActProcess/code" componentid="0"/>
        </link>
        <link>
            <source id="/ADT_A03/MSH/MSH.12/VID.1" componentid="1"/>
            <target id="/PRPA_IN402003UV02/controlActProcess/code/@codeSystem" componentid="0"/>
        </link>
        <link>
            <source id="/ADT_A03/MSH/MSH.12/VID.2" componentid="1"/>
            <target id="/PRPA_IN402003UV02/controlActProcess/code/@codeSystemName" componentid="0"/>
        </link>
        <link>
            <source id="/ADT_A03/MSH/MSH.9/MSG.1" componentid="1"/>
            <target id="/PRPA_IN402003UV02/controlActProcess/typeId/@root" componentid="0"/>
        </link>
        <link>
            <source id="/ADT_A03/MSH/MSH.9/MSG.2" componentid="1"/>
            <target id="/PRPA_IN402003UV02/controlActProcess/typeId/@extension" componentid="0"/>
        </link>
        <link>
            <source id="/ADT_A03/MSH/MSH.9/MSG.3" componentid="1"/>
            <target id="/PRPA_IN402003UV02/controlActProcess/typeId/@assigningAuthorityName" componentid="0"/>
        </link>
        <link>
            <source id="/ADT_A03/MSH/MSH.9" componentid="1"/>
            <target id="/PRPA_IN402003UV02/controlActProcess/typeId" componentid="0"/>
        </link>
        <link>
            <source id="/ADT_A03/MSH" componentid="1"/>
            <target id="/PRPA_IN402003UV02/controlActProcess" componentid="0"/>
        </link>
        <link>
            <source id="/ADT_A03" componentid="1"/>
            <target id="/PRPA_IN402003UV02" componentid="0"/>
        </link>
        <link>
            <source id="/ADT_A03/MSH/MSH.6" componentid="1"/>
            <target id="/PRPA_IN402003UV02/sender" componentid="0"/>
        </link>
        <link>
            <source id="/ADT_A03/MSH/MSH.6/HD.1" componentid="1"/>
            <target id="/PRPA_IN402003UV02/sender/typeId/@root" componentid="0"/>
        </link>
        <link>
            <source id="/ADT_A03/MSH/MSH.6/HD.2" componentid="1"/>
            <target id="/PRPA_IN402003UV02/sender/typeId/@extension" componentid="0"/>
        </link>
        <link>
            <source id="/ADT_A03/MSH/MSH.5/HD.1" componentid="1"/>
            <target id="/PRPA_IN402003UV02/processingCode" componentid="0"/>
        </link>
        <link>
            <source id="/ADT_A03/MSH/MSH.5/HD.2" componentid="1"/>
            <target id="/PRPA_IN402003UV02/processingModeCode" componentid="0"/>
        </link>
        <link>
            <source id="/ADT_A03/MSH/MSH.7" componentid="1"/>
            <target id="/PRPA_IN402003UV02/creationTime" componentid="0"/>
        </link>
        <link>
            <source id="/ADT_A03/MSH/MSH.7/TS.1" componentid="1"/>
            <target id="/PRPA_IN402003UV02/creationTime/@value" componentid="0"/>
        </link>
        <link>
            <source id="/ADT_A03/MSH/MSH.7/TS.2" componentid="1"/>
            <target id="/PRPA_IN402003UV02/creationTime/@nullFlavor" componentid="0"/>
        </link>
        <link>
            <source id="/ADT_A03/MSH/MSH.4" componentid="1"/>
            <target id="/PRPA_IN402003UV02/id" componentid="0"/>
        </link>
        <link>
            <source id="/ADT_A03/MSH/MSH.4/HD.1" componentid="1"/>
            <target id="/PRPA_IN402003UV02/id/@root" componentid="0"/>
        </link>
        <link>
            <source id="/ADT_A03/MSH/MSH.4/HD.2" componentid="1"/>
            <target id="/PRPA_IN402003UV02/id/@extension" componentid="0"/>
        </link>
        <link>
            <source id="/ADT_A03/MSH/MSH.4/HD.3" componentid="1"/>
            <target id="/PRPA_IN402003UV02/id/@assigningAuthorityName" componentid="0"/>
        </link>
        <link>
            <source id="/ADT_A03/MSH/MSH.3" componentid="1"/>
            <target id="/PRPA_IN402003UV02/templateId" componentid="0"/>
        </link>
        <link>
            <source id="/ADT_A03/MSH/MSH.3/HD.1" componentid="1"/>
            <target id="/PRPA_IN402003UV02/templateId/@root" componentid="0"/>
        </link>
        <link>
            <source id="/ADT_A03/MSH/MSH.3/HD.2" componentid="1"/>
            <target id="/PRPA_IN402003UV02/templateId/@extension" componentid="0"/>
        </link>
        <link>
            <source id="/ADT_A03/MSH/MSH.3/HD.3" componentid="1"/>
            <target id="/PRPA_IN402003UV02/templateId/@assigningAuthorityName" componentid="0"/>
        </link>
        <link>
            <source id="/ADT_A03/MSH/MSH.2" componentid="1"/>
            <target id="/PRPA_IN402003UV02/versionCode" componentid="0"/>
        </link>
    </links>
    <tags/>
    <views/>
</mapping>
