<?xml version="1.0" encoding="UTF-8"?>
<mapping version="1.2">
   <components>
      <component kind="scs"
                 location="{caAdapter_Home}\workingspace\nullFlavor\PORR_MT040002.scs"
                 type="source"/>
      <component kind="h3s"
                 location="{caAdapter_Home}\workingspace\nullFlavor\PORR_MT040002.h3s"
                 type="target"/>
      <component group="constant" kind="core" name="constant" type="function" id="3">
         <data type="Integer" value="12312008"/>
      </component>
      <component group="constant" kind="core" name="constant" type="function" id="4">
         <data type="String" value="&amp;BLANK:ASKU;&amp;NULL:NI;&amp;@:ASKU;&amp;-2:NI;&amp;-4:ASKU"/>
      </component>
      <component group="string" kind="core" name="NullFlavor" type="function" id="5"/>
      <component group="constant" kind="core" name="constant" type="function" id="6">
         <data type="Integer" value="123"/>
      </component>
   </components>
   <links>
      <link>
         <source>
            <linkpointer kind="scs" xmlPath="SUBSTANCEADMINISTRATIONEVENT_HEAD.classCode"/>
         </source>
         <target>
            <linkpointer kind="h3s" xmlPath="SubstanceAdministrationEvent.classCode"/>
         </target>
      </link>
      <link>
         <source>
            <linkpointer kind="scs" xmlPath="SUBSTANCEADMINISTRATIONEVENT_HEAD.moodCode"/>
         </source>
         <target>
            <linkpointer kind="h3s" xmlPath="SubstanceAdministrationEvent.moodCode"/>
         </target>
      </link>
      <link>
         <source>
            <linkpointer kind="scs" xmlPath="SUBSTANCEADMINISTRATIONEVENT_HEAD.id_root"/>
         </source>
         <target>
            <linkpointer kind="h3s" xmlPath="SubstanceAdministrationEvent.id.root"/>
         </target>
      </link>
      <link>
         <source>
            <linkpointer kind="scs" xmlPath="SUBSTANCEADMINISTRATIONEVENT_HEAD.id_extension"/>
         </source>
         <target>
            <linkpointer kind="h3s" xmlPath="SubstanceAdministrationEvent.id.extension"/>
         </target>
      </link>
      <link>
         <source>
            <linkpointer kind="scs"
                         xmlPath="SUBSTANCEADMINISTRATIONEVENT_HEAD.id_assigningAuthorityName"/>
         </source>
         <target>
            <linkpointer kind="h3s" xmlPath="SubstanceAdministrationEvent.id.assigningAuthorityName"/>
         </target>
      </link>
      <link>
         <source>
            <linkpointer kind="scs" xmlPath="SUBSTANCEADMINISTRATIONEVENT_HEAD.repeatNumber_value"/>
         </source>
         <target>
            <linkpointer kind="h3s" xmlPath="SubstanceAdministrationEvent.repeatNumber.value"/>
         </target>
      </link>
      <link>
         <source>
            <linkpointer kind="scs" xmlPath="SUBSTANCEADMINISTRATIONEVENT_HEAD.routeCode_code"/>
         </source>
         <target>
            <linkpointer kind="h3s" xmlPath="SubstanceAdministrationEvent.routeCode.code"/>
         </target>
      </link>
      <link>
         <source>
            <linkpointer kind="scs" xmlPath="SUBSTANCEADMINISTRATIONEVENT_HEAD.routeCode_codeSystem"/>
         </source>
         <target>
            <linkpointer kind="h3s" xmlPath="SubstanceAdministrationEvent.routeCode.codeSystem"/>
         </target>
      </link>
      <link>
         <source>
            <linkpointer kind="scs" xmlPath="SUBSTANCEADMINISTRATIONEVENT_HEAD.routeCode_codeSystemName"/>
         </source>
         <target>
            <linkpointer kind="h3s" xmlPath="SubstanceAdministrationEvent.routeCode.codeSystemName"/>
         </target>
      </link>
      <link>
         <source>
            <linkpointer kind="scs" xmlPath="SUBSTANCEADMINISTRATIONEVENT_HEAD.routeCode_displayName"/>
         </source>
         <target>
            <linkpointer kind="h3s" xmlPath="SubstanceAdministrationEvent.routeCode.displayName"/>
         </target>
      </link>
      <link>
         <source>
            <linkpointer kind="scs" xmlPath="SUBSTANCEADMINISTRATIONEVENT_HEAD.doseQuantity_value"/>
         </source>
         <target>
            <linkpointer kind="h3s" xmlPath="SubstanceAdministrationEvent.doseQuantity.value"/>
         </target>
      </link>
      <link>
         <source>
            <linkpointer kind="scs" xmlPath="SUBSTANCEADMINISTRATIONEVENT_HEAD.SUBJECT00_1.typeCode"/>
         </source>
         <target>
            <linkpointer kind="h3s" xmlPath="SubstanceAdministrationEvent.subject00.typeCode"/>
         </target>
      </link>
      <link>
         <source>
            <linkpointer kind="scs"
                         xmlPath="SUBSTANCEADMINISTRATIONEVENT_HEAD.SUBJECT00_1.ASSOCIATEDPERSON_11.classCode"/>
         </source>
         <target>
            <linkpointer kind="h3s"
                         xmlPath="SubstanceAdministrationEvent.subject00.associatedPerson.classCode"/>
         </target>
      </link>
      <link>
         <source>
            <linkpointer kind="scs"
                         xmlPath="SUBSTANCEADMINISTRATIONEVENT_HEAD.SUBJECT00_1.ASSOCIATEDPERSON_11.id_root"/>
         </source>
         <target>
            <linkpointer kind="h3s"
                         xmlPath="SubstanceAdministrationEvent.subject00.associatedPerson.id.root"/>
         </target>
      </link>
      <link>
         <source>
            <linkpointer kind="scs"
                         xmlPath="SUBSTANCEADMINISTRATIONEVENT_HEAD.SUBJECT00_1.ASSOCIATEDPERSON_11.id_extension"/>
         </source>
         <target>
            <linkpointer kind="h3s"
                         xmlPath="SubstanceAdministrationEvent.subject00.associatedPerson.id.extension"/>
         </target>
      </link>
      <link>
         <source>
            <linkpointer kind="scs"
                         xmlPath="SUBSTANCEADMINISTRATIONEVENT_HEAD.SUBJECT00_1.ASSOCIATEDPERSON_11.id_assigningAuthorityName"/>
         </source>
         <target>
            <linkpointer kind="h3s"
                         xmlPath="SubstanceAdministrationEvent.subject00.associatedPerson.id.assigningAuthorityName"/>
         </target>
      </link>
      <link>
         <source>
            <linkpointer kind="scs"
                         xmlPath="SUBSTANCEADMINISTRATIONEVENT_HEAD.PERTINENTINFORMATION100_2.typeCode"/>
         </source>
         <target>
            <linkpointer kind="h3s"
                         xmlPath="SubstanceAdministrationEvent.pertinentInformation100.typeCode"/>
         </target>
      </link>
      <link>
         <source>
            <linkpointer kind="scs"
                         xmlPath="SUBSTANCEADMINISTRATIONEVENT_HEAD.PERTINENTINFORMATION100_2.contextControlCode"/>
         </source>
         <target>
            <linkpointer kind="h3s"
                         xmlPath="SubstanceAdministrationEvent.pertinentInformation100.contextControlCode"/>
         </target>
      </link>
      <link>
         <source>
            <linkpointer kind="scs"
                         xmlPath="SUBSTANCEADMINISTRATIONEVENT_HEAD.PERTINENTINFORMATION100_2.pauseQuantity_value"/>
         </source>
         <target>
            <linkpointer kind="h3s"
                         xmlPath="SubstanceAdministrationEvent.pertinentInformation100.pauseQuantity.value"/>
         </target>
      </link>
      <link>
         <source>
            <linkpointer kind="scs"
                         xmlPath="SUBSTANCEADMINISTRATIONEVENT_HEAD.PERTINENTINFORMATION100_2.pauseQuantity_unit"/>
         </source>
         <target>
            <linkpointer kind="h3s"
                         xmlPath="SubstanceAdministrationEvent.pertinentInformation100.pauseQuantity.unit"/>
         </target>
      </link>
      <link>
         <source>
            <linkpointer kind="scs"
                         xmlPath="SUBSTANCEADMINISTRATIONEVENT_HEAD.PERTINENTINFORMATION100_2.OBSERVATION_21.classCode"/>
         </source>
         <target>
            <linkpointer kind="h3s"
                         xmlPath="SubstanceAdministrationEvent.pertinentInformation100.observation.classCode"/>
         </target>
      </link>
      <link>
         <source>
            <linkpointer kind="scs"
                         xmlPath="SUBSTANCEADMINISTRATIONEVENT_HEAD.PERTINENTINFORMATION100_2.OBSERVATION_21.moodCode"/>
         </source>
         <target>
            <linkpointer kind="h3s"
                         xmlPath="SubstanceAdministrationEvent.pertinentInformation100.observation.moodCode"/>
         </target>
      </link>
      <link>
         <source>
            <linkpointer kind="scs"
                         xmlPath="SUBSTANCEADMINISTRATIONEVENT_HEAD.PERTINENTINFORMATION100_2.OBSERVATION_21.id_root"/>
         </source>
         <target>
            <linkpointer kind="h3s"
                         xmlPath="SubstanceAdministrationEvent.pertinentInformation100.observation.id.root"/>
         </target>
      </link>
      <link>
         <source>
            <linkpointer kind="scs"
                         xmlPath="SUBSTANCEADMINISTRATIONEVENT_HEAD.PERTINENTINFORMATION100_2.OBSERVATION_21.id_extension"/>
         </source>
         <target>
            <linkpointer kind="h3s"
                         xmlPath="SubstanceAdministrationEvent.pertinentInformation100.observation.id.extension"/>
         </target>
      </link>
      <link>
         <source>
            <linkpointer kind="scs"
                         xmlPath="SUBSTANCEADMINISTRATIONEVENT_HEAD.PERTINENTINFORMATION100_2.OBSERVATION_21.id_assigningAuthorityName"/>
         </source>
         <target>
            <linkpointer kind="h3s"
                         xmlPath="SubstanceAdministrationEvent.pertinentInformation100.observation.id.assigningAuthorityName"/>
         </target>
      </link>
      <link>
         <source>
            <linkpointer kind="scs"
                         xmlPath="SUBSTANCEADMINISTRATIONEVENT_HEAD.PERTINENTINFORMATION100_2.OBSERVATION_21.code_code"/>
         </source>
         <target>
            <linkpointer kind="h3s"
                         xmlPath="SubstanceAdministrationEvent.pertinentInformation100.observation.code.code"/>
         </target>
      </link>
      <link>
         <source>
            <linkpointer kind="scs"
                         xmlPath="SUBSTANCEADMINISTRATIONEVENT_HEAD.PERTINENTINFORMATION100_2.OBSERVATION_21.code_codeSystem"/>
         </source>
         <target>
            <linkpointer kind="h3s"
                         xmlPath="SubstanceAdministrationEvent.pertinentInformation100.observation.code.codeSystem"/>
         </target>
      </link>
      <link>
         <source>
            <linkpointer kind="scs"
                         xmlPath="SUBSTANCEADMINISTRATIONEVENT_HEAD.PERTINENTINFORMATION100_2.OBSERVATION_21.code_codeSystemName"/>
         </source>
         <target>
            <linkpointer kind="h3s"
                         xmlPath="SubstanceAdministrationEvent.pertinentInformation100.observation.code.codeSystemName"/>
         </target>
      </link>
      <link>
         <source>
            <linkpointer kind="scs"
                         xmlPath="SUBSTANCEADMINISTRATIONEVENT_HEAD.PERTINENTINFORMATION100_2.OBSERVATION_21.code_displayName"/>
         </source>
         <target>
            <linkpointer kind="h3s"
                         xmlPath="SubstanceAdministrationEvent.pertinentInformation100.observation.code.displayName"/>
         </target>
      </link>
      <link>
         <source>
            <linkpointer kind="scs"
                         xmlPath="SUBSTANCEADMINISTRATIONEVENT_HEAD.PERTINENTINFORMATION100_2.OBSERVATION_21.statusCode_code"/>
         </source>
         <target>
            <linkpointer kind="h3s"
                         xmlPath="SubstanceAdministrationEvent.pertinentInformation100.observation.statusCode.code"/>
         </target>
      </link>
      <link>
         <source>
            <linkpointer kind="scs"
                         xmlPath="SUBSTANCEADMINISTRATIONEVENT_HEAD.PERTINENTINFORMATION100_2.OBSERVATION_21.effectiveTime_value"/>
         </source>
         <target>
            <linkpointer kind="h3s"
                         xmlPath="SubstanceAdministrationEvent.pertinentInformation100.observation.effectiveTime.value"/>
         </target>
      </link>
      <link>
         <source>
            <linkpointer kind="scs"
                         xmlPath="SUBSTANCEADMINISTRATIONEVENT_HEAD.PERTINENTINFORMATION100_2.OBSERVATION_21.priorityCode_code"/>
         </source>
         <target>
            <linkpointer kind="h3s"
                         xmlPath="SubstanceAdministrationEvent.pertinentInformation100.observation.priorityCode.code"/>
         </target>
      </link>
      <link>
         <source>
            <linkpointer kind="scs"
                         xmlPath="SUBSTANCEADMINISTRATIONEVENT_HEAD.PERTINENTINFORMATION100_2.OBSERVATION_21.priorityCode_codeSystem"/>
         </source>
         <target>
            <linkpointer kind="h3s"
                         xmlPath="SubstanceAdministrationEvent.pertinentInformation100.observation.priorityCode.codeSystem"/>
         </target>
      </link>
      <link>
         <source>
            <linkpointer kind="scs"
                         xmlPath="SUBSTANCEADMINISTRATIONEVENT_HEAD.PERTINENTINFORMATION100_2.OBSERVATION_21.priorityCode_codeSystemName"/>
         </source>
         <target>
            <linkpointer kind="h3s"
                         xmlPath="SubstanceAdministrationEvent.pertinentInformation100.observation.priorityCode.codeSystemName"/>
         </target>
      </link>
      <link>
         <source>
            <linkpointer kind="scs"
                         xmlPath="SUBSTANCEADMINISTRATIONEVENT_HEAD.PERTINENTINFORMATION100_2.OBSERVATION_21.priorityCode_displayName"/>
         </source>
         <target>
            <linkpointer kind="h3s"
                         xmlPath="SubstanceAdministrationEvent.pertinentInformation100.observation.priorityCode.displayName"/>
         </target>
      </link>
      <link>
         <source>
            <linkpointer kind="scs"
                         xmlPath="SUBSTANCEADMINISTRATIONEVENT_HEAD.PERTINENTINFORMATION100_2.OBSERVATION_21.languageCode_code"/>
         </source>
         <target>
            <linkpointer kind="h3s"
                         xmlPath="SubstanceAdministrationEvent.pertinentInformation100.observation.languageCode.code"/>
         </target>
      </link>
      <link>
         <source>
            <linkpointer kind="scs"
                         xmlPath="SUBSTANCEADMINISTRATIONEVENT_HEAD.PERTINENTINFORMATION100_2.OBSERVATION_21.interpretationCode00_code"/>
         </source>
         <target>
            <linkpointer kind="h3s"
                         xmlPath="SubstanceAdministrationEvent.pertinentInformation100.observation.interpretationCode00.code"/>
         </target>
      </link>
      <link>
         <source>
            <linkpointer kind="scs"
                         xmlPath="SUBSTANCEADMINISTRATIONEVENT_HEAD.PERTINENTINFORMATION100_2.OBSERVATION_21.interpretationCode00_codeSystem"/>
         </source>
         <target>
            <linkpointer kind="h3s"
                         xmlPath="SubstanceAdministrationEvent.pertinentInformation100.observation.interpretationCode00.codeSystem"/>
         </target>
      </link>
      <link>
         <source>
            <linkpointer kind="scs"
                         xmlPath="SUBSTANCEADMINISTRATIONEVENT_HEAD.PERTINENTINFORMATION100_2.OBSERVATION_21.interpretationCode00_codeSystemName"/>
         </source>
         <target>
            <linkpointer kind="h3s"
                         xmlPath="SubstanceAdministrationEvent.pertinentInformation100.observation.interpretationCode00.codeSystemName"/>
         </target>
      </link>
      <link>
         <source>
            <linkpointer kind="scs"
                         xmlPath="SUBSTANCEADMINISTRATIONEVENT_HEAD.PERTINENTINFORMATION100_2.OBSERVATION_21.interpretationCode00_displayName"/>
         </source>
         <target>
            <linkpointer kind="h3s"
                         xmlPath="SubstanceAdministrationEvent.pertinentInformation100.observation.interpretationCode00.displayName"/>
         </target>
      </link>
      <link>
         <source>
            <linkpointer kind="scs"
                         xmlPath="SUBSTANCEADMINISTRATIONEVENT_HEAD.PERTINENTINFORMATION100_2.OBSERVATION_21.methodCode_code"/>
         </source>
         <target>
            <linkpointer kind="h3s"
                         xmlPath="SubstanceAdministrationEvent.pertinentInformation100.observation.methodCode.code"/>
         </target>
      </link>
      <link>
         <source>
            <linkpointer kind="scs"
                         xmlPath="SUBSTANCEADMINISTRATIONEVENT_HEAD.PERTINENTINFORMATION100_2.OBSERVATION_21.methodCode_codeSystem"/>
         </source>
         <target>
            <linkpointer kind="h3s"
                         xmlPath="SubstanceAdministrationEvent.pertinentInformation100.observation.methodCode.codeSystem"/>
         </target>
      </link>
      <link>
         <source>
            <linkpointer kind="scs"
                         xmlPath="SUBSTANCEADMINISTRATIONEVENT_HEAD.PERTINENTINFORMATION100_2.OBSERVATION_21.methodCode_codeSystemName"/>
         </source>
         <target>
            <linkpointer kind="h3s"
                         xmlPath="SubstanceAdministrationEvent.pertinentInformation100.observation.methodCode.codeSystemName"/>
         </target>
      </link>
      <link>
         <source>
            <linkpointer kind="scs"
                         xmlPath="SUBSTANCEADMINISTRATIONEVENT_HEAD.PERTINENTINFORMATION100_2.OBSERVATION_21.methodCode_displayName"/>
         </source>
         <target>
            <linkpointer kind="h3s"
                         xmlPath="SubstanceAdministrationEvent.pertinentInformation100.observation.methodCode.displayName"/>
         </target>
      </link>
      <link>
         <source>
            <linkpointer kind="scs"
                         xmlPath="SUBSTANCEADMINISTRATIONEVENT_HEAD.PERTINENTINFORMATION100_2.OBSERVATION_21.targetSiteCode_code"/>
         </source>
         <target>
            <linkpointer kind="h3s"
                         xmlPath="SubstanceAdministrationEvent.pertinentInformation100.observation.targetSiteCode.code"/>
         </target>
      </link>
      <link>
         <source>
            <linkpointer kind="scs"
                         xmlPath="SUBSTANCEADMINISTRATIONEVENT_HEAD.PERTINENTINFORMATION100_2.OBSERVATION_21.targetSiteCode_codeSystem"/>
         </source>
         <target>
            <linkpointer kind="h3s"
                         xmlPath="SubstanceAdministrationEvent.pertinentInformation100.observation.targetSiteCode.codeSystem"/>
         </target>
      </link>
      <link>
         <source>
            <linkpointer kind="scs"
                         xmlPath="SUBSTANCEADMINISTRATIONEVENT_HEAD.PERTINENTINFORMATION100_2.OBSERVATION_21.targetSiteCode_codeSystemName"/>
         </source>
         <target>
            <linkpointer kind="h3s"
                         xmlPath="SubstanceAdministrationEvent.pertinentInformation100.observation.targetSiteCode.codeSystemName"/>
         </target>
      </link>
      <link>
         <source>
            <linkpointer kind="scs"
                         xmlPath="SUBSTANCEADMINISTRATIONEVENT_HEAD.PERTINENTINFORMATION100_2.OBSERVATION_21.targetSiteCode_displayName"/>
         </source>
         <target>
            <linkpointer kind="h3s"
                         xmlPath="SubstanceAdministrationEvent.pertinentInformation100.observation.targetSiteCode.displayName"/>
         </target>
      </link>
      <link>
         <source>
            <linkpointer kind="scs"
                         xmlPath="SUBSTANCEADMINISTRATIONEVENT_HEAD.PERTINENTINFORMATION100_2.OBSERVATION_21.AUTHOR00_211.typeCode"/>
         </source>
         <target>
            <linkpointer kind="h3s"
                         xmlPath="SubstanceAdministrationEvent.pertinentInformation100.observation.author00.typeCode"/>
         </target>
      </link>
      <link>
         <source>
            <linkpointer kind="scs"
                         xmlPath="SUBSTANCEADMINISTRATIONEVENT_HEAD.PERTINENTINFORMATION100_2.OBSERVATION_21.AUTHOR00_211.contextControlCode"/>
         </source>
         <target>
            <linkpointer kind="h3s"
                         xmlPath="SubstanceAdministrationEvent.pertinentInformation100.observation.author00.contextControlCode"/>
         </target>
      </link>
      <link>
         <source>
            <linkpointer kind="scs"
                         xmlPath="SUBSTANCEADMINISTRATIONEVENT_HEAD.PERTINENTINFORMATION100_2.OBSERVATION_21.AUTHOR00_211.time_value"/>
         </source>
         <target>
            <linkpointer kind="h3s"
                         xmlPath="SubstanceAdministrationEvent.pertinentInformation100.observation.author00.time.value"/>
         </target>
      </link>
      <link>
         <source>
            <linkpointer kind="scs"
                         xmlPath="SUBSTANCEADMINISTRATIONEVENT_HEAD.PERTINENTINFORMATION100_2.OBSERVATION_21.AUTHOR00_211.modeCode_code"/>
         </source>
         <target>
            <linkpointer kind="h3s"
                         xmlPath="SubstanceAdministrationEvent.pertinentInformation100.observation.author00.modeCode.code"/>
         </target>
      </link>
      <link>
         <source>
            <linkpointer kind="scs"
                         xmlPath="SUBSTANCEADMINISTRATIONEVENT_HEAD.PERTINENTINFORMATION100_2.OBSERVATION_21.AUTHOR00_211.modeCode_codeSystem"/>
         </source>
         <target>
            <linkpointer kind="h3s"
                         xmlPath="SubstanceAdministrationEvent.pertinentInformation100.observation.author00.modeCode.codeSystem"/>
         </target>
      </link>
      <link>
         <source>
            <linkpointer kind="scs"
                         xmlPath="SUBSTANCEADMINISTRATIONEVENT_HEAD.PERTINENTINFORMATION100_2.OBSERVATION_21.AUTHOR00_211.modeCode_codeSystemName"/>
         </source>
         <target>
            <linkpointer kind="h3s"
                         xmlPath="SubstanceAdministrationEvent.pertinentInformation100.observation.author00.modeCode.codeSystemName"/>
         </target>
      </link>
      <link>
         <source>
            <linkpointer kind="scs"
                         xmlPath="SUBSTANCEADMINISTRATIONEVENT_HEAD.PERTINENTINFORMATION100_2.OBSERVATION_21.AUTHOR00_211.modeCode_displayName"/>
         </source>
         <target>
            <linkpointer kind="h3s"
                         xmlPath="SubstanceAdministrationEvent.pertinentInformation100.observation.author00.modeCode.displayName"/>
         </target>
      </link>
      <link>
         <source>
            <linkpointer kind="scs"
                         xmlPath="SUBSTANCEADMINISTRATIONEVENT_HEAD.PERTINENTINFORMATION100_2.OBSERVATION_21.AUTHOR00_211.signatureCode_code"/>
         </source>
         <target>
            <linkpointer kind="h3s"
                         xmlPath="SubstanceAdministrationEvent.pertinentInformation100.observation.author00.signatureCode.code"/>
         </target>
      </link>
      <link>
         <source>
            <linkpointer kind="scs"
                         xmlPath="SUBSTANCEADMINISTRATIONEVENT_HEAD.PERTINENTINFORMATION100_2.OBSERVATION_21.AUTHOR00_211.signatureCode_codeSystem"/>
         </source>
         <target>
            <linkpointer kind="h3s"
                         xmlPath="SubstanceAdministrationEvent.pertinentInformation100.observation.author00.signatureCode.codeSystem"/>
         </target>
      </link>
      <link>
         <source>
            <linkpointer kind="scs"
                         xmlPath="SUBSTANCEADMINISTRATIONEVENT_HEAD.PERTINENTINFORMATION100_2.OBSERVATION_21.AUTHOR00_211.signatureCode_codeSystemName"/>
         </source>
         <target>
            <linkpointer kind="h3s"
                         xmlPath="SubstanceAdministrationEvent.pertinentInformation100.observation.author00.signatureCode.codeSystemName"/>
         </target>
      </link>
      <link>
         <source>
            <linkpointer kind="scs"
                         xmlPath="SUBSTANCEADMINISTRATIONEVENT_HEAD.PERTINENTINFORMATION100_2.OBSERVATION_21.AUTHOR00_211.signatureCode_displayName"/>
         </source>
         <target>
            <linkpointer kind="h3s"
                         xmlPath="SubstanceAdministrationEvent.pertinentInformation100.observation.author00.signatureCode.displayName"/>
         </target>
      </link>
      <link>
         <source>
            <linkpointer kind="scs"
                         xmlPath="SUBSTANCEADMINISTRATIONEVENT_HEAD.PERTINENTINFORMATION100_2.OBSERVATION_21.AUTHOR00_211.ASSOCIATEDPERSON_2111.classCode"/>
         </source>
         <target>
            <linkpointer kind="h3s"
                         xmlPath="SubstanceAdministrationEvent.pertinentInformation100.observation.author00.associatedPerson.classCode"/>
         </target>
      </link>
      <link>
         <source>
            <linkpointer kind="scs"
                         xmlPath="SUBSTANCEADMINISTRATIONEVENT_HEAD.PERTINENTINFORMATION100_2.OBSERVATION_21.AUTHOR00_211.ASSOCIATEDPERSON_2111.id_root"/>
         </source>
         <target>
            <linkpointer kind="h3s"
                         xmlPath="SubstanceAdministrationEvent.pertinentInformation100.observation.author00.associatedPerson.id.root"/>
         </target>
      </link>
      <link>
         <source>
            <linkpointer kind="scs"
                         xmlPath="SUBSTANCEADMINISTRATIONEVENT_HEAD.PERTINENTINFORMATION100_2.OBSERVATION_21.AUTHOR00_211.ASSOCIATEDPERSON_2111.id_extension"/>
         </source>
         <target>
            <linkpointer kind="h3s"
                         xmlPath="SubstanceAdministrationEvent.pertinentInformation100.observation.author00.associatedPerson.id.extension"/>
         </target>
      </link>
      <link>
         <source>
            <linkpointer kind="scs"
                         xmlPath="SUBSTANCEADMINISTRATIONEVENT_HEAD.PERTINENTINFORMATION100_2.OBSERVATION_21.AUTHOR00_211.ASSOCIATEDPERSON_2111.id_assigningAuthorityName"/>
         </source>
         <target>
            <linkpointer kind="h3s"
                         xmlPath="SubstanceAdministrationEvent.pertinentInformation100.observation.author00.associatedPerson.id.assigningAuthorityName"/>
         </target>
      </link>
      <link>
         <source>
            <linkpointer kind="scs"
                         xmlPath="SUBSTANCEADMINISTRATIONEVENT_HEAD.PERTINENTINFORMATION100_2.OBSERVATION_21.text_inlineText"/>
         </source>
         <target>
            <linkpointer kind="h3s"
                         xmlPath="SubstanceAdministrationEvent.pertinentInformation100.observation.text.inlineText"/>
         </target>
      </link>
      <link>
         <source>
            <linkpointer kind="function" xmlPath="function.3.outputs.0"/>
         </source>
         <target>
            <linkpointer kind="h3s" xmlPath="SubstanceAdministrationEvent.effectiveTime.low.value"/>
         </target>
      </link>
      <link>
         <source>
            <linkpointer kind="function" xmlPath="function.5.outputs.1"/>
         </source>
         <target>
            <linkpointer kind="h3s" xmlPath="SubstanceAdministrationEvent.effectiveTime.high.nullFlavor"/>
         </target>
      </link>
      <link>
         <source>
            <linkpointer kind="function" xmlPath="function.5.outputs.0"/>
         </source>
         <target>
            <linkpointer kind="h3s" xmlPath="SubstanceAdministrationEvent.effectiveTime.high.value"/>
         </target>
      </link>
      <link>
         <source>
            <linkpointer kind="function" xmlPath="function.4.outputs.0"/>
         </source>
         <target>
            <linkpointer kind="function" xmlPath="function.5.inputs.2"/>
         </target>
      </link>
      <link>
         <source>
            <linkpointer kind="function" xmlPath="function.6.outputs.0"/>
         </source>
         <target>
            <linkpointer kind="function" xmlPath="function.5.inputs.0"/>
         </target>
      </link>
   </links>
   <views>
      <view component-id="source.scs.0" height="0" width="0" x="0" y="0"/>
      <view component-id="target.h3s.0" height="0" width="0" x="0" y="0"/>
      <view component-id="function.3" height="49" width="109" x="132" y="234"/>
      <view component-id="function.4" height="49" width="109" x="0" y="276"/>
      <view component-id="function.5" height="91" width="181" x="72" y="126"/>
      <view component-id="function.6" height="49" width="109" x="0" y="60"/>
   </views>
</mapping>