<?xml version="1.0" encoding="UTF-8"?>
<mapping version="1.2">
   <components>
      <component kind="scs" location="{caAdapter_Home}\components\hl7Transformation\test\data\Transformation\Functions\math\150003.scs" type="source"/>
      <component kind="h3s" location="{caAdapter_Home}\components\hl7Transformation\test\data\Transformation\Functions\math\150003.h3s" type="target"/>
      <component group="math" kind="core" name="Divide" type="function" id="51"/>
      <component group="math" kind="core" name="Subtract" type="function" id="47"/>
      <component group="math" kind="core" name="Multiply" type="function" id="49"/>
      <component group="constant" kind="core" name="constant" type="function" id="50">
         <data type="Integer" value="2"/>
      </component>
      <component group="math" kind="core" name="Round" type="function" id="48"/>
   </components>
   <links>
      <link>
         <source>
            <linkpointer kind="scs" xmlPath="ORGS.PERSAD.Zip_Code"/>
         </source>
         <target>
            <linkpointer kind="function" xmlPath="function.47.inputs.1"/>
         </target>
      </link>
      <link>
         <source>
            <linkpointer kind="scs" xmlPath="ORGS.ORGAD.Zip_Code"/>
         </source>
         <target>
            <linkpointer kind="function" xmlPath="function.47.inputs.0"/>
         </target>
      </link>
      <link>
         <source>
            <linkpointer kind="function" xmlPath="function.47.outputs.0"/>
         </source>
         <target>
            <linkpointer kind="h3s" xmlPath="Organization.id00.assigningAuthorityName"/>
         </target>
      </link>
      <link>
         <source>
            <linkpointer kind="scs" xmlPath="ORGS.ORGAD.Zip_Code"/>
         </source>
         <target>
            <linkpointer kind="function" xmlPath="function.48.inputs.0"/>
         </target>
      </link>
      <link>
         <source>
            <linkpointer kind="function" xmlPath="function.50.outputs.0"/>
         </source>
         <target>
            <linkpointer kind="function" xmlPath="function.48.inputs.1"/>
         </target>
      </link>
      <link>
         <source>
            <linkpointer kind="function" xmlPath="function.48.outputs.0"/>
         </source>
         <target>
            <linkpointer kind="h3s" xmlPath="Organization.id00.extension"/>
         </target>
      </link>
      <link>
         <source>
            <linkpointer kind="scs" xmlPath="ORGS.ORGAD.Zip_Code"/>
         </source>
         <target>
            <linkpointer kind="function" xmlPath="function.49.inputs.0"/>
         </target>
      </link>
      <link>
         <source>
            <linkpointer kind="scs" xmlPath="ORGS.PERSAD.Zip_Code"/>
         </source>
         <target>
            <linkpointer kind="function" xmlPath="function.49.inputs.1"/>
         </target>
      </link>
      <link>
         <source>
            <linkpointer kind="function" xmlPath="function.49.outputs.0"/>
         </source>
         <target>
            <linkpointer kind="h3s" xmlPath="Organization.id00.displayable"/>
         </target>
      </link>
      <link>
         <source>
            <linkpointer kind="scs" xmlPath="ORGS.ORGAD.Zip_Code"/>
         </source>
         <target>
            <linkpointer kind="function" xmlPath="function.51.inputs.0"/>
         </target>
      </link>
      <link>
         <source>
            <linkpointer kind="scs" xmlPath="ORGS.PERSAD.Zip_Code"/>
         </source>
         <target>
            <linkpointer kind="function" xmlPath="function.51.inputs.1"/>
         </target>
      </link>
      <link>
         <source>
            <linkpointer kind="function" xmlPath="function.51.outputs.0"/>
         </source>
         <target>
            <linkpointer kind="h3s" xmlPath="Organization.id00.root"/>
         </target>
      </link>
   </links>
   <views>
      <view component-id="source.scs.0" height="0" width="0" x="0" y="0"/>
      <view component-id="target.h3s.0" height="0" width="0" x="0" y="0"/>
      <view component-id="function.51" height="67" width="109" x="150" y="348"/>
      <view component-id="function.47" height="67" width="109" x="96" y="12"/>
      <view component-id="function.49" height="67" width="97" x="150" y="210"/>
      <view component-id="function.50" height="43" width="109" x="78" y="126"/>
      <view component-id="function.48" height="67" width="109" x="210" y="138"/>
   </views>
</mapping>