<?xml version="1.0" encoding="UTF-8"?>
<mapping type="V2_TO_V3" version="1.2">
   <components>
      <component kind="2.5" location="C:\eclipseJ2ee\workspace\hl7v2xsd\2.5\ADT_A01.xsd"
                 type="source"/>
      <component kind="h3s" location="{caAdapter_Home}\workingspace\V2Meta_to_V3\150003.h3s"
                 type="target"/>
      <component group="constant" kind="core" name="constant" type="function" id="6">
         <data type="Integer" value="10222008"/>
      </component>
      <component group="string" kind="core" name="Concatenate" type="function" id="7"/>
   </components>
   <links>
      <link>
         <source>
            <linkpointer kind="v2" xmlPath="ADT_A01.MSH.MSH.3.HD.1"/>
         </source>
         <target>
            <linkpointer kind="h3s" xmlPath="Organization.classCode"/>
         </target>
      </link>
      <link>
         <source>
            <linkpointer kind="v2" xmlPath="ADT_A01.MSH.MSH.4.HD.1"/>
         </source>
         <target>
            <linkpointer kind="h3s" xmlPath="Organization.determinerCode"/>
         </target>
      </link>
      <link>
         <source>
            <linkpointer kind="v2" xmlPath="ADT_A01.NK1.NK1.1"/>
         </source>
         <target>
            <linkpointer kind="h3s" xmlPath="Organization.code.code"/>
         </target>
      </link>
      <link>
         <source>
            <linkpointer kind="v2" xmlPath="ADT_A01.NK1.NK1.2.XPN.2"/>
         </source>
         <target>
            <linkpointer kind="h3s" xmlPath="Organization.code.codeSystem"/>
         </target>
      </link>
      <link>
         <source>
            <linkpointer kind="v2" xmlPath="ADT_A01.NK1.NK1.2.XPN.1.FN.1"/>
         </source>
         <target>
            <linkpointer kind="h3s" xmlPath="Organization.code.codeSystemName"/>
         </target>
      </link>
      <link>
         <source>
            <linkpointer kind="v2" xmlPath="ADT_A01.PV1.PV1.2"/>
         </source>
         <target>
            <linkpointer kind="h3s" xmlPath="Organization.name00.use"/>
         </target>
      </link>
      <link>
         <source>
            <linkpointer kind="v2" xmlPath="ADT_A01.PV1.PV1.3.PL.1"/>
         </source>
         <target>
            <linkpointer kind="h3s" xmlPath="Organization.name00.inlineText"/>
         </target>
      </link>
      <link>
         <source>
            <linkpointer kind="v2" xmlPath="ADT_A01.PV1.PV1.7.XCN.1"/>
         </source>
         <target>
            <linkpointer kind="h3s" xmlPath="Organization.name00.family.representation"/>
         </target>
      </link>
      <link>
         <source>
            <linkpointer kind="v2" xmlPath="ADT_A01.PV1.PV1.7.XCN.2.FN.1"/>
         </source>
         <target>
            <linkpointer kind="h3s" xmlPath="Organization.name00.family.inlineText"/>
         </target>
      </link>
      <link>
         <source>
            <linkpointer kind="v2" xmlPath="ADT_A01.PV1.PV1.8.XCN.1"/>
         </source>
         <target>
            <linkpointer kind="h3s" xmlPath="Organization.name00.given.mediaType"/>
         </target>
      </link>
      <link>
         <source>
            <linkpointer kind="v2" xmlPath="ADT_A01.PV1.PV1.8.XCN.2.FN.1"/>
         </source>
         <target>
            <linkpointer kind="h3s" xmlPath="Organization.name00.given.inlineText"/>
         </target>
      </link>
      <link>
         <source>
            <linkpointer kind="v2" xmlPath="ADT_A01.ROL.ROL.2"/>
         </source>
         <target>
            <linkpointer kind="h3s" xmlPath="Organization.contactParty00.classCode"/>
         </target>
      </link>
      <link>
         <source>
            <linkpointer kind="v2" xmlPath="ADT_A01.OBX.OBX.1"/>
         </source>
         <target>
            <linkpointer kind="h3s" xmlPath="Organization.contactParty00.code.code"/>
         </target>
      </link>
      <link>
         <source>
            <linkpointer kind="v2" xmlPath="ADT_A01.OBX.OBX.5"/>
         </source>
         <target>
            <linkpointer kind="h3s" xmlPath="Organization.contactParty00.code.codeSystemVersion"/>
         </target>
      </link>
      <link>
         <source>
            <linkpointer kind="function" xmlPath="function.6.outputs.0"/>
         </source>
         <target>
            <linkpointer kind="h3s" xmlPath="Organization.id00.extension"/>
         </target>
      </link>
      <link>
         <source>
            <linkpointer kind="v2" xmlPath="ADT_A01.EVN.EVN.2.TS.1"/>
         </source>
         <target>
            <linkpointer kind="function" xmlPath="function.7.inputs.0"/>
         </target>
      </link>
      <link>
         <source>
            <linkpointer kind="v2" xmlPath="ADT_A01.EVN.EVN.3.TS.1"/>
         </source>
         <target>
            <linkpointer kind="function" xmlPath="function.7.inputs.1"/>
         </target>
      </link>
      <link>
         <source>
            <linkpointer kind="function" xmlPath="function.7.outputs.0"/>
         </source>
         <target>
            <linkpointer kind="h3s" xmlPath="Organization.id00.root"/>
         </target>
      </link>
      <link>
         <source>
            <linkpointer kind="v2" xmlPath="ADT_A01.PID.PID.13.XTN.1"/>
         </source>
         <target>
            <linkpointer kind="h3s"
                         xmlPath="Organization.contactParty00.contactPerson.name00.inlineText"/>
         </target>
      </link>
   </links>
   <views>
      <view component-id="source.2.5.0" height="0" width="0" x="0" y="0"/>
      <view component-id="target.h3s.0" height="0" width="0" x="0" y="0"/>
      <view component-id="function.6" height="49" width="109" x="132" y="108"/>
      <view component-id="function.7" height="67" width="91" x="24" y="162"/>
   </views>
</mapping>