<?xml version="1.0" encoding="UTF-8"?>
<mapping type="" version="1.2">
   <components>
      <component kind="scs" location="{caAdapter_Home}\workingspace\V2Meta_to_V3\ADT_A03.scs"
                 type="source"/>
      <component group="copyrightYears_" kind="h3s"
                 location="{caAdapter_Home}\workingspace\V2Meta_to_V3\PRPA_MT402002_2008.h3s"
                 type="target"/>
      <component group="vocabulary" kind="core" name="translateValue" type="function" id="17">
         <data type="VOM_File_Local"
               value="{caAdapter_Home}\workingspace\V2Meta_to_V3\A03_TO_402003.vom?@DiseaseCodingSystemOID"/>
      </component>
      <component group="constant" kind="core" name="constant" type="function" id="18">
         <data type="String" value="2.16.840.1.113883.12.112"/>
      </component>
      <component group="constant" kind="core" name="constant" type="function" id="19">
         <data type="String" value="Complete"/>
      </component>
      <component group="constant" kind="core" name="constant" type="function" id="20">
         <data type="String" value="x_EncounterAdmissionUrgency"/>
      </component>
      <component group="constant" kind="core" name="constant" type="function" id="21">
         <data type="String" value="2.16.840.1.113883.11.19457"/>
      </component>
      <component group="constant" kind="core" name="constant" type="function" id="22">
         <data type="String" value="2.16.840.1.113883.11.16228"/>
      </component>
      <component group="constant" kind="core" name="constant" type="function" id="23">
         <data type="String" value="false"/>
      </component>
      <component group="constant" kind="core" name="constant" type="function" id="24">
         <data type="String" value="2.16.840.1.113883.11.13953"/>
      </component>
      <component group="vocabulary" kind="core" name="translateValue" type="function" id="25">
         <data type="VOM_File_Local"
               value="{caAdapter_Home}\workingspace\V2Meta_to_V3\A03_TO_402003.vom?@DiseaseCodingSystemCodeName"/>
      </component>
      <component group="vocabulary" kind="core" name="translateValue" type="function" id="26">
         <data type="VOM_File_Local"
               value="{caAdapter_Home}\workingspace\V2Meta_to_V3\A03_TO_402003.vom?@AdmissionType"/>
      </component>
      <component group="constant" kind="core" name="constant" type="function" id="27">
         <data type="String" value="ActCode"/>
      </component>
      <component group="constant" kind="core" name="constant" type="function" id="28">
         <data type="String" value="2.16.840.1.113883.13.1546"/>
      </component>
      <component group="constant" kind="core" name="constant" type="function" id="29">
         <data type="String" value="completed"/>
      </component>
      <component group="constant" kind="core" name="constant" type="function" id="30">
         <data type="String" value="IMP"/>
      </component>
      <component group="constant" kind="core" name="constant" type="function" id="31">
         <data type="String" value="Discharge"/>
      </component>
      <component group="constant" kind="core" name="constant" type="function" id="32">
         <data type="String" value="ObservationDiagnosisTypes"/>
      </component>
      <component group="constant" kind="core" name="constant" type="function" id="33">
         <data type="String" value="123-321"/>
      </component>
      <component group="constant" kind="core" name="constant" type="function" id="34">
         <data type="String" value="2.16.840.1.113883.13.1546"/>
      </component>
      <component group="vocabulary" kind="core" name="translateValue" type="function" id="35">
         <data type="VOM_File_Local"
               value="{caAdapter_Home}\workingspace\V2Meta_to_V3\A03_TO_402003.vom?@DiagnosisType"/>
      </component>
      <component group="constant" kind="core" name="constant" type="function" id="36">
         <data type="String" value="2.16.840.1.113883.11.16228"/>
      </component>
      <component group="constant" kind="core" name="constant" type="function" id="37">
         <data type="String" value="DISDX"/>
      </component>
      <component group="constant" kind="core" name="constant" type="function" id="38">
         <data type="String" value="completed"/>
      </component>
      <component group="constant" kind="core" name="constant" type="function" id="39">
         <data type="String" value="2.16.840.1.113883.13.1637"/>
      </component>
      <component group="vocabulary" kind="core" name="translateValue" type="function" id="40">
         <data type="VOM_File_Local"
               value="{caAdapter_Home}\workingspace\V2Meta_to_V3\A03_TO_402003.vom?@DiseaseCodingSystemCodeName"/>
      </component>
      <component group="vocabulary" kind="core" name="translateValue" type="function" id="41">
         <data type="VOM_File_Local"
               value="{caAdapter_Home}\workingspace\V2Meta_to_V3\A03_TO_402003.vom?@DiseaseCodingSystemOID"/>
      </component>
      <component group="constant" kind="core" name="constant" type="function" id="42">
         <data type="String" value="2.16.840.1.113883.13.1654"/>
      </component>
      <component group="vocabulary" kind="core" name="translateValue" type="function" id="43">
         <data type="VOM_File_Local"
               value="{caAdapter_Home}\workingspace\V2Meta_to_V3\A03_TO_402003.vom?@AdministrativeGender"/>
      </component>
   </components>
   <links>
      <link>
         <source>
            <linkpointer kind="scs"
                         xmlPath="ADT_A03.PID.PID3_CX_PATIENT_IDENTIFIER_LIST.C4_ZHD1_assigning_authority_S1_IS_namespace_ID"/>
         </source>
         <target>
            <linkpointer kind="h3s" xmlPath="EncounterEvent.id00.assigningAuthorityName"/>
         </target>
      </link>
      <link>
         <source>
            <linkpointer kind="scs" xmlPath="ADT_A03.PID.PID3_CX_PATIENT_IDENTIFIER_LIST.C1_ST_ID"/>
         </source>
         <target>
            <linkpointer kind="h3s" xmlPath="EncounterEvent.id00.extension"/>
         </target>
      </link>
      <link>
         <source>
            <linkpointer kind="scs"
                         xmlPath="ADT_A03.PID.PID3_CX_PATIENT_IDENTIFIER_LIST.C4_ZHD1_assigning_authority_S2_ST_universal_ID"/>
         </source>
         <target>
            <linkpointer kind="h3s" xmlPath="EncounterEvent.id00.root"/>
         </target>
      </link>
      <link>
         <source>
            <linkpointer kind="function" xmlPath="function.24.outputs.0"/>
         </source>
         <target>
            <linkpointer kind="h3s" xmlPath="EncounterEvent.code.codeSystem"/>
         </target>
      </link>
      <link>
         <source>
            <linkpointer kind="function" xmlPath="function.27.outputs.0"/>
         </source>
         <target>
            <linkpointer kind="h3s" xmlPath="EncounterEvent.code.codeSystemName"/>
         </target>
      </link>
      <link>
         <source>
            <linkpointer kind="function" xmlPath="function.30.outputs.0"/>
         </source>
         <target>
            <linkpointer kind="h3s" xmlPath="EncounterEvent.code.code"/>
         </target>
      </link>
      <link>
         <source>
            <linkpointer kind="function" xmlPath="function.19.outputs.0"/>
         </source>
         <target>
            <linkpointer kind="h3s" xmlPath="EncounterEvent.statusCode.code"/>
         </target>
      </link>
      <link>
         <source>
            <linkpointer kind="scs"
                         xmlPath="ADT_A03.PV1.PV145_TS_DISCHARGE_DATE_TIME.Discharge_Date_Time"/>
         </source>
         <target>
            <linkpointer kind="h3s" xmlPath="EncounterEvent.effectiveTime.value"/>
         </target>
      </link>
      <link>
         <source>
            <linkpointer kind="scs" xmlPath="ADT_A03.PV1.PV144_TS_ADMIT_DATE_TIME.Admit_Date_Time"/>
         </source>
         <target>
            <linkpointer kind="h3s" xmlPath="EncounterEvent.activityTime.value"/>
         </target>
      </link>
      <link>
         <source>
            <linkpointer kind="function" xmlPath="function.21.outputs.0"/>
         </source>
         <target>
            <linkpointer kind="h3s" xmlPath="EncounterEvent.priorityCode.codeSystem"/>
         </target>
      </link>
      <link>
         <source>
            <linkpointer kind="function" xmlPath="function.20.outputs.0"/>
         </source>
         <target>
            <linkpointer kind="h3s" xmlPath="EncounterEvent.priorityCode.codeSystemName"/>
         </target>
      </link>
      <link>
         <source>
            <linkpointer kind="function" xmlPath="function.26.outputs.0"/>
         </source>
         <target>
            <linkpointer kind="h3s" xmlPath="EncounterEvent.priorityCode.code"/>
         </target>
      </link>
      <link>
         <source>
            <linkpointer kind="scs" xmlPath="ADT_A03.PV1.PV14_IS_ADMISSION_TYPE.Admission_Type"/>
         </source>
         <target>
            <linkpointer kind="function" xmlPath="function.26.inputs.0"/>
         </target>
      </link>
      <link>
         <source>
            <linkpointer kind="function" xmlPath="function.18.outputs.0"/>
         </source>
         <target>
            <linkpointer kind="h3s" xmlPath="EncounterEvent.dischargeDispositionCode.codeSystem"/>
         </target>
      </link>
      <link>
         <source>
            <linkpointer kind="function" xmlPath="function.31.outputs.0"/>
         </source>
         <target>
            <linkpointer kind="h3s" xmlPath="EncounterEvent.dischargeDispositionCode.codeSystemName"/>
         </target>
      </link>
      <link>
         <source>
            <linkpointer kind="scs"
                         xmlPath="ADT_A03.PV1.PV136_IS_DISCHARGE_DISPOSITION.Discharge_Disposition"/>
         </source>
         <target>
            <linkpointer kind="h3s" xmlPath="EncounterEvent.dischargeDispositionCode.code"/>
         </target>
      </link>
      <link>
         <source>
            <linkpointer kind="scs"
                         xmlPath="ADT_A03.PID.PID3_CX_PATIENT_IDENTIFIER_LIST.C4_ZHD1_assigning_authority_S1_IS_namespace_ID"/>
         </source>
         <target>
            <linkpointer kind="h3s"
                         xmlPath="EncounterEvent.subject.patient00.id00.assigningAuthorityName"/>
         </target>
      </link>
      <link>
         <source>
            <linkpointer kind="scs" xmlPath="ADT_A03.PID.PID3_CX_PATIENT_IDENTIFIER_LIST.C1_ST_ID"/>
         </source>
         <target>
            <linkpointer kind="h3s" xmlPath="EncounterEvent.subject.patient00.id00.extension"/>
         </target>
      </link>
      <link>
         <source>
            <linkpointer kind="scs"
                         xmlPath="ADT_A03.PID.PID3_CX_PATIENT_IDENTIFIER_LIST.C4_ZHD1_assigning_authority_S2_ST_universal_ID"/>
         </source>
         <target>
            <linkpointer kind="h3s" xmlPath="EncounterEvent.subject.patient00.id00.root"/>
         </target>
      </link>
      <link>
         <source>
            <linkpointer kind="scs" xmlPath="ADT_A03.PID.PID11_XAD_PATIENT_ADDRESS.C3_ST_city"/>
         </source>
         <target>
            <linkpointer kind="h3s" xmlPath="EncounterEvent.subject.patient00.addr00.city.inlineText"/>
         </target>
      </link>
      <link>
         <source>
            <linkpointer kind="scs"
                         xmlPath="ADT_A03.PID.PID11_XAD_PATIENT_ADDRESS.C4_ST_state_or_province"/>
         </source>
         <target>
            <linkpointer kind="h3s" xmlPath="EncounterEvent.subject.patient00.addr00.state.inlineText"/>
         </target>
      </link>
      <link>
         <source>
            <linkpointer kind="scs"
                         xmlPath="ADT_A03.PID.PID11_XAD_PATIENT_ADDRESS.C1_SAD_street_address_S1_ST_street_or_mailing_address"/>
         </source>
         <target>
            <linkpointer kind="h3s"
                         xmlPath="EncounterEvent.subject.patient00.addr00.streetAddressLine.inlineText"/>
         </target>
      </link>
      <link>
         <source>
            <linkpointer kind="scs"
                         xmlPath="ADT_A03.PID.PID11_XAD_PATIENT_ADDRESS.C5_ST_zip_or_postal_code"/>
         </source>
         <target>
            <linkpointer kind="h3s"
                         xmlPath="EncounterEvent.subject.patient00.addr00.postalCode.inlineText"/>
         </target>
      </link>
      <link>
         <source>
            <linkpointer kind="scs" xmlPath="ADT_A03.PID.PID5_XPN_PATIENT_NAME.C4_ST_suffix_eg"/>
         </source>
         <target>
            <linkpointer kind="h3s"
                         xmlPath="EncounterEvent.subject.patient00.patientPerson.name00.suffix.inlineText"/>
         </target>
      </link>
      <link>
         <source>
            <linkpointer kind="scs"
                         xmlPath="ADT_A03.PID.PID5_XPN_PATIENT_NAME.C1_FN_family_name_S1_ST_surname"/>
         </source>
         <target>
            <linkpointer kind="h3s"
                         xmlPath="EncounterEvent.subject.patient00.patientPerson.name00.family.inlineText"/>
         </target>
      </link>
      <link>
         <source>
            <linkpointer kind="scs" xmlPath="ADT_A03.PID.PID5_XPN_PATIENT_NAME.C2_ST_given_name"/>
         </source>
         <target>
            <linkpointer kind="h3s"
                         xmlPath="EncounterEvent.subject.patient00.patientPerson.name00.given.inlineText"/>
         </target>
      </link>
      <link>
         <source>
            <linkpointer kind="scs" xmlPath="ADT_A03.PID.PID5_XPN_PATIENT_NAME.C5_ST_prefix_eg"/>
         </source>
         <target>
            <linkpointer kind="h3s"
                         xmlPath="EncounterEvent.subject.patient00.patientPerson.name00.prefix.inlineText"/>
         </target>
      </link>
      <link>
         <source>
            <linkpointer kind="scs" xmlPath="ADT_A03.PID.PID7_TS_DATE_TIME_OF_BIRTH.Date_Time_Of_Birth"/>
         </source>
         <target>
            <linkpointer kind="h3s"
                         xmlPath="EncounterEvent.subject.patient00.patientPerson.birthTime.value"/>
         </target>
      </link>
      <link>
         <source>
            <linkpointer kind="scs" xmlPath="ADT_A03.PV1.PV144_TS_ADMIT_DATE_TIME.Admit_Date_Time"/>
         </source>
         <target>
            <linkpointer kind="h3s" xmlPath="EncounterEvent.attender00.time.value"/>
         </target>
      </link>
      <link>
         <source>
            <linkpointer kind="function" xmlPath="function.33.outputs.0"/>
         </source>
         <target>
            <linkpointer kind="h3s" xmlPath="EncounterEvent.attender00.id00.extension"/>
         </target>
      </link>
      <link>
         <source>
            <linkpointer kind="function" xmlPath="function.28.outputs.0"/>
         </source>
         <target>
            <linkpointer kind="h3s" xmlPath="EncounterEvent.attender00.id00.root"/>
         </target>
      </link>
      <link>
         <source>
            <linkpointer kind="scs" xmlPath="ADT_A03.PV1.PV17_XCN_ATTENDING_DOCTOR.C1_ST_ID_number"/>
         </source>
         <target>
            <linkpointer kind="h3s" xmlPath="EncounterEvent.attender00.assignedPerson00.id00.extension"/>
         </target>
      </link>
      <link>
         <source>
            <linkpointer kind="function" xmlPath="function.34.outputs.0"/>
         </source>
         <target>
            <linkpointer kind="h3s" xmlPath="EncounterEvent.attender00.assignedPerson00.id00.root"/>
         </target>
      </link>
      <link>
         <source>
            <linkpointer kind="scs" xmlPath="ADT_A03.PV1.PV17_XCN_ATTENDING_DOCTOR.C5_ST_suffix_eg"/>
         </source>
         <target>
            <linkpointer kind="h3s"
                         xmlPath="EncounterEvent.attender00.assignedPerson00.assignedPerson.name00.suffix.inlineText"/>
         </target>
      </link>
      <link>
         <source>
            <linkpointer kind="scs"
                         xmlPath="ADT_A03.PV1.PV17_XCN_ATTENDING_DOCTOR.C2_FN_family_name_S1_ST_surname"/>
         </source>
         <target>
            <linkpointer kind="h3s"
                         xmlPath="EncounterEvent.attender00.assignedPerson00.assignedPerson.name00.family.inlineText"/>
         </target>
      </link>
      <link>
         <source>
            <linkpointer kind="scs" xmlPath="ADT_A03.PV1.PV17_XCN_ATTENDING_DOCTOR.C3_ST_given_name"/>
         </source>
         <target>
            <linkpointer kind="h3s"
                         xmlPath="EncounterEvent.attender00.assignedPerson00.assignedPerson.name00.given.inlineText"/>
         </target>
      </link>
      <link>
         <source>
            <linkpointer kind="scs" xmlPath="ADT_A03.PV1.PV17_XCN_ATTENDING_DOCTOR.C6_ST_prefix_eg"/>
         </source>
         <target>
            <linkpointer kind="h3s"
                         xmlPath="EncounterEvent.attender00.assignedPerson00.assignedPerson.name00.prefix.inlineText"/>
         </target>
      </link>
      <link>
         <source>
            <linkpointer kind="scs" xmlPath="ADT_A03.DG1.DG115_ID_DIAGNOSIS_PRIORITY.Diagnosis_Priority"/>
         </source>
         <target>
            <linkpointer kind="h3s" xmlPath="EncounterEvent.reason00.priorityNumber.value"/>
         </target>
      </link>
      <link>
         <source>
            <linkpointer kind="scs" xmlPath="ADT_A03.DG1"/>
         </source>
         <target>
            <linkpointer kind="h3s" xmlPath="EncounterEvent.reason00"/>
         </target>
      </link>
      <link>
         <source>
            <linkpointer kind="function" xmlPath="function.22.outputs.0"/>
         </source>
         <target>
            <linkpointer kind="h3s" xmlPath="EncounterEvent.reason00.observationDx.code.codeSystem"/>
         </target>
      </link>
      <link>
         <source>
            <linkpointer kind="function" xmlPath="function.32.outputs.0"/>
         </source>
         <target>
            <linkpointer kind="h3s" xmlPath="EncounterEvent.reason00.observationDx.code.codeSystemName"/>
         </target>
      </link>
      <link>
         <source>
            <linkpointer kind="function" xmlPath="function.35.outputs.0"/>
         </source>
         <target>
            <linkpointer kind="h3s" xmlPath="EncounterEvent.reason00.observationDx.code.code"/>
         </target>
      </link>
      <link>
         <source>
            <linkpointer kind="scs" xmlPath="ADT_A03.DG1.DG16_IS_DIAGNOSIS_TYPE.Diagnosis_Type"/>
         </source>
         <target>
            <linkpointer kind="function" xmlPath="function.35.inputs.0"/>
         </target>
      </link>
      <link>
         <source>
            <linkpointer kind="function" xmlPath="function.23.outputs.0"/>
         </source>
         <target>
            <linkpointer kind="h3s" xmlPath="EncounterEvent.reason00.observationDx.negationInd"/>
         </target>
      </link>
      <link>
         <source>
            <linkpointer kind="function" xmlPath="function.29.outputs.0"/>
         </source>
         <target>
            <linkpointer kind="h3s" xmlPath="EncounterEvent.reason00.observationDx.statusCode.code"/>
         </target>
      </link>
      <link>
         <source>
            <linkpointer kind="scs"
                         xmlPath="ADT_A03.DG1.DG15_TS_DIAGNOSIS_DATE_TIME.Diagnosis_Date_Time"/>
         </source>
         <target>
            <linkpointer kind="h3s" xmlPath="EncounterEvent.reason00.observationDx.effectiveTime.value"/>
         </target>
      </link>
      <link>
         <source>
            <linkpointer kind="function" xmlPath="function.17.outputs.0"/>
         </source>
         <target>
            <linkpointer kind="h3s" xmlPath="EncounterEvent.reason00.observationDx.value.codeSystem"/>
         </target>
      </link>
      <link>
         <source>
            <linkpointer kind="scs"
                         xmlPath="ADT_A03.DG1.DG13_CE_DIAGNOSIS_CODE_DG1.C3_IS_name_of_coding_system"/>
         </source>
         <target>
            <linkpointer kind="function" xmlPath="function.17.inputs.0"/>
         </target>
      </link>
      <link>
         <source>
            <linkpointer kind="function" xmlPath="function.25.outputs.0"/>
         </source>
         <target>
            <linkpointer kind="h3s" xmlPath="EncounterEvent.reason00.observationDx.value.codeSystemName"/>
         </target>
      </link>
      <link>
         <source>
            <linkpointer kind="scs"
                         xmlPath="ADT_A03.DG1.DG13_CE_DIAGNOSIS_CODE_DG1.C3_IS_name_of_coding_system"/>
         </source>
         <target>
            <linkpointer kind="function" xmlPath="function.25.inputs.0"/>
         </target>
      </link>
      <link>
         <source>
            <linkpointer kind="scs" xmlPath="ADT_A03.DG1.DG13_CE_DIAGNOSIS_CODE_DG1.C2_ST_text"/>
         </source>
         <target>
            <linkpointer kind="h3s" xmlPath="EncounterEvent.reason00.observationDx.value.displayName"/>
         </target>
      </link>
      <link>
         <source>
            <linkpointer kind="scs" xmlPath="ADT_A03.DG1.DG13_CE_DIAGNOSIS_CODE_DG1.C1_ST_identifier"/>
         </source>
         <target>
            <linkpointer kind="h3s" xmlPath="EncounterEvent.reason00.observationDx.value.code"/>
         </target>
      </link>
      <link>
         <source>
            <linkpointer kind="scs" xmlPath="ADT_A03.DG1.DG116_XCN_DIAGNOSING_CLINICIAN.C1_ST_ID_number"/>
         </source>
         <target>
            <linkpointer kind="h3s"
                         xmlPath="EncounterEvent.reason00.observationDx.author00.assignedEntity.id00.extension"/>
         </target>
      </link>
      <link>
         <source>
            <linkpointer kind="function" xmlPath="function.42.outputs.0"/>
         </source>
         <target>
            <linkpointer kind="h3s"
                         xmlPath="EncounterEvent.reason00.observationDx.author00.assignedEntity.id00.root"/>
         </target>
      </link>
      <link>
         <source>
            <linkpointer kind="scs" xmlPath="ADT_A03.PR1.PR11_SI_SET_ID_PR1.Set_ID_PR1"/>
         </source>
         <target>
            <linkpointer kind="h3s" xmlPath="EncounterEvent.reason01.priorityNumber.value"/>
         </target>
      </link>
      <link>
         <source>
            <linkpointer kind="scs" xmlPath="ADT_A03.PR1"/>
         </source>
         <target>
            <linkpointer kind="h3s" xmlPath="EncounterEvent.reason01"/>
         </target>
      </link>
      <link>
         <source>
            <linkpointer kind="function" xmlPath="function.36.outputs.0"/>
         </source>
         <target>
            <linkpointer kind="h3s" xmlPath="EncounterEvent.reason01.observationDx.code.codeSystem"/>
         </target>
      </link>
      <link>
         <source>
            <linkpointer kind="function" xmlPath="function.37.outputs.0"/>
         </source>
         <target>
            <linkpointer kind="h3s" xmlPath="EncounterEvent.reason01.observationDx.code.code"/>
         </target>
      </link>
      <link>
         <source>
            <linkpointer kind="function" xmlPath="function.38.outputs.0"/>
         </source>
         <target>
            <linkpointer kind="h3s" xmlPath="EncounterEvent.reason01.observationDx.statusCode.code"/>
         </target>
      </link>
      <link>
         <source>
            <linkpointer kind="scs"
                         xmlPath="ADT_A03.PR1.PR15_TS_PROCEDURE_DATE_TIME.Procedure_Date_Time"/>
         </source>
         <target>
            <linkpointer kind="h3s" xmlPath="EncounterEvent.reason01.observationDx.effectiveTime.value"/>
         </target>
      </link>
      <link>
         <source>
            <linkpointer kind="function" xmlPath="function.41.outputs.0"/>
         </source>
         <target>
            <linkpointer kind="h3s" xmlPath="EncounterEvent.reason01.observationDx.value.codeSystem"/>
         </target>
      </link>
      <link>
         <source>
            <linkpointer kind="scs"
                         xmlPath="ADT_A03.PR1.PR13_CE_PROCEDURE_CODE.C3_IS_name_of_coding_system"/>
         </source>
         <target>
            <linkpointer kind="function" xmlPath="function.41.inputs.0"/>
         </target>
      </link>
      <link>
         <source>
            <linkpointer kind="function" xmlPath="function.40.outputs.0"/>
         </source>
         <target>
            <linkpointer kind="h3s" xmlPath="EncounterEvent.reason01.observationDx.value.codeSystemName"/>
         </target>
      </link>
      <link>
         <source>
            <linkpointer kind="scs"
                         xmlPath="ADT_A03.PR1.PR13_CE_PROCEDURE_CODE.C3_IS_name_of_coding_system"/>
         </source>
         <target>
            <linkpointer kind="function" xmlPath="function.40.inputs.0"/>
         </target>
      </link>
      <link>
         <source>
            <linkpointer kind="scs" xmlPath="ADT_A03.PR1.PR13_CE_PROCEDURE_CODE.C1_ST_identifier"/>
         </source>
         <target>
            <linkpointer kind="h3s" xmlPath="EncounterEvent.reason01.observationDx.value.code"/>
         </target>
      </link>
      <link>
         <source>
            <linkpointer kind="scs"
                         xmlPath="ADT_A03.PR1.PR112_XCN_PROCEDURE_PRACTITIONER.C1_ST_ID_number"/>
         </source>
         <target>
            <linkpointer kind="h3s"
                         xmlPath="EncounterEvent.reason01.observationDx.author00.assignedEntity.id00.extension"/>
         </target>
      </link>
      <link>
         <source>
            <linkpointer kind="function" xmlPath="function.39.outputs.0"/>
         </source>
         <target>
            <linkpointer kind="h3s"
                         xmlPath="EncounterEvent.reason01.observationDx.author00.assignedEntity.id00.root"/>
         </target>
      </link>
      <link>
         <source>
            <linkpointer kind="function" xmlPath="function.43.outputs.0"/>
         </source>
         <target>
            <linkpointer kind="h3s"
                         xmlPath="EncounterEvent.subject.patient00.patientPerson.administrativeGenderCode.code"/>
         </target>
      </link>
      <link>
         <source>
            <linkpointer kind="scs" xmlPath="ADT_A03.PID.PID8_IS_ADMINISTRATIVE_SEX.Administrative_Sex"/>
         </source>
         <target>
            <linkpointer kind="function" xmlPath="function.43.inputs.0"/>
         </target>
      </link>
   </links>
   <views>
      <view component-id="source.scs.0" height="0" width="0" x="0" y="0"/>
      <view component-id="target.h3s.copyrightYears_.0" height="0" width="0" x="0" y="0"/>
      <view component-id="function.17" height="43" width="109" x="144" y="408"/>
      <view component-id="function.18" height="43" width="109" x="144" y="168"/>
      <view component-id="function.19" height="43" width="109" x="144" y="72"/>
      <view component-id="function.20" height="43" width="109" x="144" y="120"/>
      <view component-id="function.21" height="43" width="109" x="30" y="120"/>
      <view component-id="function.22" height="43" width="109" x="30" y="312"/>
      <view component-id="function.23" height="43" width="109" x="144" y="360"/>
      <view component-id="function.24" height="43" width="109" x="30" y="24"/>
      <view component-id="function.25" height="43" width="109" x="30" y="456"/>
      <view component-id="function.26" height="43" width="109" x="30" y="168"/>
      <view component-id="function.27" height="43" width="109" x="30" y="72"/>
      <view component-id="function.28" height="43" width="109" x="30" y="264"/>
      <view component-id="function.29" height="43" width="109" x="30" y="408"/>
      <view component-id="function.30" height="43" width="109" x="144" y="24"/>
      <view component-id="function.31" height="43" width="109" x="30" y="216"/>
      <view component-id="function.32" height="43" width="109" x="144" y="312"/>
      <view component-id="function.33" height="43" width="109" x="144" y="216"/>
      <view component-id="function.34" height="43" width="109" x="144" y="264"/>
      <view component-id="function.35" height="43" width="109" x="30" y="360"/>
      <view component-id="function.36" height="43" width="109" x="30" y="504"/>
      <view component-id="function.37" height="43" width="109" x="144" y="504"/>
      <view component-id="function.38" height="43" width="109" x="30" y="552"/>
      <view component-id="function.39" height="43" width="109" x="150" y="600"/>
      <view component-id="function.40" height="43" width="109" x="30" y="600"/>
      <view component-id="function.41" height="43" width="109" x="150" y="552"/>
      <view component-id="function.42" height="43" width="109" x="144" y="456"/>
      <view component-id="function.43" height="43" width="109" x="30" y="648"/>
   </views>
</mapping>