<?xml version="1.0" encoding="UTF-8" standalone="yes"?>
<mapping xmlns:ns2="http://cmts.cbiit.nci.nih.gov/core">
    <components>
        <component location="workingspace\Hl7v2ToXml\hl7v2xsd\2.4\ADT_A03.xsd" kind="xml" type="source" id="0">
            <rootElement isChosen="false" isChoice="false" type="ADT_A03.CONTENT" nameSpace="urn:hl7-org:v2xml" name="ADT_A03"/>
        </component>
        <component location="workingspace\Hl7v2ToXml\printorder.xsd" kind="xml" type="target" id="1">
            <rootElement isChosen="false" isChoice="false" type="printordertype" name="printorder"/>
        </component>
    </components>
    <links>
        <link>
            <source id="/ADT_A03" componentid="0"/>
            <target id="/printorder" componentid="1"/>
        </link>
        <link>
            <source id="/ADT_A03/MSH/MSH.3/HD.1" componentid="0"/>
            <target id="/printorder/@orderid" componentid="1"/>
        </link>
        <link>
            <source id="/ADT_A03/MSH/MSH.4" componentid="0"/>
            <target id="/printorder/address" componentid="1"/>
        </link>
        <link>
            <source id="/ADT_A03/MSH/MSH.4/HD.1" componentid="0"/>
            <target id="/printorder/address/name" componentid="1"/>
        </link>
        <link>
            <source id="/ADT_A03/MSH/MSH.4/HD.2" componentid="0"/>
            <target id="/printorder/address/street" componentid="1"/>
        </link>
    </links>
    <tags/>
    <views/>
</mapping>
