<?xml version="1.0" encoding="UTF-8"?>
<map xmlns:xsi="http://www.w3.org/2001/XMLSchema-instance" messageId="PORR_MT040002" source="C:\Projects\hl7sdk\map\himss\040002Data.csv" type="csv" xsi:type="map">
   <clone clonename="SubstanceAdministrationEvent" source=".\map\himss\040002Default.csv" type="csv">
      <attribute name="classCode"/>
      <attribute name="moodCode"/>
      <attribute name="code">
         <datatypeField col="1" default="true" name="code"/>
         <datatypeField col="2" default="true" name="codeSystem"/>
         <datatypeField col="3" default="true" name="codeSystemName"/>
         <datatypeField col="4" default="true" name="codeSystemVersion"/>
         <datatypeField col="5" default="true" name="displayName"/>
      </attribute>
      <attribute name="text"/>
      <attribute name="effectiveTime">
         <datatypeField col="18" name="value" source="C:\Projects\hl7sdk\map\himss\040002Data.csv"/>
      </attribute>
      <attribute name="routeCode">
         <datatypeField col="22" name="code" source="C:\Projects\hl7sdk\map\himss\040002Data.csv"/>
         <datatypeField col="6" default="true" name="codeSystem"/>
      </attribute>
      <attribute name="doseQuantity">
         <datatypeField col="20" name="value" source="C:\Projects\hl7sdk\map\himss\040002Data.csv"/>
         <datatypeField col="21" name="unit" source="C:\Projects\hl7sdk\map\himss\040002Data.csv"/>
      </attribute>
   </clone>
   <clone clonename="SubstanceAdministrationEvent.directTarget" source=".\map\himss\040002Default.csv" type="csv">
      <attribute name="typeCode"/>
      <attribute name="contextControlCode">
         <datatypeField col="7" default="true" name="code"/>
      </attribute>
   </clone>
   <clone clonename="SubstanceAdministrationEvent.directTarget.manufacturedProduct" source=".\map\himss\040002Default.csv" type="csv">
      <attribute name="classCode"/>
      <attribute name="code">
         <datatypeField col="17" name="code" source="C:\Projects\hl7sdk\map\himss\040002Data.csv"/>
         <datatypeField col="8" default="true" name="codeSystem"/>
      </attribute>
   </clone>
   <clone clonename="SubstanceAdministrationEvent.directTarget.manufacturedProduct.manufacturedDrugInstance" source=".\map\himss\040002Default.csv" type="csv">
      <attribute name="classCode"/>
      <attribute name="determinerCode"/>
      <attribute name="code">
         <datatypeField col="9" default="true" name="code"/>
         <datatypeField col="10" default="true" name="codeSystem"/>
         <datatypeField col="11" default="true" name="codeSystemName"/>
         <datatypeField col="12" default="true" name="codeSystemVersion"/>
         <datatypeField col="13" default="true" name="displayName"/>
      </attribute>
      <attribute name="name">
         <datatypeField col="16" name="inlineText" source="C:\Projects\hl7sdk\map\himss\040002Data.csv"/>
         <datatypeField col="14" default="true" name="use"/>
      </attribute>
      <attribute name="name">
         <datatypeField col="15" default="true" name="inlineText"/>
         <datatypeField col="16" default="true" name="use"/>
      </attribute>
      <attribute name="lotNumberText">
         <datatypeField col="23" name="inlineText" source="C:\Projects\hl7sdk\map\himss\040002Data.csv"/>
      </attribute>
      <attribute name="expirationTime">
         <attribute name="high">
            <datatypeField col="17" default="true" name="value"/>
         </attribute>
         <datatypeField col="18" default="true" name="highClosed"/>
      </attribute>
   </clone>
   <clone clonename="SubstanceAdministrationEvent.directTarget.manufacturedProduct.manufacturerManufacturingSite" source=".\map\himss\040002Default.csv" type="csv">
      <attribute name="classCode"/>
      <attribute name="determinerCode"/>
      <attribute name="code">
         <datatypeField col="19" default="true" name="code"/>
         <datatypeField col="20" default="true" name="codeSystem"/>
         <datatypeField col="21" default="true" name="codeSystemName"/>
         <datatypeField col="22" default="true" name="codeSystemVersion"/>
         <datatypeField col="23" default="true" name="displayName"/>
      </attribute>
      <attribute name="name">
         <datatypeField col="24" default="true" name="inlineText"/>
         <datatypeField col="25" default="true" name="use"/>
      </attribute>
      <attribute name="addr"/>
   </clone>
   <clone clonename="SubstanceAdministrationEvent.pertinentInformation1" source=".\map\himss\040002Default.csv" type="csv">
      <attribute name="typeCode"/>
      <attribute name="contextControlCode">
         <datatypeField col="26" default="true" name="code"/>
      </attribute>
      <attribute name="contextConductionInd">
         <datatypeField col="27" default="true" name="value"/>
      </attribute>
   </clone>
   <clone clonename="SubstanceAdministrationEvent.pertinentInformation1.pertinentObservationDx" source=".\map\himss\040002Default.csv" type="csv">
      <attribute name="classCode"/>
      <attribute name="moodCode"/>
      <attribute name="id">
         <datatypeField col="28" default="true" name="root"/>
         <datatypeField col="29" default="true" name="extension"/>
      </attribute>
      <attribute name="code">
         <datatypeField col="30" default="true" name="code"/>
         <datatypeField col="31" default="true" name="codeSystem"/>
         <datatypeField col="32" default="true" name="displayName"/>
      </attribute>
      <attribute name="negationInd">
         <datatypeField col="33" default="true" name="value"/>
      </attribute>
      <attribute name="statusCode">
         <datatypeField col="34" default="true" name="code"/>
         <datatypeField col="35" default="true" name="codeSystem"/>
      </attribute>
      <attribute name="effectiveTime"/>
      <attribute name="value">
         <datatypeField col="36" default="true" name="code"/>
         <datatypeField col="37" default="true" name="codeSystem"/>
         <datatypeField col="38" default="true" name="displayName"/>
      </attribute>
      <attribute name="targetSiteCode">
         <datatypeField col="39" default="true" name="code"/>
         <datatypeField col="40" default="true" name="codeSystem"/>
      </attribute>
   </clone>
   <clone clonename="SubstanceAdministrationEvent.pertinentInformation1.pertinentObservationDx.author" source=".\map\himss\040002Default.csv" type="csv">
      <attribute name="typeCode"/>
      <attribute name="contextControlCode">
         <datatypeField col="41" default="true" name="code"/>
      </attribute>
   </clone>
   <clone clonename="SubstanceAdministrationEvent.pertinentInformation1.pertinentObservationDx.author.assignedEntity" source=".\map\himss\040002Default.csv" type="csv">
      <attribute name="classCode"/>
      <attribute name="id">
         <datatypeField col="42" default="true" name="root"/>
         <datatypeField col="43" default="true" name="extension"/>
      </attribute>
      <attribute name="id">
         <datatypeField col="44" default="true" name="root"/>
         <datatypeField col="45" default="true" name="extension"/>
      </attribute>
      <attribute name="code">
         <datatypeField col="46" default="true" name="code"/>
         <datatypeField col="47" default="true" name="codeSystem"/>
         <datatypeField col="48" default="true" name="displayName"/>
      </attribute>
   </clone>
   <clone clonename="SubstanceAdministrationEvent.pertinentInformation2" source=".\map\himss\040002Default.csv" type="csv">
      <attribute name="typeCode"/>
      <attribute name="contextControlCode">
         <datatypeField col="49" default="true" name="code"/>
      </attribute>
      <attribute name="contextConductionInd">
         <datatypeField col="50" default="true" name="value"/>
      </attribute>
   </clone>
   <clone clonename="SubstanceAdministrationEvent.pertinentInformation2.pertinentActionTaken" source=".\map\himss\040002Default.csv" type="csv">
      <attribute name="classCode"/>
      <attribute name="moodCode"/>
      <attribute name="code">
         <datatypeField col="51" default="true" name="code"/>
         <datatypeField col="52" default="true" name="codeSystem"/>
         <datatypeField col="53" default="true" name="displayName"/>
      </attribute>
      <attribute name="value">
         <datatypeField col="15" name="code" source="C:\Projects\hl7sdk\map\himss\040002Data.csv"/>
         <datatypeField col="54" default="true" name="codeSystem"/>
      </attribute>
   </clone>
</map>