<?xml version="1.0" encoding="UTF-8" standalone="yes"?>
<mapping xmlns:ns2="http://cmts.cbiit.nci.nih.gov/core">
    <components>
        <component location="scs_xsd.xsd" kind="xml" type="source" id="0">
            <rootElement isSimple="false" isRecursive="false" isEnabled="false" isChosen="false" isChoice="false" type="BAER_type" name="BAER" idSpec="X-path" id="/BAER">
                <ativated>true</ativated>
            </rootElement>
        </component>
        <component location="..\hl7v3\multicacheschemas\PORR_MT049006UV01_demo.xsd" kind="xml" type="target" id="1">
            <rootElement isSimple="false" isRecursive="false" isEnabled="false" isChosen="false" isChoice="false" nameSpace="urn:hl7-org:v3" name="PORR_MT049006UV01.InvestigationEvent" idSpec="X-path" id="/PORR_MT049006UV01.InvestigationEvent">
                <ativated>true</ativated>
            </rootElement>
        </component>
        <component type="function" id="1317014908265">
            <function method="retrieveValue" class="gov.nih.nci.cbiit.cmts.function.ConstantFunction" group="constant" name="constant">
                <data input="false" type="String" value="2.16.840.1.113883.3.965" name="constant"/>
            </function>
        </component>
        <component type="function" id="1317015118390">
            <function method="retrieveValue" class="gov.nih.nci.cbiit.cmts.function.ConstantFunction" group="constant" name="constant">
                <data input="false" type="String" value="New" name="constant"/>
            </function>
        </component>
        <component type="function" id="1317139420843">
            <function method="concatenate" class="gov.nih.nci.cbiit.cmts.function.StringFunction" group="string" name="concatenate">
                <data input="true" type="string" value="" name="string1"/>
                <data input="true" type="string" value="" name="string2"/>
                <data input="false" type="string" name="result"/>
            </function>
        </component>
    </components>
    <links>
        <link>
            <source id="/BAER/REPORT_INFORMATION/REPORT_IDENTIFYING_INFORMATION/aer__case_report_id_str" componentid="0"/>
            <target id="/PORR_MT049006UV01.InvestigationEvent/id/@extension" componentid="1"/>
        </link>
        <link>
            <source id="/PORR_MT049006UV01.InvestigationEvent/id[1]/@root" componentid="1"/>
            <target id="constant" componentid="1317014908265"/>
        </link>
        <link>
            <source id="/BAER/REPORT_INFORMATION/REPORT_IDENTIFYING_INFORMATION/aer__icsr_number" componentid="0"/>
            <target id="/PORR_MT049006UV01.InvestigationEvent/id[1]/@extension" componentid="1"/>
        </link>
        <link>
            <source id="/BAER/REPORT_INFORMATION/REPORT_IDENTIFYING_INFORMATION/aer__report_type_cd_code" componentid="0"/>
            <target id="/PORR_MT049006UV01.InvestigationEvent/code/@code" componentid="1"/>
        </link>
        <link>
            <source id="/BAER/REPORT_INFORMATION/REPORT_IDENTIFYING_INFORMATION/aer__report_type_cd_valueset" componentid="0"/>
            <target id="/PORR_MT049006UV01.InvestigationEvent/code/@codeSystem" componentid="1"/>
        </link>
        <link>
            <source id="/BAER/REPORT_INFORMATION/REPORT_IDENTIFYING_INFORMATION/aer__report_type_cd" componentid="0"/>
            <target id="/PORR_MT049006UV01.InvestigationEvent/code/@displayName" componentid="1"/>
        </link>
        <link>
            <source id="/PORR_MT049006UV01.InvestigationEvent/statusCode/@code" componentid="1"/>
            <target id="constant" componentid="1317015118390"/>
        </link>
        <link>
            <source id="/BAER/REPORT_INFORMATION/REPORT_IDENTIFYING_INFORMATION/aer__aer_dt" componentid="0"/>
            <target id="/PORR_MT049006UV01.InvestigationEvent/activityTime/@value" componentid="1"/>
        </link>
        <link>
            <source id="/BAER/RELEVANT_PRODUCTS/PRODUCT_INFORMATION/ae_product__product_cd" componentid="0"/>
            <target id="/PORR_MT049006UV01.InvestigationEvent/subject/investigativeSubject/subjectOf/&lt;choice&gt;/&lt;choice&gt;/substanceAdministration/consumable/&lt;choice&gt;/administerableMaterial/administerableMaterialKind/code/@code" componentid="1"/>
        </link>
        <link>
            <source id="/BAER/RELEVANT_PRODUCTS/PRODUCT_INFORMATION/ae_product__product_name" componentid="0"/>
            <target id="/PORR_MT049006UV01.InvestigationEvent/subject/investigativeSubject/subjectOf/&lt;choice&gt;/&lt;choice&gt;/substanceAdministration/consumable/&lt;choice&gt;/administerableMaterial/administerableMaterialKind/code/@displayName" componentid="1"/>
        </link>
        <link>
            <source id="/BAER/RELEVANT_PRODUCTS/PRODUCT_INFORMATION/ae_product__product_name" componentid="0"/>
            <target id="/PORR_MT049006UV01.InvestigationEvent/subject/investigativeSubject/subjectOf/&lt;choice&gt;/&lt;choice&gt;/substanceAdministration/consumable/&lt;choice&gt;/administerableMaterial/administerableMaterialKind/code/originalText" componentid="1"/>
        </link>
        <link>
            <source id="/BAER/REPORT_INFORMATION/PRODUCT_ADULTERATION_AND_DISPOSITION/PRODUCT_ADULTERATION_AND_DISPOSITION_DETAILS/adulteration__adulteration_cd_code" componentid="0"/>
            <target id="/PORR_MT049006UV01.InvestigationEvent/subject/investigativeSubject/subjectOf/&lt;choice&gt;/&lt;choice&gt;/substanceAdministration/consumable/&lt;choice&gt;/administerableMaterial/administerableMaterialKind/materialPart/partMaterialKind/code/@code" componentid="1"/>
        </link>
        <link>
            <source id="/BAER/REPORT_INFORMATION/PRODUCT_ADULTERATION_AND_DISPOSITION/PRODUCT_ADULTERATION_AND_DISPOSITION_DETAILS/adulteration__adulteration_cd_valueset" componentid="0"/>
            <target id="/PORR_MT049006UV01.InvestigationEvent/subject/investigativeSubject/subjectOf/&lt;choice&gt;/&lt;choice&gt;/substanceAdministration/consumable/&lt;choice&gt;/administerableMaterial/administerableMaterialKind/materialPart/partMaterialKind/code/@codeSystem" componentid="1"/>
        </link>
        <link>
            <source id="/BAER/REPORT_INFORMATION/PRODUCT_ADULTERATION_AND_DISPOSITION/PRODUCT_ADULTERATION_AND_DISPOSITION_DETAILS/adulteration__adulteration_cd" componentid="0"/>
            <target id="/PORR_MT049006UV01.InvestigationEvent/subject/investigativeSubject/subjectOf/&lt;choice&gt;/&lt;choice&gt;/substanceAdministration/consumable/&lt;choice&gt;/administerableMaterial/administerableMaterialKind/materialPart/partMaterialKind/code/@displayName" componentid="1"/>
        </link>
        <link>
            <source id="/BAER/aer__profile_id_valueset" componentid="0"/>
            <target id="/PORR_MT049006UV01.InvestigationEvent/id/@root" componentid="1"/>
        </link>
        <link>
            <source id="/BAER/aer__sender" componentid="0"/>
            <target id="/PORR_MT049006UV01.InvestigationEvent/id/@assigningAuthorityName" componentid="1"/>
        </link>
        <link>
            <source id="/BAER/REPORT_INFORMATION/client__ip" componentid="0"/>
            <target id="string1" componentid="1317139420843"/>
        </link>
        <link>
            <source id="/BAER/REPORT_INFORMATION/client__agent" componentid="0"/>
            <target id="string2" componentid="1317139420843"/>
        </link>
        <link>
            <source id="/PORR_MT049006UV01.InvestigationEvent/text" componentid="1"/>
            <target id="result" componentid="1317139420843"/>
        </link>
        <link>
            <source id="/BAER/aer__sender" componentid="0"/>
            <target id="/PORR_MT049006UV01.InvestigationEvent/senderName" componentid="1"/>
        </link>
        <link>
            <source id="/BAER/REPORT_INFORMATION/PRODUCT_ADULTERATION_AND_DISPOSITION/PRODUCT_ADULTERATION_AND_DISPOSITION_DETAILS/adulteration__adulteration_description" componentid="0"/>
            <target id="/PORR_MT049006UV01.InvestigationEvent/subject/investigativeSubject/subjectOf/&lt;choice&gt;/&lt;choice&gt;/substanceAdministration/consumable/&lt;choice&gt;/administerableMaterial/administerableMaterialKind/materialPart/partMaterialKind/desc" componentid="1"/>
        </link>
        <link>
            <source id="/BAER/REPORT_INFORMATION/PRODUCT_ADULTERATION_AND_DISPOSITION/PRODUCT_ADULTERATION_AND_DISPOSITION_DETAILS/adulteration__animal_ae_description" componentid="0"/>
            <target id="/PORR_MT049006UV01.InvestigationEvent/subject/investigativeSubject/subjectOf/&lt;choice&gt;/&lt;choice&gt;/substanceAdministration/consumable/&lt;choice&gt;/administerableMaterial/administerableMaterialKind/desc" componentid="1"/>
        </link>
    </links>
    <tags>
        <tag value="1" key="/PORR_MT049006UV01.InvestigationEvent/id" kind="clone" componentType="target"/>
        <tag value="1" key="/PORR_MT049006UV01.InvestigationEvent/subject/investigativeSubject/subjectOf" kind="clone" componentType="target"/>
        <tag value="true" key="/PORR_MT049006UV01.InvestigationEvent/subject/investigativeSubject/subjectOf/&lt;choice&gt;/&lt;choice&gt;" kind="choice" componentType="target"/>
        <tag value="true" key="/PORR_MT049006UV01.InvestigationEvent/subject/investigativeSubject/subjectOf/&lt;choice&gt;/&lt;choice&gt;/substanceAdministration" kind="choice" componentType="target"/>
        <tag value="true" key="/PORR_MT049006UV01.InvestigationEvent/subject/investigativeSubject/subjectOf/&lt;choice&gt;/&lt;choice&gt;/substanceAdministration/consumable/&lt;choice&gt;/administerableMaterial" kind="choice" componentType="target"/>
        <tag value="true" key="/PORR_MT049006UV01.InvestigationEvent/subject/investigativeSubject/subjectOf[1]/&lt;choice&gt;/&lt;choice&gt;" kind="choice" componentType="target"/>
        <tag value="true" key="/PORR_MT049006UV01.InvestigationEvent/subject/investigativeSubject/subjectOf[1]/&lt;choice&gt;/&lt;choice&gt;/substanceAdministration" kind="choice" componentType="target"/>
        <tag value="true" key="/PORR_MT049006UV01.InvestigationEvent/subject/investigativeSubject/subjectOf[1]/&lt;choice&gt;/&lt;choice&gt;/substanceAdministration/consumable/&lt;choice&gt;/administerableMaterial" kind="choice" componentType="target"/>
    </tags>
    <views>
        <view width="100" hight="50" y="68" x="141" componentid="1317014908265"/>
        <view width="100" hight="50" y="103" x="59" componentid="1317015118390"/>
        <view width="140" hight="68" y="176" x="150" componentid="1317139420843"/>
    </views>
</mapping>
