<?xml version="1.0" encoding="UTF-8" standalone="yes"?>
<mapping xmlns:ns2="http://cmts.cbiit.nci.nih.gov/core">
    <components>
        <component id="0" type="source" kind="xml" location="shiporder_multi_destination.xsd">
            <rootElement isChoice="false" isChosen="false" isEnabled="false" isRecursive="false" isSimple="false" idSpec="X-path" name="shiporder" type="shipordertype">
                <ativated>true</ativated>
            </rootElement>
        </component>
        <component id="1" type="target" kind="xml" location="printorder_multi_destination.xsd">
            <rootElement isChoice="false" isChosen="false" isEnabled="false" isRecursive="false" isSimple="false" idSpec="X-path" name="printorder" type="printordertype">
                <ativated>true</ativated>
            </rootElement>
        </component>
        <component id="1322582932160" type="function">
            <function name="constant" group="constant" class="gov.nih.nci.cbiit.cmts.function.ConstantFunction" method="retrieveValue">
                <data name="constant" value="1000" type="Integer" input="false"/>
            </function>
        </component>
        <component id="1322582945643" type="function">
            <function name="multiplication" group="math" class="gov.nih.nci.cbiit.cmts.function.MathFunction" method="multiplication">
                <data name="factor1" type="double" input="true"/>
                <data name="factor2" type="double" input="true"/>
                <data name="product" type="double" input="false"/>
            </function>
        </component>
    </components>
    <links>
        <link>
            <source componentid="0" id="/shiporder/@orderid"/>
            <target componentid="1" id="/printorder/@orderid"/>
        </link>
        <link>
            <source componentid="0" id="/shiporder/orderperson"/>
            <target componentid="1" id="/printorder/buyer"/>
        </link>
        <link>
            <source componentid="0" id="/shiporder/item/title"/>
            <target componentid="1" id="/printorder/item/name"/>
        </link>
        <link>
            <source componentid="0" id="/shiporder/item/note"/>
            <target componentid="1" id="/printorder/item/description"/>
        </link>
        <link>
            <source componentid="0" id="/shiporder/item/quantity"/>
            <target componentid="1" id="/printorder/item/quantity"/>
        </link>
        <link>
            <source componentid="1322582932160" id="constant"/>
            <target componentid="1322582945643" id="factor2"/>
        </link>
        <link>
            <source componentid="0" id="/shiporder/item/price"/>
            <target componentid="1322582945643" id="factor1"/>
        </link>
        <link>
            <source componentid="1" id="/printorder/item/price"/>
            <target componentid="1322582945643" id="product"/>
        </link>
        <link>
            <source componentid="0" id="/shiporder/shipto"/>
            <target componentid="1" id="/printorder/addressee"/>
        </link>
        <link>
            <source componentid="0" id="/shiporder/shipto/name/firstname"/>
            <target componentid="1" id="/printorder/addressee/name/given_name"/>
        </link>
        <link>
            <source componentid="0" id="/shiporder/shipto/name/lastname"/>
            <target componentid="1" id="/printorder/addressee/name/family_name"/>
        </link>
        <link>
            <source componentid="0" id="/shiporder/shipto/address"/>
            <target componentid="1" id="/printorder/addressee/street"/>
        </link>
        <link>
            <source componentid="0" id="/shiporder/shipto/city"/>
            <target componentid="1" id="/printorder/addressee/city"/>
        </link>
        <link>
            <source componentid="0" id="/shiporder/shipto/country"/>
            <target componentid="1" id="/printorder/addressee/country"/>
        </link>
    </links>
    <tags/>
    <views>
        <view componentid="1322582932160" x="37" y="170" hight="50" width="100"/>
        <view componentid="1322582945643" x="114" y="137" hight="68" width="140"/>
    </views>
</mapping>
