<?xml version="1.0" encoding="UTF-8" ?>
<mapping>
  <components>
  	<component kind="SCS" location="D:\Projects\caadapter\workingspace\RDS_Example\test.scs"/>
  	<component kind="XML" location="D:\Projects\caadapter\workingspace\RDS_Example\define.xml"/>
  </components>
  <link>
  	<source>\Source Tree\ORGS  [1..1]\ORGID\1 : Root</source>
  	<target>\#document\ODM\Study\MetaDataVersion\ItemGroupDef\DM.SUBJID</target>
  </link>
  <link>
  	<source>\Source Tree\ORGS  [1..1]\PERSAD\1 : Street_1</source>
  	<target>\#document\ODM\Study\MetaDataVersion\ItemGroupDef\DM.ARMCD</target>
  </link>
  <link>
  	<source>\Source Tree\ORGS  [1..1]\ORGAD\1 : Street_1</source>
  	<target>\#document\ODM\Study\MetaDataVersion\ItemGroupDef\TE.ETCD</target>
  </link>
  <link>
  	<source>\Source Tree\ORGS  [1..1]\ORGAD\4 : State</source>
  	<target>\#document\ODM\Study\MetaDataVersion\ItemGroupDef\DM.SITEID</target>
  </link>
  <link>
  	<source>\Source Tree\ORGS  [1..1]\PERSAD\4 : State</source>
  	<target>\#document\ODM\Study\MetaDataVersion\ItemGroupDef\TE.TEENRL</target>
  </link>
  <link>
  	<source>\Source Tree\ORGS  [1..1]\PERSNM\1 : First_Name</source>
  	<target>\#document\ODM\Study\MetaDataVersion\ItemGroupDef\DM.AGE</target>
  </link>
  <link>
  	<source>\Source Tree\ORGS  [1..1]\PERSNM\3 : Middle_Initial</source>
  	<target>\#document\ODM\Study\MetaDataVersion\ItemGroupDef\TE.TESTRL</target>
  </link>
  <link>
  	<source>\Source Tree\ORGS  [1..1]\ORGID\2 : Extension</source>
  	<target>\#document\ODM\Study\MetaDataVersion\ItemGroupDef\DM.RFSTDTC</target>
  </link>
  <link>
  	<source>\Source Tree\ORGS  [1..1]\PERSAD\2 : Street_2</source>
  	<target>\#document\ODM\Study\MetaDataVersion\ItemGroupDef\TE.STUDYID</target>
  </link>
  <link>
  	<source>\Source Tree\ORGS  [1..1]\1 : ORG_CODE</source>
  	<target>\#document\ODM\Study\MetaDataVersion\ItemGroupDef\DM.STUDYID</target>
  </link>
  <link>
  	<source>\Source Tree\ORGS  [1..1]\ORGAD\3 : City</source>
  	<target>\#document\ODM\Study\MetaDataVersion\ItemGroupDef\DM.BRTHDTC</target>
  </link>
</mapping>